E:/ST/STM32/MY_workspace/Projects_F407/MY_OTA_GUI/Bootloader/Src/isotp.c:10:16:isotp_ms_to_st_min	0	static
E:/ST/STM32/MY_workspace/Projects_F407/MY_OTA_GUI/Bootloader/Src/isotp.c:22:16:isotp_st_min_to_ms	0	static
E:/ST/STM32/MY_workspace/Projects_F407/MY_OTA_GUI/Bootloader/Src/isotp.c:228:12:isotp_receive_flow_control_frame	8	static
E:/ST/STM32/MY_workspace/Projects_F407/MY_OTA_GUI/Bootloader/Src/isotp.c:147:12:isotp_receive_single_frame	16	static
E:/ST/STM32/MY_workspace/Projects_F407/MY_OTA_GUI/Bootloader/Src/isotp.c:161:12:isotp_receive_first_frame	8	static
E:/ST/STM32/MY_workspace/Projects_F407/MY_OTA_GUI/Bootloader/Src/isotp.c:60:12:isotp_send_single_frame	24	static
E:/ST/STM32/MY_workspace/Projects_F407/MY_OTA_GUI/Bootloader/Src/isotp.c:86:12:isotp_send_first_frame	16	static
E:/ST/STM32/MY_workspace/Projects_F407/MY_OTA_GUI/Bootloader/Src/isotp.c:36:12:isotp_send_flow_control	16	static
E:/ST/STM32/MY_workspace/Projects_F407/MY_OTA_GUI/Bootloader/Src/isotp.c:110:12:isotp_send_consecutive_frame	24	static
E:/ST/STM32/MY_workspace/Projects_F407/MY_OTA_GUI/Bootloader/Src/isotp.c:194:12:isotp_receive_consecutive_frame	16	static
E:/ST/STM32/MY_workspace/Projects_F407/MY_OTA_GUI/Bootloader/Src/isotp.c:246:5:isotp_send_with_id	144	static
E:/ST/STM32/MY_workspace/Projects_F407/MY_OTA_GUI/Bootloader/Src/isotp.c:242:5:isotp_send	8	static
E:/ST/STM32/MY_workspace/Projects_F407/MY_OTA_GUI/Bootloader/Src/isotp.c:323:6:isotp_on_can_message	24	static
E:/ST/STM32/MY_workspace/Projects_F407/MY_OTA_GUI/Bootloader/Src/isotp.c:471:5:isotp_receive	16	static
E:/ST/STM32/MY_workspace/Projects_F407/MY_OTA_GUI/Bootloader/Src/isotp.c:491:6:isotp_init_link	24	static
E:/ST/STM32/MY_workspace/Projects_F407/MY_OTA_GUI/Bootloader/Src/isotp.c:504:6:isotp_poll	16	static
E:/ST/STM32/MY_workspace/Projects_F407/MY_OTA_GUI/Bootloader/Src/isotp.c:294:5:isotp_blocking_send	24	static
