E:/ST/STM32/MY_workspace/Projects_F407/MY_OTA_GUI/Bootloader/Src/main.c:206:13:SystemClock_Config	104	static
E:/ST/STM32/MY_workspace/Projects_F407/MY_OTA_GUI/Bootloader/Src/main.c:236:13:PrintBootInfo	24	static
E:/ST/STM32/MY_workspace/Projects_F407/MY_OTA_GUI/Bootloader/Src/main.c:186:6:SysTick_Handler	8	static
E:/ST/STM32/MY_workspace/Projects_F407/MY_OTA_GUI/Bootloader/Src/main.c:194:6:Error_Handler	0	static,ignoring_inline_asm
E:/ST/STM32/MY_workspace/Projects_F407/MY_OTA_GUI/Bootloader/Src/main.c:46:5:main	24	static
