E:/ST/STM32/MY_workspace/Projects_F407/MY_OTA_GUI/Bootloader/Src/main.c:177:13:SystemClock_Config	104	static
E:/ST/STM32/MY_workspace/Projects_F407/MY_OTA_GUI/Bootloader/Src/main.c:207:13:PrintBootInfo	24	static
E:/ST/STM32/MY_workspace/Projects_F407/MY_OTA_GUI/Bootloader/Src/main.c:157:6:SysTick_Handler	8	static
E:/ST/STM32/MY_workspace/Projects_F407/MY_OTA_GUI/Bootloader/Src/main.c:165:6:Error_Handler	0	static,ignoring_inline_asm
E:/ST/STM32/MY_workspace/Projects_F407/MY_OTA_GUI/Bootloader/Src/main.c:45:5:main	24	static
