E:/ST/STM32/MY_workspace/Projects_F407/MY_OTA_GUI/lvgl-8.3.0/src/hal/lv_hal_indev.c:57:6:lv_indev_drv_init	8	static
E:/ST/STM32/MY_workspace/Projects_F407/MY_OTA_GUI/lvgl-8.3.0/src/hal/lv_hal_indev.c:76:14:lv_indev_drv_register	24	static
E:/ST/STM32/MY_workspace/Projects_F407/MY_OTA_GUI/lvgl-8.3.0/src/hal/lv_hal_indev.c:106:6:lv_indev_drv_update	24	static
E:/ST/STM32/MY_workspace/Projects_F407/MY_OTA_GUI/lvgl-8.3.0/src/hal/lv_hal_indev.c:133:6:lv_indev_delete	8	static
E:/ST/STM32/MY_workspace/Projects_F407/MY_OTA_GUI/lvgl-8.3.0/src/hal/lv_hal_indev.c:152:14:lv_indev_get_next	8	static
E:/ST/STM32/MY_workspace/Projects_F407/MY_OTA_GUI/lvgl-8.3.0/src/hal/lv_hal_indev.c:165:6:_lv_indev_read	24	static
