E:/ST/STM32/MY_workspace/Projects_F407/MY_OTA_GUI/lvgl-9.5.0源码/src/osal/lv_cmsis_rtos2.c:46:13:lv_thread_init	72	static
E:/ST/STM32/MY_workspace/Projects_F407/MY_OTA_GUI/lvgl-9.5.0源码/src/osal/lv_cmsis_rtos2.c:75:13:lv_thread_delete	24	static
E:/ST/STM32/MY_workspace/Projects_F407/MY_OTA_GUI/lvgl-9.5.0源码/src/osal/lv_cmsis_rtos2.c:85:13:lv_mutex_init	40	static
E:/ST/STM32/MY_workspace/Projects_F407/MY_OTA_GUI/lvgl-9.5.0源码/src/osal/lv_cmsis_rtos2.c:102:13:lv_mutex_lock	32	static
E:/ST/STM32/MY_workspace/Projects_F407/MY_OTA_GUI/lvgl-9.5.0源码/src/osal/lv_cmsis_rtos2.c:113:13:lv_mutex_lock_isr	32	static
E:/ST/STM32/MY_workspace/Projects_F407/MY_OTA_GUI/lvgl-9.5.0源码/src/osal/lv_cmsis_rtos2.c:124:13:lv_mutex_unlock	32	static
E:/ST/STM32/MY_workspace/Projects_F407/MY_OTA_GUI/lvgl-9.5.0源码/src/osal/lv_cmsis_rtos2.c:135:13:lv_mutex_delete	32	static
E:/ST/STM32/MY_workspace/Projects_F407/MY_OTA_GUI/lvgl-9.5.0源码/src/osal/lv_cmsis_rtos2.c:146:13:lv_thread_sync_init	24	static
E:/ST/STM32/MY_workspace/Projects_F407/MY_OTA_GUI/lvgl-9.5.0源码/src/osal/lv_cmsis_rtos2.c:156:13:lv_thread_sync_wait	32	static
E:/ST/STM32/MY_workspace/Projects_F407/MY_OTA_GUI/lvgl-9.5.0源码/src/osal/lv_cmsis_rtos2.c:167:13:lv_thread_sync_signal	32	static
E:/ST/STM32/MY_workspace/Projects_F407/MY_OTA_GUI/lvgl-9.5.0源码/src/osal/lv_cmsis_rtos2.c:178:13:lv_thread_sync_signal_isr	16	static
E:/ST/STM32/MY_workspace/Projects_F407/MY_OTA_GUI/lvgl-9.5.0源码/src/osal/lv_cmsis_rtos2.c:183:13:lv_thread_sync_delete	32	static
E:/ST/STM32/MY_workspace/Projects_F407/MY_OTA_GUI/lvgl-9.5.0源码/src/osal/lv_cmsis_rtos2.c:194:10:lv_os_get_idle_percent	8	static
E:/ST/STM32/MY_workspace/Projects_F407/MY_OTA_GUI/lvgl-9.5.0源码/src/osal/lv_cmsis_rtos2.c:199:6:lv_sleep_ms	16	static
