E:/ST/STM32/MY_workspace/Projects_F407/MY_OTA_GUI/lvgl-8.3.0/src/extra/widgets/calendar/lv_calendar_header_dropdown.c:112:13:my_constructor	16	static
E:/ST/STM32/MY_workspace/Projects_F407/MY_OTA_GUI/lvgl-8.3.0/src/extra/widgets/calendar/lv_calendar_header_dropdown.c:174:13:value_changed_event_cb	16	static
E:/ST/STM32/MY_workspace/Projects_F407/MY_OTA_GUI/lvgl-8.3.0/src/extra/widgets/calendar/lv_calendar_header_dropdown.c:137:13:month_event_cb	24	static
E:/ST/STM32/MY_workspace/Projects_F407/MY_OTA_GUI/lvgl-8.3.0/src/extra/widgets/calendar/lv_calendar_header_dropdown.c:152:13:year_event_cb	24	static
E:/ST/STM32/MY_workspace/Projects_F407/MY_OTA_GUI/lvgl-8.3.0/src/extra/widgets/calendar/lv_calendar_header_dropdown.c:61:12:lv_calendar_header_dropdown_create	8	static
E:/ST/STM32/MY_workspace/Projects_F407/MY_OTA_GUI/lvgl-8.3.0/src/extra/widgets/calendar/lv_calendar_header_dropdown.c:69:6:lv_calendar_header_dropdown_set_year_list	24	static
