E:/ST/STM32/MY_workspace/Projects_F407/MY_OTA_GUI/lvgl-9.3.0/src/tick/lv_tick.c:38:28:lv_tick_inc	0	static
E:/ST/STM32/MY_workspace/Projects_F407/MY_OTA_GUI/lvgl-9.3.0/src/tick/lv_tick.c:46:10:lv_tick_get	8	static
E:/ST/STM32/MY_workspace/Projects_F407/MY_OTA_GUI/lvgl-9.3.0/src/tick/lv_tick.c:67:10:lv_tick_elaps	8	static
E:/ST/STM32/MY_workspace/Projects_F407/MY_OTA_GUI/lvgl-9.3.0/src/tick/lv_tick.c:83:6:lv_delay_ms	24	static
E:/ST/STM32/MY_workspace/Projects_F407/MY_OTA_GUI/lvgl-9.3.0/src/tick/lv_tick.c:101:6:lv_tick_set_cb	0	static
E:/ST/STM32/MY_workspace/Projects_F407/MY_OTA_GUI/lvgl-9.3.0/src/tick/lv_tick.c:106:6:lv_delay_set_cb	0	static
