E:/ST/STM32/MY_workspace/Projects_F407/MY_OTA_GUI/lvgl-9.3.0/src/widgets/span/../../misc/lv_text_private.h:111:20:lv_text_is_a_word	0	static
E:/ST/STM32/MY_workspace/Projects_F407/MY_OTA_GUI/lvgl-9.3.0/src/widgets/span/lv_span.c:819:17:lv_get_snippet_count	0	static
E:/ST/STM32/MY_workspace/Projects_F407/MY_OTA_GUI/lvgl-9.3.0/src/widgets/span/lv_span.c:824:23:lv_get_snippet	0	static
E:/ST/STM32/MY_workspace/Projects_F407/MY_OTA_GUI/lvgl-9.3.0/src/widgets/span/lv_span.c:829:13:lv_snippet_clear	0	static
E:/ST/STM32/MY_workspace/Projects_F407/MY_OTA_GUI/lvgl-9.3.0/src/widgets/span/lv_span.c:848:16:lv_span_get_style_text_letter_space	16	static
E:/ST/STM32/MY_workspace/Projects_F407/MY_OTA_GUI/lvgl-9.3.0/src/widgets/span/lv_span.c:862:19:lv_span_get_style_text_color	32	static
E:/ST/STM32/MY_workspace/Projects_F407/MY_OTA_GUI/lvgl-9.3.0/src/widgets/span/lv_span.c:872:17:lv_span_get_style_text_opa	16	static
E:/ST/STM32/MY_workspace/Projects_F407/MY_OTA_GUI/lvgl-9.3.0/src/widgets/span/lv_span.c:834:26:lv_span_get_style_text_font	16	static
E:/ST/STM32/MY_workspace/Projects_F407/MY_OTA_GUI/lvgl-9.3.0/src/widgets/span/lv_span.c:886:16:lv_span_get_style_text_decor	16	static
E:/ST/STM32/MY_workspace/Projects_F407/MY_OTA_GUI/lvgl-9.3.0/src/widgets/span/lv_span.c:807:13:lv_snippet_push	8	static
E:/ST/STM32/MY_workspace/Projects_F407/MY_OTA_GUI/lvgl-9.3.0/src/widgets/span/lv_span.c:779:13:lv_text_get_snippet	32	static
E:/ST/STM32/MY_workspace/Projects_F407/MY_OTA_GUI/lvgl-9.3.0/src/widgets/span/lv_span.c:693:13:lv_spangroup_destructor	16	static
E:/ST/STM32/MY_workspace/Projects_F407/MY_OTA_GUI/lvgl-9.3.0/src/widgets/span/lv_span.c:680:13:lv_spangroup_constructor	8	static
E:/ST/STM32/MY_workspace/Projects_F407/MY_OTA_GUI/lvgl-9.3.0/src/widgets/span/lv_span.c:1290:25:make_span_coords	96	static
E:/ST/STM32/MY_workspace/Projects_F407/MY_OTA_GUI/lvgl-9.3.0/src/widgets/span/lv_span.c:97:6:lv_span_stack_init	8	static
E:/ST/STM32/MY_workspace/Projects_F407/MY_OTA_GUI/lvgl-9.3.0/src/widgets/span/lv_span.c:106:6:lv_span_stack_deinit	8	static
E:/ST/STM32/MY_workspace/Projects_F407/MY_OTA_GUI/lvgl-9.3.0/src/widgets/span/lv_span.c:111:12:lv_spangroup_create	8	static
E:/ST/STM32/MY_workspace/Projects_F407/MY_OTA_GUI/lvgl-9.3.0/src/widgets/span/lv_span.c:168:6:lv_span_set_text	16	static
E:/ST/STM32/MY_workspace/Projects_F407/MY_OTA_GUI/lvgl-9.3.0/src/widgets/span/lv_span.c:208:6:lv_span_set_text_static	16	static
E:/ST/STM32/MY_workspace/Projects_F407/MY_OTA_GUI/lvgl-9.3.0/src/widgets/span/lv_span.c:247:6:lv_spangroup_set_align	8	static
E:/ST/STM32/MY_workspace/Projects_F407/MY_OTA_GUI/lvgl-9.3.0/src/widgets/span/lv_span.c:254:6:lv_spangroup_set_overflow	8	static
E:/ST/STM32/MY_workspace/Projects_F407/MY_OTA_GUI/lvgl-9.3.0/src/widgets/span/lv_span.c:319:14:lv_span_get_style	0	static
E:/ST/STM32/MY_workspace/Projects_F407/MY_OTA_GUI/lvgl-9.3.0/src/widgets/span/lv_span.c:324:14:lv_span_get_text	0	static
E:/ST/STM32/MY_workspace/Projects_F407/MY_OTA_GUI/lvgl-9.3.0/src/widgets/span/lv_span.c:329:13:lv_spangroup_get_child	16	static
E:/ST/STM32/MY_workspace/Projects_F407/MY_OTA_GUI/lvgl-9.3.0/src/widgets/span/lv_span.c:366:10:lv_spangroup_get_span_count	8	static
E:/ST/STM32/MY_workspace/Projects_F407/MY_OTA_GUI/lvgl-9.3.0/src/widgets/span/lv_span.c:379:17:lv_spangroup_get_align	16	static
E:/ST/STM32/MY_workspace/Projects_F407/MY_OTA_GUI/lvgl-9.3.0/src/widgets/span/lv_span.c:384:20:lv_spangroup_get_overflow	0	static
E:/ST/STM32/MY_workspace/Projects_F407/MY_OTA_GUI/lvgl-9.3.0/src/widgets/span/lv_span.c:391:9:lv_spangroup_get_indent	0	static
E:/ST/STM32/MY_workspace/Projects_F407/MY_OTA_GUI/lvgl-9.3.0/src/widgets/span/lv_span.c:398:16:lv_spangroup_get_mode	16	static
E:/ST/STM32/MY_workspace/Projects_F407/MY_OTA_GUI/lvgl-9.3.0/src/widgets/span/lv_span.c:908:16:convert_indent_pct	16	static
E:/ST/STM32/MY_workspace/Projects_F407/MY_OTA_GUI/lvgl-9.3.0/src/widgets/span/lv_span.c:931:13:lv_draw_span	344	static
E:/ST/STM32/MY_workspace/Projects_F407/MY_OTA_GUI/lvgl-9.3.0/src/widgets/span/lv_span.c:768:13:draw_main	16	static
E:/ST/STM32/MY_workspace/Projects_F407/MY_OTA_GUI/lvgl-9.3.0/src/widgets/span/lv_span.c:416:9:lv_spangroup_get_max_lines	0	static
E:/ST/STM32/MY_workspace/Projects_F407/MY_OTA_GUI/lvgl-9.3.0/src/widgets/span/lv_span.c:424:9:lv_spangroup_get_max_line_height	24	static
E:/ST/STM32/MY_workspace/Projects_F407/MY_OTA_GUI/lvgl-9.3.0/src/widgets/span/lv_span.c:442:10:lv_spangroup_get_expand_width	56	static
E:/ST/STM32/MY_workspace/Projects_F407/MY_OTA_GUI/lvgl-9.3.0/src/widgets/span/lv_span.c:474:9:lv_spangroup_get_expand_height	144	static
E:/ST/STM32/MY_workspace/Projects_F407/MY_OTA_GUI/lvgl-9.3.0/src/widgets/span/lv_span.c:596:18:lv_spangroup_get_span_coords	88	static
E:/ST/STM32/MY_workspace/Projects_F407/MY_OTA_GUI/lvgl-9.3.0/src/widgets/span/lv_span.c:628:13:lv_spangroup_get_span_by_point	136	static
E:/ST/STM32/MY_workspace/Projects_F407/MY_OTA_GUI/lvgl-9.3.0/src/widgets/span/lv_span.c:668:6:lv_spangroup_refresh	8	static
E:/ST/STM32/MY_workspace/Projects_F407/MY_OTA_GUI/lvgl-9.3.0/src/widgets/span/lv_span.c:710:13:lv_spangroup_event	16	static
E:/ST/STM32/MY_workspace/Projects_F407/MY_OTA_GUI/lvgl-9.3.0/src/widgets/span/lv_span.c:118:13:lv_spangroup_add_span	16	static
E:/ST/STM32/MY_workspace/Projects_F407/MY_OTA_GUI/lvgl-9.3.0/src/widgets/span/lv_span.c:138:6:lv_spangroup_delete_span	24	static
E:/ST/STM32/MY_workspace/Projects_F407/MY_OTA_GUI/lvgl-9.3.0/src/widgets/span/lv_span.c:202:6:lv_spangroup_set_span_text	8	static
E:/ST/STM32/MY_workspace/Projects_F407/MY_OTA_GUI/lvgl-9.3.0/src/widgets/span/lv_span.c:231:6:lv_spangroup_set_span_text_static	8	static
E:/ST/STM32/MY_workspace/Projects_F407/MY_OTA_GUI/lvgl-9.3.0/src/widgets/span/lv_span.c:237:6:lv_spangroup_set_span_style	8	static
E:/ST/STM32/MY_workspace/Projects_F407/MY_OTA_GUI/lvgl-9.3.0/src/widgets/span/lv_span.c:264:6:lv_spangroup_set_indent	8	static
E:/ST/STM32/MY_workspace/Projects_F407/MY_OTA_GUI/lvgl-9.3.0/src/widgets/span/lv_span.c:275:6:lv_spangroup_set_mode	16	static
E:/ST/STM32/MY_workspace/Projects_F407/MY_OTA_GUI/lvgl-9.3.0/src/widgets/span/lv_span.c:306:6:lv_spangroup_set_max_lines	8	static
