E:/ST/STM32/MY_workspace/Projects_F407/MY_OTA_GUI/lvgl-9.5.0源码/src/themes/mono/../../core/../misc/lv_style.h:604:20:lv_style_set_pad_all	16	static
E:/ST/STM32/MY_workspace/Projects_F407/MY_OTA_GUI/lvgl-9.5.0源码/src/themes/mono/../../core/../misc/lv_style.h:639:20:lv_style_set_pad_gap	16	static
E:/ST/STM32/MY_workspace/Projects_F407/MY_OTA_GUI/lvgl-9.5.0源码/src/themes/mono/lv_theme_mono.c:87:13:style_init	96	static
E:/ST/STM32/MY_workspace/Projects_F407/MY_OTA_GUI/lvgl-9.5.0源码/src/themes/mono/lv_theme_mono.c:184:14:lv_theme_mono_init	40	static
E:/ST/STM32/MY_workspace/Projects_F407/MY_OTA_GUI/lvgl-9.5.0源码/src/themes/mono/lv_theme_mono.c:217:6:lv_theme_mono_is_inited	16	static
E:/ST/STM32/MY_workspace/Projects_F407/MY_OTA_GUI/lvgl-9.5.0源码/src/themes/mono/lv_theme_mono.c:224:14:lv_theme_mono_get	8	static
E:/ST/STM32/MY_workspace/Projects_F407/MY_OTA_GUI/lvgl-9.5.0源码/src/themes/mono/lv_theme_mono.c:233:6:lv_theme_mono_deinit	24	static
E:/ST/STM32/MY_workspace/Projects_F407/MY_OTA_GUI/lvgl-9.5.0源码/src/themes/mono/lv_theme_mono.c:259:13:theme_apply	24	static
E:/ST/STM32/MY_workspace/Projects_F407/MY_OTA_GUI/lvgl-9.5.0源码/src/themes/mono/lv_theme_mono.c:546:13:style_init_reset	16	static
