E:/ST/STM32/MY_workspace/Projects_F407/MY_OTA_GUI/lvgl-9.5.0源码/src/themes/simple/../../core/../misc/lv_style.h:604:20:lv_style_set_pad_all	16	static
E:/ST/STM32/MY_workspace/Projects_F407/MY_OTA_GUI/lvgl-9.5.0源码/src/themes/simple/lv_theme_simple.c:77:13:style_init	88	static
E:/ST/STM32/MY_workspace/Projects_F407/MY_OTA_GUI/lvgl-9.5.0源码/src/themes/simple/lv_theme_simple.c:145:14:lv_theme_simple_init	32	static
E:/ST/STM32/MY_workspace/Projects_F407/MY_OTA_GUI/lvgl-9.5.0源码/src/themes/simple/lv_theme_simple.c:178:6:lv_theme_simple_is_inited	16	static
E:/ST/STM32/MY_workspace/Projects_F407/MY_OTA_GUI/lvgl-9.5.0源码/src/themes/simple/lv_theme_simple.c:185:14:lv_theme_simple_get	8	static
E:/ST/STM32/MY_workspace/Projects_F407/MY_OTA_GUI/lvgl-9.5.0源码/src/themes/simple/lv_theme_simple.c:194:6:lv_theme_simple_deinit	24	static
E:/ST/STM32/MY_workspace/Projects_F407/MY_OTA_GUI/lvgl-9.5.0源码/src/themes/simple/lv_theme_simple.c:220:13:theme_apply	24	static
E:/ST/STM32/MY_workspace/Projects_F407/MY_OTA_GUI/lvgl-9.5.0源码/src/themes/simple/lv_theme_simple.c:440:13:style_init_reset	16	static
