E:/ST/STM32/MY_workspace/Projects_F407/MY_OTA_GUI/Core/Src/generated/events_init.c:59:13:home_img_light_event_handler	8	static
E:/ST/STM32/MY_workspace/Projects_F407/MY_OTA_GUI/Core/Src/generated/events_init.c:218:13:mode_img_home_event_handler	32	static
E:/ST/STM32/MY_workspace/Projects_F407/MY_OTA_GUI/Core/Src/generated/events_init.c:117:13:home_btn_mode_c_event_handler	40	static
E:/ST/STM32/MY_workspace/Projects_F407/MY_OTA_GUI/Core/Src/generated/events_init.c:102:13:home_btn_mode_e_event_handler	40	static
E:/ST/STM32/MY_workspace/Projects_F407/MY_OTA_GUI/Core/Src/generated/events_init.c:87:13:home_btn_mode_f_event_handler	40	static
E:/ST/STM32/MY_workspace/Projects_F407/MY_OTA_GUI/Core/Src/generated/events_init.c:72:13:home_btn_mode_a_event_handler	40	static
E:/ST/STM32/MY_workspace/Projects_F407/MY_OTA_GUI/Core/Src/generated/events_init.c:23:13:home_event_handler	32	static
E:/ST/STM32/MY_workspace/Projects_F407/MY_OTA_GUI/Core/Src/generated/events_init.c:142:13:mode_event_handler	32	static
E:/ST/STM32/MY_workspace/Projects_F407/MY_OTA_GUI/Core/Src/generated/events_init.c:204:13:mode_label_next_event_handler	8	static
E:/ST/STM32/MY_workspace/Projects_F407/MY_OTA_GUI/Core/Src/generated/events_init.c:176:13:mode_label_prev_event_handler	8	static
E:/ST/STM32/MY_workspace/Projects_F407/MY_OTA_GUI/Core/Src/generated/events_init.c:190:13:mode_label_play_event_handler	8	static
E:/ST/STM32/MY_workspace/Projects_F407/MY_OTA_GUI/Core/Src/generated/events_init.c:132:6:events_init_home	8	static
E:/ST/STM32/MY_workspace/Projects_F407/MY_OTA_GUI/Core/Src/generated/events_init.c:232:6:events_init_mode	8	static
E:/ST/STM32/MY_workspace/Projects_F407/MY_OTA_GUI/Core/Src/generated/events_init.c:242:6:events_init	0	static
