E:/ST/STM32/MY_workspace/Projects_F407/MY_OTA_GUI/lvgl-8.3.0/src/widgets/lv_dropdown.c:645:13:lv_dropdownlist_destructor	0	static
E:/ST/STM32/MY_workspace/Projects_F407/MY_OTA_GUI/lvgl-8.3.0/src/widgets/lv_dropdown.c:1144:19:get_label	8	static
E:/ST/STM32/MY_workspace/Projects_F407/MY_OTA_GUI/lvgl-8.3.0/src/widgets/lv_dropdown.c:1124:13:position_to_selected	16	static
E:/ST/STM32/MY_workspace/Projects_F407/MY_OTA_GUI/lvgl-8.3.0/src/widgets/lv_dropdown.c:1100:17:get_id_on_point	24	static
E:/ST/STM32/MY_workspace/Projects_F407/MY_OTA_GUI/lvgl-8.3.0/src/widgets/lv_dropdown.c:614:13:lv_dropdown_destructor	8	static
E:/ST/STM32/MY_workspace/Projects_F407/MY_OTA_GUI/lvgl-8.3.0/src/widgets/lv_dropdown.c:576:19:lv_dropdown_list_create	8	static
E:/ST/STM32/MY_workspace/Projects_F407/MY_OTA_GUI/lvgl-8.3.0/src/widgets/lv_dropdown.c:1085:13:list_press_handler	24	static
E:/ST/STM32/MY_workspace/Projects_F407/MY_OTA_GUI/lvgl-8.3.0/src/widgets/lv_dropdown.c:929:13:draw_box	104	static
E:/ST/STM32/MY_workspace/Projects_F407/MY_OTA_GUI/lvgl-8.3.0/src/widgets/lv_dropdown.c:967:13:draw_box_label	88	static
E:/ST/STM32/MY_workspace/Projects_F407/MY_OTA_GUI/lvgl-8.3.0/src/widgets/lv_dropdown.c:893:13:draw_list	24	static
E:/ST/STM32/MY_workspace/Projects_F407/MY_OTA_GUI/lvgl-8.3.0/src/widgets/lv_dropdown.c:630:13:lv_dropdownlist_constructor	8	static
E:/ST/STM32/MY_workspace/Projects_F407/MY_OTA_GUI/lvgl-8.3.0/src/widgets/lv_dropdown.c:90:12:lv_dropdown_create	8	static
E:/ST/STM32/MY_workspace/Projects_F407/MY_OTA_GUI/lvgl-8.3.0/src/widgets/lv_dropdown.c:102:6:lv_dropdown_set_text	8	static
E:/ST/STM32/MY_workspace/Projects_F407/MY_OTA_GUI/lvgl-8.3.0/src/widgets/lv_dropdown.c:113:6:lv_dropdown_set_options	16	static
E:/ST/STM32/MY_workspace/Projects_F407/MY_OTA_GUI/lvgl-8.3.0/src/widgets/lv_dropdown.c:160:6:lv_dropdown_set_options_static	16	static
E:/ST/STM32/MY_workspace/Projects_F407/MY_OTA_GUI/lvgl-8.3.0/src/widgets/lv_dropdown.c:584:13:lv_dropdown_constructor	8	static
E:/ST/STM32/MY_workspace/Projects_F407/MY_OTA_GUI/lvgl-8.3.0/src/widgets/lv_dropdown.c:189:6:lv_dropdown_add_option	32	static
E:/ST/STM32/MY_workspace/Projects_F407/MY_OTA_GUI/lvgl-8.3.0/src/widgets/lv_dropdown.c:260:6:lv_dropdown_clear_options	8	static
E:/ST/STM32/MY_workspace/Projects_F407/MY_OTA_GUI/lvgl-8.3.0/src/widgets/lv_dropdown.c:277:6:lv_dropdown_set_selected	8	static
E:/ST/STM32/MY_workspace/Projects_F407/MY_OTA_GUI/lvgl-8.3.0/src/widgets/lv_dropdown.c:294:6:lv_dropdown_set_dir	8	static
E:/ST/STM32/MY_workspace/Projects_F407/MY_OTA_GUI/lvgl-8.3.0/src/widgets/lv_dropdown.c:306:6:lv_dropdown_set_symbol	8	static
E:/ST/STM32/MY_workspace/Projects_F407/MY_OTA_GUI/lvgl-8.3.0/src/widgets/lv_dropdown.c:315:6:lv_dropdown_set_selected_highlight	8	static
E:/ST/STM32/MY_workspace/Projects_F407/MY_OTA_GUI/lvgl-8.3.0/src/widgets/lv_dropdown.c:328:12:lv_dropdown_get_list	0	static
E:/ST/STM32/MY_workspace/Projects_F407/MY_OTA_GUI/lvgl-8.3.0/src/widgets/lv_dropdown.c:336:14:lv_dropdown_get_text	0	static
E:/ST/STM32/MY_workspace/Projects_F407/MY_OTA_GUI/lvgl-8.3.0/src/widgets/lv_dropdown.c:344:14:lv_dropdown_get_options	0	static
E:/ST/STM32/MY_workspace/Projects_F407/MY_OTA_GUI/lvgl-8.3.0/src/widgets/lv_dropdown.c:352:10:lv_dropdown_get_selected	0	static
E:/ST/STM32/MY_workspace/Projects_F407/MY_OTA_GUI/lvgl-8.3.0/src/widgets/lv_dropdown.c:361:10:lv_dropdown_get_option_cnt	0	static
E:/ST/STM32/MY_workspace/Projects_F407/MY_OTA_GUI/lvgl-8.3.0/src/widgets/lv_dropdown.c:370:6:lv_dropdown_get_selected_str	32	static
E:/ST/STM32/MY_workspace/Projects_F407/MY_OTA_GUI/lvgl-8.3.0/src/widgets/lv_dropdown.c:779:13:draw_main	176	static
E:/ST/STM32/MY_workspace/Projects_F407/MY_OTA_GUI/lvgl-8.3.0/src/widgets/lv_dropdown.c:404:9:lv_dropdown_get_option_index	32	static
E:/ST/STM32/MY_workspace/Projects_F407/MY_OTA_GUI/lvgl-8.3.0/src/widgets/lv_dropdown.c:428:14:lv_dropdown_get_symbol	0	static
E:/ST/STM32/MY_workspace/Projects_F407/MY_OTA_GUI/lvgl-8.3.0/src/widgets/lv_dropdown.c:435:6:lv_dropdown_get_selected_highlight	0	static
E:/ST/STM32/MY_workspace/Projects_F407/MY_OTA_GUI/lvgl-8.3.0/src/widgets/lv_dropdown.c:442:10:lv_dropdown_get_dir	0	static
E:/ST/STM32/MY_workspace/Projects_F407/MY_OTA_GUI/lvgl-8.3.0/src/widgets/lv_dropdown.c:453:6:lv_dropdown_open	32	static
E:/ST/STM32/MY_workspace/Projects_F407/MY_OTA_GUI/lvgl-8.3.0/src/widgets/lv_dropdown.c:551:6:lv_dropdown_close	8	static
E:/ST/STM32/MY_workspace/Projects_F407/MY_OTA_GUI/lvgl-8.3.0/src/widgets/lv_dropdown.c:1049:17:list_release_handler	24	static
E:/ST/STM32/MY_workspace/Projects_F407/MY_OTA_GUI/lvgl-8.3.0/src/widgets/lv_dropdown.c:744:13:lv_dropdown_list_event	16	static
E:/ST/STM32/MY_workspace/Projects_F407/MY_OTA_GUI/lvgl-8.3.0/src/widgets/lv_dropdown.c:564:6:lv_dropdown_is_open	8	static
E:/ST/STM32/MY_workspace/Projects_F407/MY_OTA_GUI/lvgl-8.3.0/src/widgets/lv_dropdown.c:1013:17:btn_release_handler	24	static
E:/ST/STM32/MY_workspace/Projects_F407/MY_OTA_GUI/lvgl-8.3.0/src/widgets/lv_dropdown.c:654:13:lv_dropdown_event	16	static
