E:/ST/STM32/MY_workspace/Projects_F407/MY_OTA_GUI/lvgl-8.3.0/src/widgets/lv_line.c:124:13:lv_line_event	64	static
E:/ST/STM32/MY_workspace/Projects_F407/MY_OTA_GUI/lvgl-8.3.0/src/widgets/lv_line.c:108:13:lv_line_constructor	8	static
E:/ST/STM32/MY_workspace/Projects_F407/MY_OTA_GUI/lvgl-8.3.0/src/widgets/lv_line.c:54:12:lv_line_create	8	static
E:/ST/STM32/MY_workspace/Projects_F407/MY_OTA_GUI/lvgl-8.3.0/src/widgets/lv_line.c:66:6:lv_line_set_points	8	static
E:/ST/STM32/MY_workspace/Projects_F407/MY_OTA_GUI/lvgl-8.3.0/src/widgets/lv_line.c:79:6:lv_line_set_y_invert	8	static
E:/ST/STM32/MY_workspace/Projects_F407/MY_OTA_GUI/lvgl-8.3.0/src/widgets/lv_line.c:95:6:lv_line_get_y_invert	0	static
