E:/ST/STM32/MY_workspace/Projects_F407/MY_OTA_GUI/lvgl-8.3.0/src/widgets/lv_roller.c:777:13:set_y_anim	8	static
E:/ST/STM32/MY_workspace/Projects_F407/MY_OTA_GUI/lvgl-8.3.0/src/widgets/lv_roller.c:753:19:get_label	8	static
E:/ST/STM32/MY_workspace/Projects_F407/MY_OTA_GUI/lvgl-8.3.0/src/widgets/lv_roller.c:758:19:get_selected_label_width	40	static
E:/ST/STM32/MY_workspace/Projects_F407/MY_OTA_GUI/lvgl-8.3.0/src/widgets/lv_roller.c:726:13:inf_normalize	24	static
E:/ST/STM32/MY_workspace/Projects_F407/MY_OTA_GUI/lvgl-8.3.0/src/widgets/lv_roller.c:771:13:scroll_anim_ready_cb	8	static
E:/ST/STM32/MY_workspace/Projects_F407/MY_OTA_GUI/lvgl-8.3.0/src/widgets/lv_roller.c:594:13:refr_position	112	static
E:/ST/STM32/MY_workspace/Projects_F407/MY_OTA_GUI/lvgl-8.3.0/src/widgets/lv_roller.c:570:13:get_sel_area	32	static
E:/ST/STM32/MY_workspace/Projects_F407/MY_OTA_GUI/lvgl-8.3.0/src/widgets/lv_roller.c:446:13:draw_main	136	static
E:/ST/STM32/MY_workspace/Projects_F407/MY_OTA_GUI/lvgl-8.3.0/src/widgets/lv_roller.c:520:13:draw_label	88	static
E:/ST/STM32/MY_workspace/Projects_F407/MY_OTA_GUI/lvgl-8.3.0/src/widgets/lv_roller.c:415:13:lv_roller_label_event	16	static
E:/ST/STM32/MY_workspace/Projects_F407/MY_OTA_GUI/lvgl-8.3.0/src/widgets/lv_roller.c:78:12:lv_roller_create	8	static
E:/ST/STM32/MY_workspace/Projects_F407/MY_OTA_GUI/lvgl-8.3.0/src/widgets/lv_roller.c:96:6:lv_roller_set_options	32	static
E:/ST/STM32/MY_workspace/Projects_F407/MY_OTA_GUI/lvgl-8.3.0/src/widgets/lv_roller.c:291:13:lv_roller_constructor	16	static
E:/ST/STM32/MY_workspace/Projects_F407/MY_OTA_GUI/lvgl-8.3.0/src/widgets/lv_roller.c:152:6:lv_roller_set_selected	16	static
E:/ST/STM32/MY_workspace/Projects_F407/MY_OTA_GUI/lvgl-8.3.0/src/widgets/lv_roller.c:649:17:release_handler	48	static
E:/ST/STM32/MY_workspace/Projects_F407/MY_OTA_GUI/lvgl-8.3.0/src/widgets/lv_roller.c:312:13:lv_roller_event	24	static
E:/ST/STM32/MY_workspace/Projects_F407/MY_OTA_GUI/lvgl-8.3.0/src/widgets/lv_roller.c:191:6:lv_roller_set_visible_row_count	24	static
E:/ST/STM32/MY_workspace/Projects_F407/MY_OTA_GUI/lvgl-8.3.0/src/widgets/lv_roller.c:210:10:lv_roller_get_selected	0	static
E:/ST/STM32/MY_workspace/Projects_F407/MY_OTA_GUI/lvgl-8.3.0/src/widgets/lv_roller.c:230:6:lv_roller_get_selected_str	32	static
E:/ST/STM32/MY_workspace/Projects_F407/MY_OTA_GUI/lvgl-8.3.0/src/widgets/lv_roller.c:262:14:lv_roller_get_options	8	static
E:/ST/STM32/MY_workspace/Projects_F407/MY_OTA_GUI/lvgl-8.3.0/src/widgets/lv_roller.c:274:10:lv_roller_get_option_cnt	0	static
