E:/ST/STM32/MY_workspace/Projects_F407/MY_OTA_GUI/lvgl-8.3.0/src/widgets/lv_table.c:924:19:get_row_height	104	static
E:/ST/STM32/MY_workspace/Projects_F407/MY_OTA_GUI/lvgl-8.3.0/src/widgets/lv_table.c:864:13:refr_size_form_row	80	static
E:/ST/STM32/MY_workspace/Projects_F407/MY_OTA_GUI/lvgl-8.3.0/src/widgets/lv_table.c:989:17:get_pressed_cell	32	static
E:/ST/STM32/MY_workspace/Projects_F407/MY_OTA_GUI/lvgl-8.3.0/src/widgets/lv_table.c:1064:13:get_cell_area	24	static
E:/ST/STM32/MY_workspace/Projects_F407/MY_OTA_GUI/lvgl-8.3.0/src/widgets/lv_table.c:1099:13:scroll_to_selected_cell	24	static
E:/ST/STM32/MY_workspace/Projects_F407/MY_OTA_GUI/lvgl-8.3.0/src/widgets/lv_table.c:668:13:draw_main	416	static
E:/ST/STM32/MY_workspace/Projects_F407/MY_OTA_GUI/lvgl-8.3.0/src/widgets/lv_table.c:547:13:lv_table_event	24	static
E:/ST/STM32/MY_workspace/Projects_F407/MY_OTA_GUI/lvgl-8.3.0/src/widgets/lv_table.c:523:13:lv_table_destructor	16	static
E:/ST/STM32/MY_workspace/Projects_F407/MY_OTA_GUI/lvgl-8.3.0/src/widgets/lv_table.c:504:13:lv_table_constructor	8	static
E:/ST/STM32/MY_workspace/Projects_F407/MY_OTA_GUI/lvgl-8.3.0/src/widgets/lv_table.c:1041:15:get_cell_txt_len	8	static
E:/ST/STM32/MY_workspace/Projects_F407/MY_OTA_GUI/lvgl-8.3.0/src/widgets/lv_table.c:1055:13:copy_cell_txt	8	static
E:/ST/STM32/MY_workspace/Projects_F407/MY_OTA_GUI/lvgl-8.3.0/src/widgets/lv_table.c:890:13:refr_cell_size	96	static
E:/ST/STM32/MY_workspace/Projects_F407/MY_OTA_GUI/lvgl-8.3.0/src/widgets/lv_table.c:74:12:lv_table_create	8	static
E:/ST/STM32/MY_workspace/Projects_F407/MY_OTA_GUI/lvgl-8.3.0/src/widgets/lv_table.c:206:6:lv_table_set_row_cnt	32	static
E:/ST/STM32/MY_workspace/Projects_F407/MY_OTA_GUI/lvgl-8.3.0/src/widgets/lv_table.c:251:6:lv_table_set_col_cnt	48	static
E:/ST/STM32/MY_workspace/Projects_F407/MY_OTA_GUI/lvgl-8.3.0/src/widgets/lv_table.c:86:6:lv_table_set_cell_value	48	static
E:/ST/STM32/MY_workspace/Projects_F407/MY_OTA_GUI/lvgl-8.3.0/src/widgets/lv_table.c:125:6:lv_table_set_cell_value_fmt	44	static
E:/ST/STM32/MY_workspace/Projects_F407/MY_OTA_GUI/lvgl-8.3.0/src/widgets/lv_table.c:312:6:lv_table_set_col_width	16	static
E:/ST/STM32/MY_workspace/Projects_F407/MY_OTA_GUI/lvgl-8.3.0/src/widgets/lv_table.c:325:6:lv_table_add_cell_ctrl	24	static
E:/ST/STM32/MY_workspace/Projects_F407/MY_OTA_GUI/lvgl-8.3.0/src/widgets/lv_table.c:352:6:lv_table_clear_cell_ctrl	24	static
E:/ST/STM32/MY_workspace/Projects_F407/MY_OTA_GUI/lvgl-8.3.0/src/widgets/lv_table.c:380:6:lv_table_set_cell_user_data	24	static
E:/ST/STM32/MY_workspace/Projects_F407/MY_OTA_GUI/lvgl-8.3.0/src/widgets/lv_table.c:414:14:lv_table_get_cell_value	16	static
E:/ST/STM32/MY_workspace/Projects_F407/MY_OTA_GUI/lvgl-8.3.0/src/widgets/lv_table.c:430:10:lv_table_get_row_cnt	0	static
E:/ST/STM32/MY_workspace/Projects_F407/MY_OTA_GUI/lvgl-8.3.0/src/widgets/lv_table.c:438:10:lv_table_get_col_cnt	0	static
E:/ST/STM32/MY_workspace/Projects_F407/MY_OTA_GUI/lvgl-8.3.0/src/widgets/lv_table.c:446:12:lv_table_get_col_width	16	static
E:/ST/STM32/MY_workspace/Projects_F407/MY_OTA_GUI/lvgl-8.3.0/src/widgets/lv_table.c:460:6:lv_table_has_cell_ctrl	16	static
E:/ST/STM32/MY_workspace/Projects_F407/MY_OTA_GUI/lvgl-8.3.0/src/widgets/lv_table.c:475:6:lv_table_get_selected_cell	0	static
E:/ST/STM32/MY_workspace/Projects_F407/MY_OTA_GUI/lvgl-8.3.0/src/widgets/lv_table.c:483:8:lv_table_get_cell_user_data	16	static
