E:/ST/STM32/MY_workspace/Projects_F407/MY_OTA_GUI/lvgl-9.3.0/src/libs/bin_decoder/lv_bin_decoder.c:689:20:load_indexed	0	static
E:/ST/STM32/MY_workspace/Projects_F407/MY_OTA_GUI/lvgl-9.3.0/src/libs/bin_decoder/lv_bin_decoder.c:916:20:decode_compressed	0	static
E:/ST/STM32/MY_workspace/Projects_F407/MY_OTA_GUI/lvgl-9.3.0/src/libs/bin_decoder/lv_bin_decoder.c:1035:20:decode_indexed_line	16	static
E:/ST/STM32/MY_workspace/Projects_F407/MY_OTA_GUI/lvgl-9.3.0/src/libs/bin_decoder/lv_bin_decoder.c:114:13:lv_bin_decoder_info	24	static
E:/ST/STM32/MY_workspace/Projects_F407/MY_OTA_GUI/lvgl-9.3.0/src/libs/bin_decoder/lv_bin_decoder.c:1083:20:fs_read_file_at	24	static
E:/ST/STM32/MY_workspace/Projects_F407/MY_OTA_GUI/lvgl-9.3.0/src/libs/bin_decoder/lv_bin_decoder.c:567:20:decode_indexed	48	static
E:/ST/STM32/MY_workspace/Projects_F407/MY_OTA_GUI/lvgl-9.3.0/src/libs/bin_decoder/lv_bin_decoder.c:839:20:decode_alpha_only	56	static
E:/ST/STM32/MY_workspace/Projects_F407/MY_OTA_GUI/lvgl-9.3.0/src/libs/bin_decoder/lv_bin_decoder.c:550:13:free_decoder_data	16	static
E:/ST/STM32/MY_workspace/Projects_F407/MY_OTA_GUI/lvgl-9.3.0/src/libs/bin_decoder/lv_bin_decoder.c:377:6:lv_bin_decoder_close	16	static
E:/ST/STM32/MY_workspace/Projects_F407/MY_OTA_GUI/lvgl-9.3.0/src/libs/bin_decoder/lv_bin_decoder.c:533:25:get_decoder_data	8	static
E:/ST/STM32/MY_workspace/Projects_F407/MY_OTA_GUI/lvgl-9.3.0/src/libs/bin_decoder/lv_bin_decoder.c:185:13:lv_bin_decoder_open	88	static
E:/ST/STM32/MY_workspace/Projects_F407/MY_OTA_GUI/lvgl-9.3.0/src/libs/bin_decoder/lv_bin_decoder.c:390:13:lv_bin_decoder_get_area	64	static
E:/ST/STM32/MY_workspace/Projects_F407/MY_OTA_GUI/lvgl-9.3.0/src/libs/bin_decoder/lv_bin_decoder.c:95:6:lv_bin_decoder_init	8	static
