E:/ST/STM32/MY_workspace/Projects_F407/MY_OTA_GUI/lvgl-9.3.0/src/core/../misc/lv_style.h:467:30:lv_style_get_prop_inlined	8	static
E:/ST/STM32/MY_workspace/Projects_F407/MY_OTA_GUI/lvgl-9.3.0/src/core/lv_obj.c:985:13:obj_valid_child	24	static
E:/ST/STM32/MY_workspace/Projects_F407/MY_OTA_GUI/lvgl-9.3.0/src/core/lv_obj.c:690:20:scrollbar_init_draw_dsc	48	static
E:/ST/STM32/MY_workspace/Projects_F407/MY_OTA_GUI/lvgl-9.3.0/src/core/lv_obj.c:661:13:draw_scrollbar	160	static
E:/ST/STM32/MY_workspace/Projects_F407/MY_OTA_GUI/lvgl-9.3.0/src/core/lv_obj.c:560:13:lv_obj_draw	152	static
E:/ST/STM32/MY_workspace/Projects_F407/MY_OTA_GUI/lvgl-9.3.0/src/core/lv_obj.c:478:13:lv_obj_constructor	32	static
E:/ST/STM32/MY_workspace/Projects_F407/MY_OTA_GUI/lvgl-9.3.0/src/core/lv_obj.c:907:13:update_obj_state	72	static
E:/ST/STM32/MY_workspace/Projects_F407/MY_OTA_GUI/lvgl-9.3.0/src/core/lv_obj.c:1006:13:null_on_delete_cb	8	static
E:/ST/STM32/MY_workspace/Projects_F407/MY_OTA_GUI/lvgl-9.3.0/src/core/lv_obj.c:213:12:lv_obj_create	8	static
E:/ST/STM32/MY_workspace/Projects_F407/MY_OTA_GUI/lvgl-9.3.0/src/core/lv_obj.c:304:6:lv_obj_add_state	8	static
E:/ST/STM32/MY_workspace/Projects_F407/MY_OTA_GUI/lvgl-9.3.0/src/core/lv_obj.c:314:6:lv_obj_remove_state	8	static
E:/ST/STM32/MY_workspace/Projects_F407/MY_OTA_GUI/lvgl-9.3.0/src/core/lv_obj.c:324:6:lv_obj_set_state	8	static
E:/ST/STM32/MY_workspace/Projects_F407/MY_OTA_GUI/lvgl-9.3.0/src/core/lv_obj.c:334:6:lv_obj_has_flag	0	static
E:/ST/STM32/MY_workspace/Projects_F407/MY_OTA_GUI/lvgl-9.3.0/src/core/lv_obj.c:341:6:lv_obj_has_flag_any	0	static
E:/ST/STM32/MY_workspace/Projects_F407/MY_OTA_GUI/lvgl-9.3.0/src/core/lv_obj.c:270:6:lv_obj_remove_flag	56	static
E:/ST/STM32/MY_workspace/Projects_F407/MY_OTA_GUI/lvgl-9.3.0/src/core/lv_obj.c:348:12:lv_obj_get_state	0	static
E:/ST/STM32/MY_workspace/Projects_F407/MY_OTA_GUI/lvgl-9.3.0/src/core/lv_obj.c:355:6:lv_obj_has_state	0	static
E:/ST/STM32/MY_workspace/Projects_F407/MY_OTA_GUI/lvgl-9.3.0/src/core/lv_obj.c:362:14:lv_obj_get_group	0	static
E:/ST/STM32/MY_workspace/Projects_F407/MY_OTA_GUI/lvgl-9.3.0/src/core/lv_obj.c:738:13:lv_obj_event	56	static
E:/ST/STM32/MY_workspace/Projects_F407/MY_OTA_GUI/lvgl-9.3.0/src/core/lv_obj.c:513:13:lv_obj_destructor	8	static
E:/ST/STM32/MY_workspace/Projects_F407/MY_OTA_GUI/lvgl-9.3.0/src/core/lv_obj.c:231:6:lv_obj_add_flag	56	static
E:/ST/STM32/MY_workspace/Projects_F407/MY_OTA_GUI/lvgl-9.3.0/src/core/lv_obj.c:298:6:lv_obj_set_flag	8	static
E:/ST/STM32/MY_workspace/Projects_F407/MY_OTA_GUI/lvgl-9.3.0/src/core/lv_obj.c:374:6:lv_obj_allocate_spec_attr	8	static
E:/ST/STM32/MY_workspace/Projects_F407/MY_OTA_GUI/lvgl-9.3.0/src/core/lv_obj.c:388:6:lv_obj_check_type	0	static
E:/ST/STM32/MY_workspace/Projects_F407/MY_OTA_GUI/lvgl-9.3.0/src/core/lv_obj.c:394:6:lv_obj_has_class	0	static
E:/ST/STM32/MY_workspace/Projects_F407/MY_OTA_GUI/lvgl-9.3.0/src/core/lv_obj.c:405:24:lv_obj_get_class	0	static
E:/ST/STM32/MY_workspace/Projects_F407/MY_OTA_GUI/lvgl-9.3.0/src/core/lv_obj.c:410:6:lv_obj_is_valid	16	static
E:/ST/STM32/MY_workspace/Projects_F407/MY_OTA_GUI/lvgl-9.3.0/src/core/lv_obj.c:427:6:lv_obj_null_on_delete	8	static
E:/ST/STM32/MY_workspace/Projects_F407/MY_OTA_GUI/lvgl-9.3.0/src/core/lv_obj.c:464:6:lv_obj_set_user_data	0	static
E:/ST/STM32/MY_workspace/Projects_F407/MY_OTA_GUI/lvgl-9.3.0/src/core/lv_obj.c:469:8:lv_obj_get_user_data	0	static
