E:/ST/STM32/MY_workspace/Projects_F407/MY_OTA_GUI/lvgl-9.3.0/src/core/lv_obj_event.c:384:13:event_is_bubbled	8	static
E:/ST/STM32/MY_workspace/Projects_F407/MY_OTA_GUI/lvgl-9.3.0/src/core/lv_obj_event.c:75:13:lv_obj_event_base	8	static
E:/ST/STM32/MY_workspace/Projects_F407/MY_OTA_GUI/lvgl-9.3.0/src/core/lv_obj_event.c:351:20:event_send_core	16	static
E:/ST/STM32/MY_workspace/Projects_F407/MY_OTA_GUI/lvgl-9.3.0/src/core/lv_obj_event.c:48:13:lv_obj_send_event	48	static
E:/ST/STM32/MY_workspace/Projects_F407/MY_OTA_GUI/lvgl-9.3.0/src/core/lv_obj_event.c:100:18:lv_obj_add_event_cb	24	static
E:/ST/STM32/MY_workspace/Projects_F407/MY_OTA_GUI/lvgl-9.3.0/src/core/lv_obj_event.c:108:10:lv_obj_get_event_count	8	static
E:/ST/STM32/MY_workspace/Projects_F407/MY_OTA_GUI/lvgl-9.3.0/src/core/lv_obj_event.c:115:18:lv_obj_get_event_dsc	8	static
E:/ST/STM32/MY_workspace/Projects_F407/MY_OTA_GUI/lvgl-9.3.0/src/core/lv_obj_event.c:122:6:lv_obj_remove_event	8	static
E:/ST/STM32/MY_workspace/Projects_F407/MY_OTA_GUI/lvgl-9.3.0/src/core/lv_obj_event.c:129:6:lv_obj_remove_event_dsc	8	static
E:/ST/STM32/MY_workspace/Projects_F407/MY_OTA_GUI/lvgl-9.3.0/src/core/lv_obj_event.c:137:10:lv_obj_remove_event_cb	24	static
E:/ST/STM32/MY_workspace/Projects_F407/MY_OTA_GUI/lvgl-9.3.0/src/core/lv_obj_event.c:155:10:lv_obj_remove_event_cb_with_user_data	32	static
E:/ST/STM32/MY_workspace/Projects_F407/MY_OTA_GUI/lvgl-9.3.0/src/core/lv_obj_event.c:176:12:lv_event_get_current_target_obj	8	static
E:/ST/STM32/MY_workspace/Projects_F407/MY_OTA_GUI/lvgl-9.3.0/src/core/lv_obj_event.c:181:12:lv_event_get_target_obj	8	static
E:/ST/STM32/MY_workspace/Projects_F407/MY_OTA_GUI/lvgl-9.3.0/src/core/lv_obj_event.c:186:14:lv_event_get_indev	8	static
E:/ST/STM32/MY_workspace/Projects_F407/MY_OTA_GUI/lvgl-9.3.0/src/core/lv_obj_event.c:215:14:lv_event_get_layer	8	static
E:/ST/STM32/MY_workspace/Projects_F407/MY_OTA_GUI/lvgl-9.3.0/src/core/lv_obj_event.c:231:19:lv_event_get_old_size	8	static
E:/ST/STM32/MY_workspace/Projects_F407/MY_OTA_GUI/lvgl-9.3.0/src/core/lv_obj_event.c:242:10:lv_event_get_key	8	static
E:/ST/STM32/MY_workspace/Projects_F407/MY_OTA_GUI/lvgl-9.3.0/src/core/lv_obj_event.c:255:9:lv_event_get_rotary_diff	8	static
E:/ST/STM32/MY_workspace/Projects_F407/MY_OTA_GUI/lvgl-9.3.0/src/core/lv_obj_event.c:268:13:lv_event_get_scroll_anim	8	static
E:/ST/STM32/MY_workspace/Projects_F407/MY_OTA_GUI/lvgl-9.3.0/src/core/lv_obj_event.c:279:6:lv_event_set_ext_draw_size	8	static
E:/ST/STM32/MY_workspace/Projects_F407/MY_OTA_GUI/lvgl-9.3.0/src/core/lv_obj_event.c:290:14:lv_event_get_self_size_info	8	static
E:/ST/STM32/MY_workspace/Projects_F407/MY_OTA_GUI/lvgl-9.3.0/src/core/lv_obj_event.c:301:22:lv_event_get_hit_test_info	8	static
E:/ST/STM32/MY_workspace/Projects_F407/MY_OTA_GUI/lvgl-9.3.0/src/core/lv_obj_event.c:312:19:lv_event_get_cover_area	8	static
E:/ST/STM32/MY_workspace/Projects_F407/MY_OTA_GUI/lvgl-9.3.0/src/core/lv_obj_event.c:324:6:lv_event_set_cover_res	8	static
E:/ST/STM32/MY_workspace/Projects_F407/MY_OTA_GUI/lvgl-9.3.0/src/core/lv_obj_event.c:335:18:lv_event_get_draw_task	8	static
