E:/ST/STM32/MY_workspace/Projects_F407/MY_OTA_GUI/lvgl-9.3.0/src/core/lv_refr.c:1005:20:layer_get_area	80	static
E:/ST/STM32/MY_workspace/Projects_F407/MY_OTA_GUI/lvgl-9.3.0/src/core/lv_refr.c:1049:13:alpha_test_area_on_obj	24	static
E:/ST/STM32/MY_workspace/Projects_F407/MY_OTA_GUI/lvgl-9.3.0/src/core/lv_refr.c:1415:13:wait_for_flushing	8	static
E:/ST/STM32/MY_workspace/Projects_F407/MY_OTA_GUI/lvgl-9.3.0/src/core/lv_refr.c:1389:13:call_flush_cb	32	static
E:/ST/STM32/MY_workspace/Projects_F407/MY_OTA_GUI/lvgl-9.3.0/src/core/lv_refr.c:911:19:lv_refr_get_top_obj	32	static
E:/ST/STM32/MY_workspace/Projects_F407/MY_OTA_GUI/lvgl-9.3.0/src/core/lv_refr.c:442:13:lv_refr_join_area	48	static
E:/ST/STM32/MY_workspace/Projects_F407/MY_OTA_GUI/lvgl-9.3.0/src/core/lv_refr.c:481:13:refr_sync_areas	136	static
E:/ST/STM32/MY_workspace/Projects_F407/MY_OTA_GUI/lvgl-9.3.0/src/core/lv_refr.c:1299:17:get_max_row	40	static
E:/ST/STM32/MY_workspace/Projects_F407/MY_OTA_GUI/lvgl-9.3.0/src/core/lv_refr.c:1347:13:draw_buf_flush	16	static
E:/ST/STM32/MY_workspace/Projects_F407/MY_OTA_GUI/lvgl-9.3.0/src/core/lv_refr.c:666:13:layer_reshape_draw_buf	32	static
E:/ST/STM32/MY_workspace/Projects_F407/MY_OTA_GUI/lvgl-9.3.0/src/core/lv_refr.c:75:6:lv_refr_init	0	static
E:/ST/STM32/MY_workspace/Projects_F407/MY_OTA_GUI/lvgl-9.3.0/src/core/lv_refr.c:79:6:lv_refr_deinit	0	static
E:/ST/STM32/MY_workspace/Projects_F407/MY_OTA_GUI/lvgl-9.3.0/src/core/lv_refr.c:100:6:lv_obj_redraw	304	static
E:/ST/STM32/MY_workspace/Projects_F407/MY_OTA_GUI/lvgl-9.3.0/src/core/lv_refr.c:1188:13:refr_obj	232	static
E:/ST/STM32/MY_workspace/Projects_F407/MY_OTA_GUI/lvgl-9.3.0/src/core/lv_refr.c:952:13:refr_obj_and_children	32	static
E:/ST/STM32/MY_workspace/Projects_F407/MY_OTA_GUI/lvgl-9.3.0/src/core/lv_refr.c:787:13:refr_configured_layer	40	static
E:/ST/STM32/MY_workspace/Projects_F407/MY_OTA_GUI/lvgl-9.3.0/src/core/lv_refr.c:682:13:refr_area	64	static
E:/ST/STM32/MY_workspace/Projects_F407/MY_OTA_GUI/lvgl-9.3.0/src/core/lv_refr.c:583:13:refr_invalid_areas	64	static
E:/ST/STM32/MY_workspace/Projects_F407/MY_OTA_GUI/lvgl-9.3.0/src/core/lv_refr.c:260:6:lv_inv_area	48	static
E:/ST/STM32/MY_workspace/Projects_F407/MY_OTA_GUI/lvgl-9.3.0/src/core/lv_refr.c:337:16:lv_refr_get_disp_refreshing	0	static
E:/ST/STM32/MY_workspace/Projects_F407/MY_OTA_GUI/lvgl-9.3.0/src/core/lv_refr.c:346:6:lv_refr_set_disp_refreshing	0	static
E:/ST/STM32/MY_workspace/Projects_F407/MY_OTA_GUI/lvgl-9.3.0/src/core/lv_refr.c:351:6:lv_display_refr_timer	8	static
E:/ST/STM32/MY_workspace/Projects_F407/MY_OTA_GUI/lvgl-9.3.0/src/core/lv_refr.c:83:6:lv_refr_now	8	static
