E:/ST/STM32/MY_workspace/Projects_F407/MY_OTA_GUI/lvgl-9.3.0/src/themes/simple/lv_theme_simple.c:205:13:theme_apply	16	static
E:/ST/STM32/MY_workspace/Projects_F407/MY_OTA_GUI/lvgl-9.3.0/src/themes/simple/../../core/../misc/lv_style.h:531:20:lv_style_set_pad_all	16	static
E:/ST/STM32/MY_workspace/Projects_F407/MY_OTA_GUI/lvgl-9.3.0/src/themes/simple/lv_theme_simple.c:145:6:lv_theme_simple_is_inited	0	static
E:/ST/STM32/MY_workspace/Projects_F407/MY_OTA_GUI/lvgl-9.3.0/src/themes/simple/lv_theme_simple.c:428:13:style_init_reset	8	static
E:/ST/STM32/MY_workspace/Projects_F407/MY_OTA_GUI/lvgl-9.3.0/src/themes/simple/lv_theme_simple.c:77:13:style_init	80	static
E:/ST/STM32/MY_workspace/Projects_F407/MY_OTA_GUI/lvgl-9.3.0/src/themes/simple/lv_theme_simple.c:152:14:lv_theme_simple_get	8	static
E:/ST/STM32/MY_workspace/Projects_F407/MY_OTA_GUI/lvgl-9.3.0/src/themes/simple/lv_theme_simple.c:161:6:lv_theme_simple_deinit	16	static
E:/ST/STM32/MY_workspace/Projects_F407/MY_OTA_GUI/lvgl-9.3.0/src/themes/simple/lv_theme_simple.c:177:14:lv_theme_simple_init	16	static
