E:/ST/STM32/MY_workspace/Projects_F407/MY_OTA_GUI/lvgl-9.3.0/src/draw/sw/lv_draw_sw_img.c:741:13:apply_mask	192	static
E:/ST/STM32/MY_workspace/Projects_F407/MY_OTA_GUI/lvgl-9.3.0/src/draw/sw/lv_draw_sw_img.c:560:13:recolor	80	static
E:/ST/STM32/MY_workspace/Projects_F407/MY_OTA_GUI/lvgl-9.3.0/src/draw/sw/lv_draw_sw_img.c:389:13:recolor_only	160	static
E:/ST/STM32/MY_workspace/Projects_F407/MY_OTA_GUI/lvgl-9.3.0/src/draw/sw/lv_draw_sw_img.c:309:13:radius_only	168	static
E:/ST/STM32/MY_workspace/Projects_F407/MY_OTA_GUI/lvgl-9.3.0/src/draw/sw/lv_draw_sw_img.c:452:13:transform_and_recolor	192	static
E:/ST/STM32/MY_workspace/Projects_F407/MY_OTA_GUI/lvgl-9.3.0/src/draw/sw/lv_draw_sw_img.c:216:13:img_draw_core	120	static
E:/ST/STM32/MY_workspace/Projects_F407/MY_OTA_GUI/lvgl-9.3.0/src/draw/sw/lv_draw_sw_img.c:201:6:lv_draw_sw_image	8	static
E:/ST/STM32/MY_workspace/Projects_F407/MY_OTA_GUI/lvgl-9.3.0/src/draw/sw/lv_draw_sw_img.c:104:6:lv_draw_sw_layer	136	static
