E:/ST/STM32/MY_workspace/Projects_F407/MY_OTA_GUI/lvgl-9.3.0/src/draw/sw/lv_draw_sw_transform.c:508:21:unpremultiply	16	static
E:/ST/STM32/MY_workspace/Projects_F407/MY_OTA_GUI/lvgl-9.3.0/src/draw/sw/lv_draw_sw_transform.c:871:13:transform_a8	80	static
E:/ST/STM32/MY_workspace/Projects_F407/MY_OTA_GUI/lvgl-9.3.0/src/draw/sw/lv_draw_sw_transform.c:949:13:transform_l8_to_al88	88	static
E:/ST/STM32/MY_workspace/Projects_F407/MY_OTA_GUI/lvgl-9.3.0/src/draw/sw/lv_draw_sw_transform.c:1027:13:transform_point_upscaled	8	static
E:/ST/STM32/MY_workspace/Projects_F407/MY_OTA_GUI/lvgl-9.3.0/src/draw/sw/lv_draw_sw_transform.c:315:13:transform_rgb888	88	static
E:/ST/STM32/MY_workspace/Projects_F407/MY_OTA_GUI/lvgl-9.3.0/src/draw/sw/lv_draw_sw_transform.c:415:13:transform_argb8888	80	static
E:/ST/STM32/MY_workspace/Projects_F407/MY_OTA_GUI/lvgl-9.3.0/src/draw/sw/lv_draw_sw_transform.c:525:13:transform_argb8888_premultiplied	80	static
E:/ST/STM32/MY_workspace/Projects_F407/MY_OTA_GUI/lvgl-9.3.0/src/draw/sw/lv_draw_sw_transform.c:755:13:transform_rgb565a8_swapped	96	static
E:/ST/STM32/MY_workspace/Projects_F407/MY_OTA_GUI/lvgl-9.3.0/src/draw/sw/lv_draw_sw_transform.c:640:13:transform_rgb565a8	96	static
E:/ST/STM32/MY_workspace/Projects_F407/MY_OTA_GUI/lvgl-9.3.0/src/draw/sw/lv_draw_sw_transform.c:110:6:lv_draw_sw_transform	200	static
