Archive member included to satisfy reference by file (symbol)

C:/Users/Ryumeido Mei/AppData/Local/stm32cube/bundles/gnu-tools-for-stm32/14.3.1+st.2/bin/../lib/gcc/arm-none-eabi/14.3.1/thumb/v7e-m+fp/hard\libgcc.a(_arm_addsubdf3.o)
                              CMakeFiles/bootloader.dir/BSP/Canif/canif.c.obj (__aeabi_f2d)
C:/Users/Ryumeido Mei/AppData/Local/stm32cube/bundles/gnu-tools-for-stm32/14.3.1+st.2/bin/../lib/gcc/arm-none-eabi/14.3.1/thumb/v7e-m+fp/hard\libgcc.a(_aeabi_uldivmod.o)
                              cmake/stm32cubemx/CMakeFiles/STM32_Drivers.dir/__/__/Drivers/STM32F4xx_HAL_Driver/Src/stm32f4xx_hal_rcc.c.obj (__aeabi_uldivmod)
C:/Users/Ryumeido Mei/AppData/Local/stm32cube/bundles/gnu-tools-for-stm32/14.3.1+st.2/bin/../lib/gcc/arm-none-eabi/14.3.1/thumb/v7e-m+fp/hard\libgcc.a(_udivmoddi4.o)
                              C:/Users/Ryumeido Mei/AppData/Local/stm32cube/bundles/gnu-tools-for-stm32/14.3.1+st.2/bin/../lib/gcc/arm-none-eabi/14.3.1/thumb/v7e-m+fp/hard\libgcc.a(_aeabi_uldivmod.o) (__udivmoddi4)
C:/Users/Ryumeido Mei/AppData/Local/stm32cube/bundles/gnu-tools-for-stm32/14.3.1+st.2/bin/../lib/gcc/arm-none-eabi/14.3.1/thumb/v7e-m+fp/hard\libgcc.a(_dvmd_tls.o)
                              C:/Users/Ryumeido Mei/AppData/Local/stm32cube/bundles/gnu-tools-for-stm32/14.3.1+st.2/bin/../lib/gcc/arm-none-eabi/14.3.1/thumb/v7e-m+fp/hard\libgcc.a(_aeabi_uldivmod.o) (__aeabi_ldiv0)
C:/Users/Ryumeido Mei/AppData/Local/stm32cube/bundles/gnu-tools-for-stm32/14.3.1+st.2/bin/../lib/gcc/arm-none-eabi/14.3.1/../../../../arm-none-eabi/lib/thumb/v7e-m+fp/hard\libg_nano.a(libc_a-exit.o)
                              C:/Users/Ryumeido Mei/AppData/Local/stm32cube/bundles/gnu-tools-for-stm32/14.3.1+st.2/bin/../lib/gcc/arm-none-eabi/14.3.1/../../../../arm-none-eabi/lib/thumb/v7e-m+fp/hard/crt0.o (exit)
C:/Users/Ryumeido Mei/AppData/Local/stm32cube/bundles/gnu-tools-for-stm32/14.3.1+st.2/bin/../lib/gcc/arm-none-eabi/14.3.1/../../../../arm-none-eabi/lib/thumb/v7e-m+fp/hard\libg_nano.a(libc_a-nano-vfprintf_float.o)
                              (_printf_float)
C:/Users/Ryumeido Mei/AppData/Local/stm32cube/bundles/gnu-tools-for-stm32/14.3.1+st.2/bin/../lib/gcc/arm-none-eabi/14.3.1/../../../../arm-none-eabi/lib/thumb/v7e-m+fp/hard\libg_nano.a(libc_a-nano-vfprintf_i.o)
                              C:/Users/Ryumeido Mei/AppData/Local/stm32cube/bundles/gnu-tools-for-stm32/14.3.1+st.2/bin/../lib/gcc/arm-none-eabi/14.3.1/../../../../arm-none-eabi/lib/thumb/v7e-m+fp/hard\libg_nano.a(libc_a-nano-vfprintf_float.o) (_printf_common)
C:/Users/Ryumeido Mei/AppData/Local/stm32cube/bundles/gnu-tools-for-stm32/14.3.1+st.2/bin/../lib/gcc/arm-none-eabi/14.3.1/../../../../arm-none-eabi/lib/thumb/v7e-m+fp/hard\libg_nano.a(libc_a-findfp.o)
                              C:/Users/Ryumeido Mei/AppData/Local/stm32cube/bundles/gnu-tools-for-stm32/14.3.1+st.2/bin/../lib/gcc/arm-none-eabi/14.3.1/../../../../arm-none-eabi/lib/thumb/v7e-m+fp/hard\libg_nano.a(libc_a-exit.o) (__stdio_exit_handler)
C:/Users/Ryumeido Mei/AppData/Local/stm32cube/bundles/gnu-tools-for-stm32/14.3.1+st.2/bin/../lib/gcc/arm-none-eabi/14.3.1/../../../../arm-none-eabi/lib/thumb/v7e-m+fp/hard\libg_nano.a(libc_a-fwalk.o)
                              C:/Users/Ryumeido Mei/AppData/Local/stm32cube/bundles/gnu-tools-for-stm32/14.3.1+st.2/bin/../lib/gcc/arm-none-eabi/14.3.1/../../../../arm-none-eabi/lib/thumb/v7e-m+fp/hard\libg_nano.a(libc_a-findfp.o) (_fwalk_sglue)
C:/Users/Ryumeido Mei/AppData/Local/stm32cube/bundles/gnu-tools-for-stm32/14.3.1+st.2/bin/../lib/gcc/arm-none-eabi/14.3.1/../../../../arm-none-eabi/lib/thumb/v7e-m+fp/hard\libg_nano.a(libc_a-printf.o)
                              CMakeFiles/bootloader.dir/Bootloader/Src/main.c.obj (printf)
C:/Users/Ryumeido Mei/AppData/Local/stm32cube/bundles/gnu-tools-for-stm32/14.3.1+st.2/bin/../lib/gcc/arm-none-eabi/14.3.1/../../../../arm-none-eabi/lib/thumb/v7e-m+fp/hard\libg_nano.a(libc_a-puts.o)
                              CMakeFiles/bootloader.dir/Bootloader/Src/main.c.obj (puts)
C:/Users/Ryumeido Mei/AppData/Local/stm32cube/bundles/gnu-tools-for-stm32/14.3.1+st.2/bin/../lib/gcc/arm-none-eabi/14.3.1/../../../../arm-none-eabi/lib/thumb/v7e-m+fp/hard\libg_nano.a(libc_a-sprintf.o)
                              CMakeFiles/bootloader.dir/Bootloader/Src/isotp.c.obj (sprintf)
C:/Users/Ryumeido Mei/AppData/Local/stm32cube/bundles/gnu-tools-for-stm32/14.3.1+st.2/bin/../lib/gcc/arm-none-eabi/14.3.1/../../../../arm-none-eabi/lib/thumb/v7e-m+fp/hard\libg_nano.a(libc_a-stdio.o)
                              C:/Users/Ryumeido Mei/AppData/Local/stm32cube/bundles/gnu-tools-for-stm32/14.3.1+st.2/bin/../lib/gcc/arm-none-eabi/14.3.1/../../../../arm-none-eabi/lib/thumb/v7e-m+fp/hard\libg_nano.a(libc_a-findfp.o) (__sread)
C:/Users/Ryumeido Mei/AppData/Local/stm32cube/bundles/gnu-tools-for-stm32/14.3.1+st.2/bin/../lib/gcc/arm-none-eabi/14.3.1/../../../../arm-none-eabi/lib/thumb/v7e-m+fp/hard\libg_nano.a(libc_a-vprintf.o)
[...]
Memory Configuration

Name             Origin             Length             Attributes
RAM              0x20000000         0x00020000         xrw
CCMRAM           0x10000000         0x00010000         xrw
FLASH            0x08000000         0x00008000         xr
*default*        0x00000000         0xffffffff

Linker script and memory map

LOAD C:/Users/Ryumeido Mei/AppData/Local/stm32cube/bundles/gnu-tools-for-stm32/14.3.1+st.2/bin/../lib/gcc/arm-none-eabi/14.3.1/thumb/v7e-m+fp/hard/crti.o
LOAD C:/Users/Ryumeido Mei/AppData/Local/stm32cube/bundles/gnu-tools-for-stm32/14.3.1+st.2/bin/../lib/gcc/arm-none-eabi/14.3.1/thumb/v7e-m+fp/hard/crtbegin.o
LOAD C:/Users/Ryumeido Mei/AppData/Local/stm32cube/bundles/gnu-tools-for-stm32/14.3.1+st.2/bin/../lib/gcc/arm-none-eabi/14.3.1/../../../../arm-none-eabi/lib/thumb/v7e-m+fp/hard/crt0.o
LOAD cmake/stm32cubemx/CMakeFiles/STM32_Drivers.dir/__/__/Core/Src/system_stm32f4xx.c.obj
LOAD cmake/stm32cubemx/CMakeFiles/STM32_Drivers.dir/__/__/Drivers/STM32F4xx_HAL_Driver/Src/stm32f4xx_hal_tim.c.obj
LOAD cmake/stm32cubemx/CMakeFiles/STM32_Drivers.dir/__/__/Drivers/STM32F4xx_HAL_Driver/Src/stm32f4xx_hal_tim_ex.c.obj
LOAD cmake/stm32cubemx/CMakeFiles/STM32_Drivers.dir/__/__/Drivers/STM32F4xx_HAL_Driver/Src/stm32f4xx_hal_can.c.obj
LOAD cmake/stm32cubemx/CMakeFiles/STM32_Drivers.dir/__/__/Drivers/STM32F4xx_HAL_Driver/Src/stm32f4xx_hal_rcc.c.obj
LOAD cmake/stm32cubemx/CMakeFiles/STM32_Drivers.dir/__/__/Drivers/STM32F4xx_HAL_Driver/Src/stm32f4xx_hal_rcc_ex.c.obj
LOAD cmake/stm32cubemx/CMakeFiles/STM32_Drivers.dir/__/__/Drivers/STM32F4xx_HAL_Driver/Src/stm32f4xx_hal_flash.c.obj
LOAD cmake/stm32cubemx/CMakeFiles/STM32_Drivers.dir/__/__/Drivers/STM32F4xx_HAL_Driver/Src/stm32f4xx_hal_flash_ex.c.obj
LOAD cmake/stm32cubemx/CMakeFiles/STM32_Drivers.dir/__/__/Drivers/STM32F4xx_HAL_Driver/Src/stm32f4xx_hal_flash_ramfunc.c.obj
LOAD cmake/stm32cubemx/CMakeFiles/STM32_Drivers.dir/__/__/Drivers/STM32F4xx_HAL_Driver/Src/stm32f4xx_hal_gpio.c.obj
LOAD cmake/stm32cubemx/CMakeFiles/STM32_Drivers.dir/__/__/Drivers/STM32F4xx_HAL_Driver/Src/stm32f4xx_hal_dma_ex.c.obj
LOAD cmake/stm32cubemx/CMakeFiles/STM32_Drivers.dir/__/__/Drivers/STM32F4xx_HAL_Driver/Src/stm32f4xx_hal_dma.c.obj
LOAD cmake/stm32cubemx/CMakeFiles/STM32_Drivers.dir/__/__/Drivers/STM32F4xx_HAL_Driver/Src/stm32f4xx_hal_pwr.c.obj
LOAD cmake/stm32cubemx/CMakeFiles/STM32_Drivers.dir/__/__/Drivers/STM32F4xx_HAL_Driver/Src/stm32f4xx_hal_pwr_ex.c.obj
LOAD cmake/stm32cubemx/CMakeFiles/STM32_Drivers.dir/__/__/Drivers/STM32F4xx_HAL_Driver/Src/stm32f4xx_hal_cortex.c.obj
LOAD cmake/stm32cubemx/CMakeFiles/STM32_Drivers.dir/__/__/Drivers/STM32F4xx_HAL_Driver/Src/stm32f4xx_hal.c.obj
LOAD cmake/stm32cubemx/CMakeFiles/STM32_Drivers.dir/__/__/Drivers/STM32F4xx_HAL_Driver/Src/stm32f4xx_hal_exti.c.obj
LOAD cmake/stm32cubemx/CMakeFiles/STM32_Drivers.dir/__/__/Drivers/STM32F4xx_HAL_Driver/Src/stm32f4xx_hal_eth.c.obj
LOAD cmake/stm32cubemx/CMakeFiles/STM32_Drivers.dir/__/__/Drivers/STM32F4xx_HAL_Driver/Src/stm32f4xx_ll_fsmc.c.obj
LOAD cmake/stm32cubemx/CMakeFiles/STM32_Drivers.dir/__/__/Drivers/STM32F4xx_HAL_Driver/Src/stm32f4xx_hal_nor.c.obj
LOAD cmake/stm32cubemx/CMakeFiles/STM32_Drivers.dir/__/__/Drivers/STM32F4xx_HAL_Driver/Src/stm32f4xx_hal_sram.c.obj
LOAD cmake/stm32cubemx/CMakeFiles/STM32_Drivers.dir/__/__/Drivers/STM32F4xx_HAL_Driver/Src/stm32f4xx_hal_nand.c.obj
LOAD cmake/stm32cubemx/CMakeFiles/STM32_Drivers.dir/__/__/Drivers/STM32F4xx_HAL_Driver/Src/stm32f4xx_hal_pccard.c.obj
LOAD cmake/stm32cubemx/CMakeFiles/STM32_Drivers.dir/__/__/Drivers/STM32F4xx_HAL_Driver/Src/stm32f4xx_hal_spi.c.obj
LOAD cmake/stm32cubemx/CMakeFiles/STM32_Drivers.dir/__/__/Drivers/STM32F4xx_HAL_Driver/Src/stm32f4xx_hal_uart.c.obj
LOAD CMakeFiles/bootloader.dir/Bootloader/Src/main.c.obj
LOAD CMakeFiles/bootloader.dir/Core/Src/boot_manager.c.obj
LOAD CMakeFiles/bootloader.dir/Core/Src/syscalls.c.obj
LOAD CMakeFiles/bootloader.dir/Core/Src/sysmem.c.obj
LOAD CMakeFiles/bootloader.dir/startup_stm32f407xx.s.obj
LOAD CMakeFiles/bootloader.dir/Core/Src/gpio.c.obj
LOAD CMakeFiles/bootloader.dir/Core/Src/can.c.obj
LOAD CMakeFiles/bootloader.dir/Core/Src/usart.c.obj
LOAD CMakeFiles/bootloader.dir/Core/Src/stm32f4xx_it.c.obj
LOAD CMakeFiles/bootloader.dir/Core/Src/stm32f4xx_hal_msp.c.obj
LOAD CMakeFiles/bootloader.dir/Core/Src/stm32f4xx_hal_timebase_tim.c.obj
LOAD CMakeFiles/bootloader.dir/Core/Src/inter_flash_cfg.c.obj
LOAD CMakeFiles/bootloader.dir/Core/Src/inter_flashif.c.obj
LOAD CMakeFiles/bootloader.dir/BSP/Canif/canif.c.obj
LOAD CMakeFiles/bootloader.dir/Bootloader/Src/isotp.c.obj
LOAD CMakeFiles/bootloader.dir/Bootloader/Src/isotp_porting.c.obj
LOAD CMakeFiles/bootloader.dir/Bootloader/Src/iso_tp_cfg.c.obj
LOAD CMakeFiles/bootloader.dir/Core/Src/en25q128.c.obj
START GROUP
LOAD C:/Users/Ryumeido Mei/AppData/Local/stm32cube/bundles/gnu-tools-for-stm32/14.3.1+st.2/bin/../lib/gcc/arm-none-eabi/14.3.1/thumb/v7e-m+fp/hard\libgcc.a
LOAD C:/Users/Ryumeido Mei/AppData/Local/stm32cube/bundles/gnu-tools-for-stm32/14.3.1+st.2/bin/../lib/gcc/arm-none-eabi/14.3.1/../../../../arm-none-eabi/lib/thumb/v7e-m+fp/hard\libg_nano.a
LOAD C:/Users/Ryumeido Mei/AppData/Local/stm32cube/bundles/gnu-tools-for-stm32/14.3.1+st.2/bin/../lib/gcc/arm-none-eabi/14.3.1/../../../../arm-none-eabi/lib/thumb/v7e-m+fp/hard\libc_nano.a
END GROUP
START GROUP
LOAD C:/Users/Ryumeido Mei/AppData/Local/stm32cube/bundles/gnu-tools-for-stm32/14.3.1+st.2/bin/../lib/gcc/arm-none-eabi/14.3.1/thumb/v7e-m+fp/hard\libgcc.a
LOAD C:/Users/Ryumeido Mei/AppData/Local/stm32cube/bundles/gnu-tools-for-stm32/14.3.1+st.2/bin/../lib/gcc/arm-none-eabi/14.3.1/../../../../arm-none-eabi/lib/thumb/v7e-m+fp/hard\libc_nano.a
END GROUP
LOAD C:/Users/Ryumeido Mei/AppData/Local/stm32cube/bundles/gnu-tools-for-stm32/14.3.1+st.2/bin/../lib/gcc/arm-none-eabi/14.3.1/thumb/v7e-m+fp/hard/crtend.o
LOAD C:/Users/Ryumeido Mei/AppData/Local/stm32cube/bundles/gnu-tools-for-stm32/14.3.1+st.2/bin/../lib/gcc/arm-none-eabi/14.3.1/thumb/v7e-m+fp/hard/crtn.o
                0x20020000                        _estack = (ORIGIN (RAM) + LENGTH (RAM))
                0x2001fc00                        _sstack = (_estack - _Min_Stack_Size)
                0x00000400                        _Min_Heap_Size = 0x400
                0x00000400                        _Min_Stack_Size = 0x400

.isr_vector     0x08000000      0x188
                0x08000000                        . = ALIGN (0x4)
 *(.isr_vector)
 .isr_vector    0x08000000      0x188 CMakeFiles/bootloader.dir/startup_stm32f407xx.s.obj
                0x08000000                g_pfnVectors
                0x08000188                        . = ALIGN (0x4)

.text           0x08000190     0x6b60
                0x08000190                        . = ALIGN (0x4)
 *(.text)
 .text          0x08000190       0x40 C:/Users/Ryumeido Mei/AppData/Local/stm32cube/bundles/gnu-tools-for-stm32/14.3.1+st.2/bin/../lib/gcc/arm-none-eabi/14.3.1/thumb/v7e-m+fp/hard/crtbegin.o
 .text          0x080001d0      0x378 C:/Users/Ryumeido Mei/AppData/Local/stm32cube/bundles/gnu-tools-for-stm32/14.3.1+st.2/bin/../lib/gcc/arm-none-eabi/14.3.1/thumb/v7e-m+fp/hard\libgcc.a(_arm_addsubdf3.o)
                0x080001d0                __aeabi_drsub
                0x080001d8                __aeabi_dsub
                0x080001d8                __subdf3
                0x080001dc                __aeabi_dadd
                0x080001dc                __adddf3
                0x08000454                __floatunsidf
                0x08000454                __aeabi_ui2d
                0x08000474                __floatsidf
                0x08000474                __aeabi_i2d
                0x08000498                __aeabi_f2d
                0x08000498                __extendsfdf2
                0x080004dc                __floatundidf
                0x080004dc                __aeabi_ul2d
                0x080004ec                __floatdidf
                0x080004ec                __aeabi_l2d
 .text          0x08000548       0x30 C:/Users/Ryumeido Mei/AppData/Local/stm32cube/bundles/gnu-tools-for-stm32/14.3.1+st.2/bin/../lib/gcc/arm-none-eabi/14.3.1/thumb/v7e-m+fp/hard\libgcc.a(_aeabi_uldivmod.o)
                0x08000548                __aeabi_uldivmod
 .text          0x08000578      0x2f8 C:/Users/Ryumeido Mei/AppData/Local/stm32cube/bundles/gnu-tools-for-stm32/14.3.1+st.2/bin/../lib/gcc/arm-none-eabi/14.3.1/thumb/v7e-m+fp/hard\libgcc.a(_udivmoddi4.o)
                0x08000578                __udivmoddi4
 .text          0x08000870        0x4 C:/Users/Ryumeido Mei/AppData/Local/stm32cube/bundles/gnu-tools-for-stm32/14.3.1+st.2/bin/../lib/gcc/arm-none-eabi/14.3.1/thumb/v7e-m+fp/hard\libgcc.a(_dvmd_tls.o)
                0x08000870                __aeabi_idiv0
                0x08000870                __aeabi_ldiv0
 *fill*         0x08000874        0xc 
 .text          0x08000880       0xa0 C:/Users/Ryumeido Mei/AppData/Local/stm32cube/bundles/gnu-tools-for-stm32/14.3.1+st.2/bin/../lib/gcc/arm-none-eabi/14.3.1/../../../../arm-none-eabi/lib/thumb/v7e-m+fp/hard\libg_nano.a(libc_a-memchr.o)
                0x08000880                memchr
 .text          0x08000920       0x10 C:/Users/Ryumeido Mei/AppData/Local/stm32cube/bundles/gnu-tools-for-stm32/14.3.1+st.2/bin/../lib/gcc/arm-none-eabi/14.3.1/../../../../arm-none-eabi/lib/thumb/v7e-m+fp/hard\libg_nano.a(libc_a-strlen.o)
                0x08000920                strlen
 .text          0x08000930      0x424 C:/Users/Ryumeido Mei/AppData/Local/stm32cube/bundles/gnu-tools-for-stm32/14.3.1+st.2/bin/../lib/gcc/arm-none-eabi/14.3.1/thumb/v7e-m+fp/hard\libgcc.a(_arm_muldivdf3.o)
                0x08000930                __aeabi_dmul
                0x08000930                __muldf3
                0x08000b84                __divdf3
                0x08000b84                __aeabi_ddiv
 .text          0x08000d54      0x110 C:/Users/Ryumeido Mei/AppData/Local/stm32cube/bundles/gnu-tools-for-stm32/14.3.1+st.2/bin/../lib/gcc/arm-none-eabi/14.3.1/thumb/v7e-m+fp/hard\libgcc.a(_arm_cmpdf2.o)
                0x08000d54                __gtdf2
                0x08000d54                __gedf2
                0x08000d5c                __ltdf2
                0x08000d5c                __ledf2
                0x08000d64                __nedf2
                0x08000d64                __eqdf2
                0x08000d64                __cmpdf2
                0x08000de0                __aeabi_cdrcmple
                0x08000df0                __aeabi_cdcmpeq
                0x08000df0                __aeabi_cdcmple
                0x08000e00                __aeabi_dcmpeq
                0x08000e14                __aeabi_dcmplt
                0x08000e28                __aeabi_dcmple
                0x08000e3c                __aeabi_dcmpge
                0x08000e50                __aeabi_dcmpgt
 .text          0x08000e64       0x2c C:/Users/Ryumeido Mei/AppData/Local/stm32cube/bundles/gnu-tools-for-stm32/14.3.1+st.2/bin/../lib/gcc/arm-none-eabi/14.3.1/thumb/v7e-m+fp/hard\libgcc.a(_arm_unorddf2.o)
                0x08000e64                __unorddf2
                0x08000e64                __aeabi_dcmpun
 .text          0x08000e90       0x50 C:/Users/Ryumeido Mei/AppData/Local/stm32cube/bundles/gnu-tools-for-stm32/14.3.1+st.2/bin/../lib/gcc/arm-none-eabi/14.3.1/thumb/v7e-m+fp/hard\libgcc.a(_arm_fixdfsi.o)
                0x08000e90                __aeabi_d2iz
                0x08000e90                __fixdfsi
 *(.text*)
 .text.SystemInit
                0x08000ee0       0x14 cmake/stm32cubemx/CMakeFiles/STM32_Drivers.dir/__/__/Core/Src/system_stm32f4xx.c.obj
                0x08000ee0                SystemInit
 .text.HAL_TIM_Base_MspInit
                0x08000ef4        0x2 cmake/stm32cubemx/CMakeFiles/STM32_Drivers.dir/__/__/Drivers/STM32F4xx_HAL_Driver/Src/stm32f4xx_hal_tim.c.obj
                0x08000ef4                HAL_TIM_Base_MspInit
 *fill*         0x08000ef6        0x2 
 .text.HAL_TIM_Base_Start_IT
                0x08000ef8       0x84 cmake/stm32cubemx/CMakeFiles/STM32_Drivers.dir/__/__/Drivers/STM32F4xx_HAL_Driver/Src/stm32f4xx_hal_tim.c.obj
                0x08000ef8                HAL_TIM_Base_Start_IT
 .text.HAL_TIM_PeriodElapsedCallback
                0x08000f7c        0x2 cmake/stm32cubemx/CMakeFiles/STM32_Drivers.dir/__/__/Drivers/STM32F4xx_HAL_Driver/Src/stm32f4xx_hal_tim.c.obj
                0x08000f7c                HAL_TIM_PeriodElapsedCallback
 .text.HAL_TIM_OC_DelayElapsedCallback
                0x08000f7e        0x2 cmake/stm32cubemx/CMakeFiles/STM32_Drivers.dir/__/__/Drivers/STM32F4xx_HAL_Driver/Src/stm32f4xx_hal_tim.c.obj
                0x08000f7e                HAL_TIM_OC_DelayElapsedCallback
 .text.HAL_TIM_IC_CaptureCallback
                0x08000f80        0x2 cmake/stm32cubemx/CMakeFiles/STM32_Drivers.dir/__/__/Drivers/STM32F4xx_HAL_Driver/Src/stm32f4xx_hal_tim.c.obj
                0x08000f80                HAL_TIM_IC_CaptureCallback
 .text.HAL_TIM_PWM_PulseFinishedCallback
                0x08000f82        0x2 cmake/stm32cubemx/CMakeFiles/STM32_Drivers.dir/__/__/Drivers/STM32F4xx_HAL_Driver/Src/stm32f4xx_hal_tim.c.obj
                0x08000f82                HAL_TIM_PWM_PulseFinishedCallback
 .text.HAL_TIM_TriggerCallback
                0x08000f84        0x2 cmake/stm32cubemx/CMakeFiles/STM32_Drivers.dir/__/__/Drivers/STM32F4xx_HAL_Driver/Src/stm32f4xx_hal_tim.c.obj
                0x08000f84                HAL_TIM_TriggerCallback
 .text.HAL_TIM_IRQHandler
                0x08000f86      0x15e cmake/stm32cubemx/CMakeFiles/STM32_Drivers.dir/__/__/Drivers/STM32F4xx_HAL_Driver/Src/stm32f4xx_hal_tim.c.obj
                0x08000f86                HAL_TIM_IRQHandler
 .text.TIM_Base_SetConfig
                0x080010e4       0xd0 cmake/stm32cubemx/CMakeFiles/STM32_Drivers.dir/__/__/Drivers/STM32F4xx_HAL_Driver/Src/stm32f4xx_hal_tim.c.obj
                0x080010e4                TIM_Base_SetConfig
 .text.HAL_TIM_Base_Init
                0x080011b4       0x58 cmake/stm32cubemx/CMakeFiles/STM32_Drivers.dir/__/__/Drivers/STM32F4xx_HAL_Driver/Src/stm32f4xx_hal_tim.c.obj
                0x080011b4                HAL_TIM_Base_Init
 .text.HAL_TIMEx_CommutCallback
                0x0800120c        0x2 cmake/stm32cubemx/CMakeFiles/STM32_Drivers.dir/__/__/Drivers/STM32F4xx_HAL_Driver/Src/stm32f4xx_hal_tim_ex.c.obj
                0x0800120c                HAL_TIMEx_CommutCallback
 .text.HAL_TIMEx_BreakCallback
                0x0800120e        0x2 cmake/stm32cubemx/CMakeFiles/STM32_Drivers.dir/__/__/Drivers/STM32F4xx_HAL_Driver/Src/stm32f4xx_hal_tim_ex.c.obj
                0x0800120e                HAL_TIMEx_BreakCallback
 .text.HAL_CAN_Init
                0x08001210      0x14c cmake/stm32cubemx/CMakeFiles/STM32_Drivers.dir/__/__/Drivers/STM32F4xx_HAL_Driver/Src/stm32f4xx_hal_can.c.obj
                0x08001210                HAL_CAN_Init
 .text.HAL_CAN_ConfigFilter
                0x0800135c      0x138 cmake/stm32cubemx/CMakeFiles/STM32_Drivers.dir/__/__/Drivers/STM32F4xx_HAL_Driver/Src/stm32f4xx_hal_can.c.obj
                0x0800135c                HAL_CAN_ConfigFilter
 .text.HAL_CAN_Start
                0x08001494       0x5c cmake/stm32cubemx/CMakeFiles/STM32_Drivers.dir/__/__/Drivers/STM32F4xx_HAL_Driver/Src/stm32f4xx_hal_can.c.obj
                0x08001494                HAL_CAN_Start
 .text.HAL_CAN_AddTxMessage
                0x080014f0       0xea cmake/stm32cubemx/CMakeFiles/STM32_Drivers.dir/__/__/Drivers/STM32F4xx_HAL_Driver/Src/stm32f4xx_hal_can.c.obj
                0x080014f0                HAL_CAN_AddTxMessage
 .text.HAL_CAN_GetRxMessage
                0x080015da      0x16a cmake/stm32cubemx/CMakeFiles/STM32_Drivers.dir/__/__/Drivers/STM32F4xx_HAL_Driver/Src/stm32f4xx_hal_can.c.obj
                0x080015da                HAL_CAN_GetRxMessage
 .text.HAL_CAN_GetRxFifoFillLevel
                0x08001744       0x26 cmake/stm32cubemx/CMakeFiles/STM32_Drivers.dir/__/__/Drivers/STM32F4xx_HAL_Driver/Src/stm32f4xx_hal_can.c.obj
                0x08001744                HAL_CAN_GetRxFifoFillLevel
 *fill*         0x0800176a        0x2 
 .text.HAL_RCC_OscConfig
                0x0800176c      0x3f8 cmake/stm32cubemx/CMakeFiles/STM32_Drivers.dir/__/__/Drivers/STM32F4xx_HAL_Driver/Src/stm32f4xx_hal_rcc.c.obj
                0x0800176c                HAL_RCC_OscConfig
 .text.HAL_RCC_GetSysClockFreq
                0x08001b64       0xdc cmake/stm32cubemx/CMakeFiles/STM32_Drivers.dir/__/__/Drivers/STM32F4xx_HAL_Driver/Src/stm32f4xx_hal_rcc.c.obj
                0x08001b64                HAL_RCC_GetSysClockFreq
 .text.HAL_RCC_ClockConfig
                0x08001c40      0x160 cmake/stm32cubemx/CMakeFiles/STM32_Drivers.dir/__/__/Drivers/STM32F4xx_HAL_Driver/Src/stm32f4xx_hal_rcc.c.obj
                0x08001c40                HAL_RCC_ClockConfig
 .text.HAL_RCC_GetHCLKFreq
                0x08001da0        0xc cmake/stm32cubemx/CMakeFiles/STM32_Drivers.dir/__/__/Drivers/STM32F4xx_HAL_Driver/Src/stm32f4xx_hal_rcc.c.obj
                0x08001da0                HAL_RCC_GetHCLKFreq
 .text.HAL_RCC_GetPCLK1Freq
                0x08001dac       0x20 cmake/stm32cubemx/CMakeFiles/STM32_Drivers.dir/__/__/Drivers/STM32F4xx_HAL_Driver/Src/stm32f4xx_hal_rcc.c.obj
                0x08001dac                HAL_RCC_GetPCLK1Freq
 .text.HAL_RCC_GetPCLK2Freq
                0x08001dcc       0x20 cmake/stm32cubemx/CMakeFiles/STM32_Drivers.dir/__/__/Drivers/STM32F4xx_HAL_Driver/Src/stm32f4xx_hal_rcc.c.obj
                0x08001dcc                HAL_RCC_GetPCLK2Freq
 .text.HAL_RCC_GetClockConfig
                0x08001dec       0x3c cmake/stm32cubemx/CMakeFiles/STM32_Drivers.dir/__/__/Drivers/STM32F4xx_HAL_Driver/Src/stm32f4xx_hal_rcc.c.obj
                0x08001dec                HAL_RCC_GetClockConfig
 .text.FLASH_Program_DoubleWord
                0x08001e28       0x30 cmake/stm32cubemx/CMakeFiles/STM32_Drivers.dir/__/__/Drivers/STM32F4xx_HAL_Driver/Src/stm32f4xx_hal_flash.c.obj
 .text.FLASH_Program_Word
                0x08001e58       0x24 cmake/stm32cubemx/CMakeFiles/STM32_Drivers.dir/__/__/Drivers/STM32F4xx_HAL_Driver/Src/stm32f4xx_hal_flash.c.obj
 .text.FLASH_Program_HalfWord
                0x08001e7c       0x24 cmake/stm32cubemx/CMakeFiles/STM32_Drivers.dir/__/__/Drivers/STM32F4xx_HAL_Driver/Src/stm32f4xx_hal_flash.c.obj
 .text.FLASH_Program_Byte
                0x08001ea0       0x20 cmake/stm32cubemx/CMakeFiles/STM32_Drivers.dir/__/__/Drivers/STM32F4xx_HAL_Driver/Src/stm32f4xx_hal_flash.c.obj
 .text.FLASH_SetErrorCode
                0x08001ec0       0x8c cmake/stm32cubemx/CMakeFiles/STM32_Drivers.dir/__/__/Drivers/STM32F4xx_HAL_Driver/Src/stm32f4xx_hal_flash.c.obj
 .text.HAL_FLASH_Unlock
                0x08001f4c       0x30 cmake/stm32cubemx/CMakeFiles/STM32_Drivers.dir/__/__/Drivers/STM32F4xx_HAL_Driver/Src/stm32f4xx_hal_flash.c.obj
                0x08001f4c                HAL_FLASH_Unlock
 .text.HAL_FLASH_Lock
                0x08001f7c       0x14 cmake/stm32cubemx/CMakeFiles/STM32_Drivers.dir/__/__/Drivers/STM32F4xx_HAL_Driver/Src/stm32f4xx_hal_flash.c.obj
                0x08001f7c                HAL_FLASH_Lock
 .text.FLASH_WaitForLastOperation
                0x08001f90       0x60 cmake/stm32cubemx/CMakeFiles/STM32_Drivers.dir/__/__/Drivers/STM32F4xx_HAL_Driver/Src/stm32f4xx_hal_flash.c.obj
                0x08001f90                FLASH_WaitForLastOperation
 .text.HAL_FLASH_Program
                0x08001ff0       0x7c cmake/stm32cubemx/CMakeFiles/STM32_Drivers.dir/__/__/Drivers/STM32F4xx_HAL_Driver/Src/stm32f4xx_hal_flash.c.obj
                0x08001ff0                HAL_FLASH_Program
 .text.FLASH_MassErase
                0x0800206c       0x24 cmake/stm32cubemx/CMakeFiles/STM32_Drivers.dir/__/__/Drivers/STM32F4xx_HAL_Driver/Src/stm32f4xx_hal_flash_ex.c.obj
 .text.FLASH_Erase_Sector
                0x08002090       0x4c cmake/stm32cubemx/CMakeFiles/STM32_Drivers.dir/__/__/Drivers/STM32F4xx_HAL_Driver/Src/stm32f4xx_hal_flash_ex.c.obj
                0x08002090                FLASH_Erase_Sector
 .text.FLASH_FlushCaches
                0x080020dc       0x60 cmake/stm32cubemx/CMakeFiles/STM32_Drivers.dir/__/__/Drivers/STM32F4xx_HAL_Driver/Src/stm32f4xx_hal_flash_ex.c.obj
                0x080020dc                FLASH_FlushCaches
 .text.HAL_FLASHEx_Erase
                0x0800213c       0x94 cmake/stm32cubemx/CMakeFiles/STM32_Drivers.dir/__/__/Drivers/STM32F4xx_HAL_Driver/Src/stm32f4xx_hal_flash_ex.c.obj
                0x0800213c                HAL_FLASHEx_Erase
 .text.HAL_GPIO_Init
                0x080021d0      0x1ec cmake/stm32cubemx/CMakeFiles/STM32_Drivers.dir/__/__/Drivers/STM32F4xx_HAL_Driver/Src/stm32f4xx_hal_gpio.c.obj
                0x080021d0                HAL_GPIO_Init
 .text.HAL_GPIO_WritePin
                0x080023bc        0xc cmake/stm32cubemx/CMakeFiles/STM32_Drivers.dir/__/__/Drivers/STM32F4xx_HAL_Driver/Src/stm32f4xx_hal_gpio.c.obj
                0x080023bc                HAL_GPIO_WritePin
 .text.HAL_DMA_Abort
                0x080023c8       0x92 cmake/stm32cubemx/CMakeFiles/STM32_Drivers.dir/__/__/Drivers/STM32F4xx_HAL_Driver/Src/stm32f4xx_hal_dma.c.obj
                0x080023c8                HAL_DMA_Abort
 .text.HAL_DMA_Abort_IT
                0x0800245a       0x24 cmake/stm32cubemx/CMakeFiles/STM32_Drivers.dir/__/__/Drivers/STM32F4xx_HAL_Driver/Src/stm32f4xx_hal_dma.c.obj
                0x0800245a                HAL_DMA_Abort_IT
 *fill*         0x0800247e        0x2 
 .text.__NVIC_EnableIRQ
                0x08002480       0x1c cmake/stm32cubemx/CMakeFiles/STM32_Drivers.dir/__/__/Drivers/STM32F4xx_HAL_Driver/Src/stm32f4xx_hal_cortex.c.obj
 .text.__NVIC_SetPriority
                0x0800249c       0x28 cmake/stm32cubemx/CMakeFiles/STM32_Drivers.dir/__/__/Drivers/STM32F4xx_HAL_Driver/Src/stm32f4xx_hal_cortex.c.obj
 .text.NVIC_EncodePriority
                0x080024c4       0x3c cmake/stm32cubemx/CMakeFiles/STM32_Drivers.dir/__/__/Drivers/STM32F4xx_HAL_Driver/Src/stm32f4xx_hal_cortex.c.obj
 .text.HAL_NVIC_SetPriorityGrouping
                0x08002500       0x24 cmake/stm32cubemx/CMakeFiles/STM32_Drivers.dir/__/__/Drivers/STM32F4xx_HAL_Driver/Src/stm32f4xx_hal_cortex.c.obj
                0x08002500                HAL_NVIC_SetPriorityGrouping
 .text.HAL_NVIC_SetPriority
                0x08002524       0x20 cmake/stm32cubemx/CMakeFiles/STM32_Drivers.dir/__/__/Drivers/STM32F4xx_HAL_Driver/Src/stm32f4xx_hal_cortex.c.obj
                0x08002524                HAL_NVIC_SetPriority
 .text.HAL_NVIC_EnableIRQ
                0x08002544        0x8 cmake/stm32cubemx/CMakeFiles/STM32_Drivers.dir/__/__/Drivers/STM32F4xx_HAL_Driver/Src/stm32f4xx_hal_cortex.c.obj
                0x08002544                HAL_NVIC_EnableIRQ
 .text.HAL_MspDeInit
                0x0800254c        0x2 cmake/stm32cubemx/CMakeFiles/STM32_Drivers.dir/__/__/Drivers/STM32F4xx_HAL_Driver/Src/stm32f4xx_hal.c.obj
                0x0800254c                HAL_MspDeInit
 *fill*         0x0800254e        0x2 
 .text.HAL_DeInit
                0x08002550       0x3c cmake/stm32cubemx/CMakeFiles/STM32_Drivers.dir/__/__/Drivers/STM32F4xx_HAL_Driver/Src/stm32f4xx_hal.c.obj
                0x08002550                HAL_DeInit
 .text.HAL_Init
                0x0800258c       0x34 cmake/stm32cubemx/CMakeFiles/STM32_Drivers.dir/__/__/Drivers/STM32F4xx_HAL_Driver/Src/stm32f4xx_hal.c.obj
                0x0800258c                HAL_Init
 .text.HAL_IncTick
                0x080025c0       0x18 cmake/stm32cubemx/CMakeFiles/STM32_Drivers.dir/__/__/Drivers/STM32F4xx_HAL_Driver/Src/stm32f4xx_hal.c.obj
                0x080025c0                HAL_IncTick
 .text.HAL_GetTick
                0x080025d8        0xc cmake/stm32cubemx/CMakeFiles/STM32_Drivers.dir/__/__/Drivers/STM32F4xx_HAL_Driver/Src/stm32f4xx_hal.c.obj
                0x080025d8                HAL_GetTick
 .text.UART_EndRxTransfer
                0x080025e4       0x5c cmake/stm32cubemx/CMakeFiles/STM32_Drivers.dir/__/__/Drivers/STM32F4xx_HAL_Driver/Src/stm32f4xx_hal_uart.c.obj
 .text.UART_Transmit_IT
                0x08002640       0x5e cmake/stm32cubemx/CMakeFiles/STM32_Drivers.dir/__/__/Drivers/STM32F4xx_HAL_Driver/Src/stm32f4xx_hal_uart.c.obj
 *fill*         0x0800269e        0x2 
 .text.UART_SetConfig
                0x080026a0      0x110 cmake/stm32cubemx/CMakeFiles/STM32_Drivers.dir/__/__/Drivers/STM32F4xx_HAL_Driver/Src/stm32f4xx_hal_uart.c.obj
 .text.UART_WaitOnFlagUntilTimeout
                0x080027b0       0x86 cmake/stm32cubemx/CMakeFiles/STM32_Drivers.dir/__/__/Drivers/STM32F4xx_HAL_Driver/Src/stm32f4xx_hal_uart.c.obj
 .text.HAL_UART_Init
                0x08002836       0x60 cmake/stm32cubemx/CMakeFiles/STM32_Drivers.dir/__/__/Drivers/STM32F4xx_HAL_Driver/Src/stm32f4xx_hal_uart.c.obj
                0x08002836                HAL_UART_Init
 .text.HAL_UART_Transmit
                0x08002896       0xca cmake/stm32cubemx/CMakeFiles/STM32_Drivers.dir/__/__/Drivers/STM32F4xx_HAL_Driver/Src/stm32f4xx_hal_uart.c.obj
                0x08002896                HAL_UART_Transmit
 .text.HAL_UART_TxCpltCallback
                0x08002960        0x2 cmake/stm32cubemx/CMakeFiles/STM32_Drivers.dir/__/__/Drivers/STM32F4xx_HAL_Driver/Src/stm32f4xx_hal_uart.c.obj
                0x08002960                HAL_UART_TxCpltCallback
 .text.UART_EndTransmit_IT
                0x08002962       0x1a cmake/stm32cubemx/CMakeFiles/STM32_Drivers.dir/__/__/Drivers/STM32F4xx_HAL_Driver/Src/stm32f4xx_hal_uart.c.obj
 .text.HAL_UART_ErrorCallback
                0x0800297c        0x2 cmake/stm32cubemx/CMakeFiles/STM32_Drivers.dir/__/__/Drivers/STM32F4xx_HAL_Driver/Src/stm32f4xx_hal_uart.c.obj
                0x0800297c                HAL_UART_ErrorCallback
 .text.UART_DMAAbortOnError
                0x0800297e        0xe cmake/stm32cubemx/CMakeFiles/STM32_Drivers.dir/__/__/Drivers/STM32F4xx_HAL_Driver/Src/stm32f4xx_hal_uart.c.obj
 .text.HAL_UARTEx_RxEventCallback
                0x0800298c        0x2 cmake/stm32cubemx/CMakeFiles/STM32_Drivers.dir/__/__/Drivers/STM32F4xx_HAL_Driver/Src/stm32f4xx_hal_uart.c.obj
                0x0800298c                HAL_UARTEx_RxEventCallback
 .text.UART_Receive_IT
                0x0800298e       0xe2 cmake/stm32cubemx/CMakeFiles/STM32_Drivers.dir/__/__/Drivers/STM32F4xx_HAL_Driver/Src/stm32f4xx_hal_uart.c.obj
 .text.HAL_UART_IRQHandler
                0x08002a70      0x2a0 cmake/stm32cubemx/CMakeFiles/STM32_Drivers.dir/__/__/Drivers/STM32F4xx_HAL_Driver/Src/stm32f4xx_hal_uart.c.obj
                0x08002a70                HAL_UART_IRQHandler
 .text.SystemClock_Config
                0x08002d10       0x9c CMakeFiles/bootloader.dir/Bootloader/Src/main.c.obj
 .text.PrintBootInfo
                0x08002dac       0xa4 CMakeFiles/bootloader.dir/Bootloader/Src/main.c.obj
 .text.SysTick_Handler
                0x08002e50        0x8 CMakeFiles/bootloader.dir/Bootloader/Src/main.c.obj
                0x08002e50                SysTick_Handler
 .text.Error_Handler
                0x08002e58        0x4 CMakeFiles/bootloader.dir/Bootloader/Src/main.c.obj
                0x08002e58                Error_Handler
 .text.main     0x08002e5c      0x1ac CMakeFiles/bootloader.dir/Bootloader/Src/main.c.obj
                0x08002e5c                main
 .text.boot_check_stack2jump_app
                0x08003008       0x58 CMakeFiles/bootloader.dir/Core/Src/boot_manager.c.obj
                0x08003008                boot_check_stack2jump_app
 .text._getpid  0x08003060        0x4 CMakeFiles/bootloader.dir/Core/Src/syscalls.c.obj
                0x08003060                _getpid
 .text._kill    0x08003064       0x10 CMakeFiles/bootloader.dir/Core/Src/syscalls.c.obj
                0x08003064                _kill
 .text._exit    0x08003074        0xc CMakeFiles/bootloader.dir/Core/Src/syscalls.c.obj
                0x08003074                _exit
 .text._read    0x08003080       0x20 CMakeFiles/bootloader.dir/Core/Src/syscalls.c.obj
                0x08003080                _read
 .text._close   0x080030a0        0x6 CMakeFiles/bootloader.dir/Core/Src/syscalls.c.obj
                0x080030a0                _close
 .text._fstat   0x080030a6        0xa CMakeFiles/bootloader.dir/Core/Src/syscalls.c.obj
                0x080030a6                _fstat
 .text._isatty  0x080030b0        0x4 CMakeFiles/bootloader.dir/Core/Src/syscalls.c.obj
                0x080030b0                _isatty
 .text._lseek   0x080030b4        0x4 CMakeFiles/bootloader.dir/Core/Src/syscalls.c.obj
                0x080030b4                _lseek
 .text._sbrk    0x080030b8       0x48 CMakeFiles/bootloader.dir/Core/Src/sysmem.c.obj
                0x080030b8                _sbrk
 .text.Reset_Handler
                0x08003100       0x50 CMakeFiles/bootloader.dir/startup_stm32f407xx.s.obj
                0x08003100                Reset_Handler
 .text.Default_Handler
                0x08003150        0x2 CMakeFiles/bootloader.dir/startup_stm32f407xx.s.obj
                0x08003150                RTC_Alarm_IRQHandler
                0x08003150                HASH_RNG_IRQHandler
                0x08003150                EXTI2_IRQHandler
                0x08003150                TIM8_CC_IRQHandler
                0x08003150                TIM1_CC_IRQHandler
                0x08003150                DMA2_Stream5_IRQHandler
                0x08003150                DMA1_Stream5_IRQHandler
                0x08003150                PVD_IRQHandler
                0x08003150                SDIO_IRQHandler
                0x08003150                TAMP_STAMP_IRQHandler
                0x08003150                PendSV_Handler
                0x08003150                CAN2_RX1_IRQHandler
                0x08003150                EXTI3_IRQHandler
                0x08003150                TIM8_TRG_COM_TIM14_IRQHandler
                0x08003150                TIM1_UP_TIM10_IRQHandler
                0x08003150                TIM8_UP_TIM13_IRQHandler
                0x08003150                I2C3_ER_IRQHandler
                0x08003150                EXTI0_IRQHandler
                0x08003150                I2C2_EV_IRQHandler
                0x08003150                DMA1_Stream2_IRQHandler
                0x08003150                CAN1_RX0_IRQHandler
                0x08003150                FPU_IRQHandler
                0x08003150                OTG_HS_WKUP_IRQHandler
                0x08003150                CAN2_SCE_IRQHandler
                0x08003150                DMA2_Stream2_IRQHandler
                0x08003150                SPI1_IRQHandler
                0x08003150                TIM6_DAC_IRQHandler
                0x08003150                TIM1_BRK_TIM9_IRQHandler
                0x08003150                DCMI_IRQHandler
                0x08003150                CAN2_RX0_IRQHandler
                0x08003150                DMA2_Stream3_IRQHandler
                0x08003150                USART6_IRQHandler
                0x08003150                USART3_IRQHandler
                0x08003150                CAN1_RX1_IRQHandler
                0x08003150                UART5_IRQHandler
                0x08003150                DMA2_Stream0_IRQHandler
                0x08003150                TIM4_IRQHandler
                0x08003150                I2C1_EV_IRQHandler
                0x08003150                DMA1_Stream6_IRQHandler
                0x08003150                DMA1_Stream1_IRQHandler
                0x08003150                UART4_IRQHandler
                0x08003150                RCC_IRQHandler
                0x08003150                TIM8_BRK_TIM12_IRQHandler
                0x08003150                Default_Handler
                0x08003150                EXTI15_10_IRQHandler
                0x08003150                ADC_IRQHandler
                0x08003150                DMA1_Stream7_IRQHandler
                0x08003150                TIM7_IRQHandler
                0x08003150                CAN2_TX_IRQHandler
                0x08003150                TIM5_IRQHandler
                0x08003150                DMA2_Stream7_IRQHandler
                0x08003150                I2C3_EV_IRQHandler
                0x08003150                EXTI9_5_IRQHandler
                0x08003150                RTC_WKUP_IRQHandler
                0x08003150                ETH_WKUP_IRQHandler
                0x08003150                SPI2_IRQHandler
                0x08003150                OTG_HS_EP1_IN_IRQHandler
                0x08003150                DMA1_Stream0_IRQHandler
                0x08003150                CAN1_TX_IRQHandler
                0x08003150                SVC_Handler
                0x08003150                EXTI4_IRQHandler
                0x08003150                FSMC_IRQHandler
                0x08003150                ETH_IRQHandler
                0x08003150                OTG_HS_EP1_OUT_IRQHandler
                0x08003150                WWDG_IRQHandler
                0x08003150                TIM2_IRQHandler
                0x08003150                OTG_FS_WKUP_IRQHandler
                0x08003150                TIM1_TRG_COM_TIM11_IRQHandler
                0x08003150                OTG_HS_IRQHandler
                0x08003150                EXTI1_IRQHandler
                0x08003150                USART2_IRQHandler
                0x08003150                I2C2_ER_IRQHandler
                0x08003150                DMA2_Stream1_IRQHandler
                0x08003150                CAN1_SCE_IRQHandler
                0x08003150                FLASH_IRQHandler
                0x08003150                DMA2_Stream4_IRQHandler
                0x08003150                OTG_FS_IRQHandler
                0x08003150                SPI3_IRQHandler
                0x08003150                DMA1_Stream4_IRQHandler
                0x08003150                I2C1_ER_IRQHandler
                0x08003150                DMA2_Stream6_IRQHandler
                0x08003150                DMA1_Stream3_IRQHandler
 *fill*         0x08003152        0x2 
 .text.MX_GPIO_Init
                0x08003154      0x210 CMakeFiles/bootloader.dir/Core/Src/gpio.c.obj
                0x08003154                MX_GPIO_Init
 .text.MX_CAN1_Init
                0x08003364       0x40 CMakeFiles/bootloader.dir/Core/Src/can.c.obj
                0x08003364                MX_CAN1_Init
 .text.HAL_CAN_MspInit
                0x080033a4       0x70 CMakeFiles/bootloader.dir/Core/Src/can.c.obj
                0x080033a4                HAL_CAN_MspInit
 .text.MX_USART1_UART_Init
                0x08003414       0x34 CMakeFiles/bootloader.dir/Core/Src/usart.c.obj
                0x08003414                MX_USART1_UART_Init
 .text.HAL_UART_MspInit
                0x08003448       0x80 CMakeFiles/bootloader.dir/Core/Src/usart.c.obj
                0x08003448                HAL_UART_MspInit
 .text._write   0x080034c8       0x18 CMakeFiles/bootloader.dir/Core/Src/usart.c.obj
                0x080034c8                _write
 .text.HAL_UART_RxCpltCallback
                0x080034e0       0x1c CMakeFiles/bootloader.dir/Core/Src/stm32f4xx_it.c.obj
                0x080034e0                HAL_UART_RxCpltCallback
 .text.NMI_Handler
                0x080034fc        0x2 CMakeFiles/bootloader.dir/Core/Src/stm32f4xx_it.c.obj
                0x080034fc                NMI_Handler
 .text.HardFault_Handler
                0x080034fe        0x2 CMakeFiles/bootloader.dir/Core/Src/stm32f4xx_it.c.obj
                0x080034fe                HardFault_Handler
 .text.MemManage_Handler
                0x08003500        0x2 CMakeFiles/bootloader.dir/Core/Src/stm32f4xx_it.c.obj
                0x08003500                MemManage_Handler
 .text.BusFault_Handler
                0x08003502        0x2 CMakeFiles/bootloader.dir/Core/Src/stm32f4xx_it.c.obj
                0x08003502                BusFault_Handler
 .text.UsageFault_Handler
                0x08003504        0x2 CMakeFiles/bootloader.dir/Core/Src/stm32f4xx_it.c.obj
                0x08003504                UsageFault_Handler
 .text.DebugMon_Handler
                0x08003506        0x2 CMakeFiles/bootloader.dir/Core/Src/stm32f4xx_it.c.obj
                0x08003506                DebugMon_Handler
 .text.TIM3_IRQHandler
                0x08003508       0x10 CMakeFiles/bootloader.dir/Core/Src/stm32f4xx_it.c.obj
                0x08003508                TIM3_IRQHandler
 .text.USART1_IRQHandler
                0x08003518       0x10 CMakeFiles/bootloader.dir/Core/Src/stm32f4xx_it.c.obj
                0x08003518                USART1_IRQHandler
 .text.HAL_MspInit
                0x08003528       0x44 CMakeFiles/bootloader.dir/Core/Src/stm32f4xx_hal_msp.c.obj
                0x08003528                HAL_MspInit
 .text.HAL_InitTick
                0x0800356c       0xa4 CMakeFiles/bootloader.dir/Core/Src/stm32f4xx_hal_timebase_tim.c.obj
                0x0800356c                HAL_InitTick
 .text.inter_flash_cfg_load
                0x08003610       0x70 CMakeFiles/bootloader.dir/Core/Src/inter_flash_cfg.c.obj
 .text.inter_flash_cfg_get_app_update_flag
                0x08003680       0x1c CMakeFiles/bootloader.dir/Core/Src/inter_flash_cfg.c.obj
                0x08003680                inter_flash_cfg_get_app_update_flag
 .text.inter_flash_cfg_set_app_update_flag
                0x0800369c       0x80 CMakeFiles/bootloader.dir/Core/Src/inter_flash_cfg.c.obj
                0x0800369c                inter_flash_cfg_set_app_update_flag
 .text.inter_flash_cfg_init
                0x0800371c       0x3c CMakeFiles/bootloader.dir/Core/Src/inter_flash_cfg.c.obj
                0x0800371c                inter_flash_cfg_init
 .text.inter_flash_cfg_inc_ota_count
                0x08003758       0x48 CMakeFiles/bootloader.dir/Core/Src/inter_flash_cfg.c.obj
                0x08003758                inter_flash_cfg_inc_ota_count
 .text.addr_to_sector
                0x080037a0       0x8c CMakeFiles/bootloader.dir/Core/Src/inter_flashif.c.obj
 .text.inter_flash_checksum
                0x0800382c       0x18 CMakeFiles/bootloader.dir/Core/Src/inter_flashif.c.obj
                0x0800382c                inter_flash_checksum
 .text.inter_flashif_read
                0x08003844       0x16 CMakeFiles/bootloader.dir/Core/Src/inter_flashif.c.obj
                0x08003844                inter_flashif_read
 .text.inter_flashif_write
                0x0800385a       0x3a CMakeFiles/bootloader.dir/Core/Src/inter_flashif.c.obj
                0x0800385a                inter_flashif_write
 .text.inter_flashif_erase_sector
                0x08003894       0x44 CMakeFiles/bootloader.dir/Core/Src/inter_flashif.c.obj
                0x08003894                inter_flashif_erase_sector
 .text.CAN1_Send_Msg
                0x080038d8       0x34 CMakeFiles/bootloader.dir/BSP/Canif/canif.c.obj
                0x080038d8                CAN1_Send_Msg
 .text.CAN1_Recv_Msg
                0x0800390c       0x38 CMakeFiles/bootloader.dir/BSP/Canif/canif.c.obj
                0x0800390c                CAN1_Recv_Msg
 .text.isotp_ms_to_st_min
                0x08003944        0xc CMakeFiles/bootloader.dir/Bootloader/Src/isotp.c.obj
 .text.isotp_st_min_to_ms
                0x08003950       0x1a CMakeFiles/bootloader.dir/Bootloader/Src/isotp.c.obj
 *fill*         0x0800396a        0x2 
 .text.isotp_receive_flow_control_frame
                0x0800396c       0x1c CMakeFiles/bootloader.dir/Bootloader/Src/isotp.c.obj
 .text.isotp_receive_single_frame
                0x08003988       0x48 CMakeFiles/bootloader.dir/Bootloader/Src/isotp.c.obj
 .text.isotp_receive_first_frame
                0x080039d0       0x6c CMakeFiles/bootloader.dir/Bootloader/Src/isotp.c.obj
 .text.isotp_send_flow_control
                0x08003a3c       0x46 CMakeFiles/bootloader.dir/Bootloader/Src/isotp.c.obj
 .text.isotp_send_consecutive_frame
                0x08003a82       0x70 CMakeFiles/bootloader.dir/Bootloader/Src/isotp.c.obj
 *fill*         0x08003af2        0x2 
 .text.isotp_receive_consecutive_frame
                0x08003af4       0x8c CMakeFiles/bootloader.dir/Bootloader/Src/isotp.c.obj
 .text.isotp_on_can_message
                0x08003b80      0x1ac CMakeFiles/bootloader.dir/Bootloader/Src/isotp.c.obj
                0x08003b80                isotp_on_can_message
 .text.isotp_receive
                0x08003d2c       0x32 CMakeFiles/bootloader.dir/Bootloader/Src/isotp.c.obj
                0x08003d2c                isotp_receive
 .text.isotp_init_link
                0x08003d5e       0x24 CMakeFiles/bootloader.dir/Bootloader/Src/isotp.c.obj
                0x08003d5e                isotp_init_link
 .text.isotp_poll
                0x08003d82       0x9e CMakeFiles/bootloader.dir/Bootloader/Src/isotp.c.obj
                0x08003d82                isotp_poll
 .text.isotp_user_debug
                0x08003e20       0x2c CMakeFiles/bootloader.dir/Bootloader/Src/isotp_porting.c.obj
                0x08003e20                isotp_user_debug
 .text.isotp_user_send_can
                0x08003e4c        0x8 CMakeFiles/bootloader.dir/Bootloader/Src/isotp_porting.c.obj
                0x08003e4c                isotp_user_send_can
 .text.isotp_user_get_ms
                0x08003e54        0x8 CMakeFiles/bootloader.dir/Bootloader/Src/isotp_porting.c.obj
                0x08003e54                isotp_user_get_ms
 .text.can_start
                0x08003e5c       0x38 CMakeFiles/bootloader.dir/Bootloader/Src/iso_tp_cfg.c.obj
 .text.iso_tp_init
                0x08003e94       0x44 CMakeFiles/bootloader.dir/Bootloader/Src/iso_tp_cfg.c.obj
                0x08003e94                iso_tp_init
 .text.iso_tp_poll
                0x08003ed8      0x19c CMakeFiles/bootloader.dir/Bootloader/Src/iso_tp_cfg.c.obj
                0x08003ed8                iso_tp_poll
 .text.spi1_xfer
                0x08004074       0x24 CMakeFiles/bootloader.dir/Core/Src/en25q128.c.obj
 .text.EN25Q128_ReadID
                0x08004098       0x38 CMakeFiles/bootloader.dir/Core/Src/en25q128.c.obj
                0x08004098                EN25Q128_ReadID
 .text.EN25Q128_Read
                0x080040d0       0x50 CMakeFiles/bootloader.dir/Core/Src/en25q128.c.obj
                0x080040d0                EN25Q128_Read
 .text.EN25Q128_Init
                0x08004120       0x44 CMakeFiles/bootloader.dir/Core/Src/en25q128.c.obj
                0x08004120                EN25Q128_Init
 .text.EN25Q128_RestoreFirmware
                0x08004164      0x150 CMakeFiles/bootloader.dir/Core/Src/en25q128.c.obj
                0x08004164                EN25Q128_RestoreFirmware
 .text.__cvt    0x080042b4       0xca C:/Users/Ryumeido Mei/AppData/Local/stm32cube/bundles/gnu-tools-for-stm32/14.3.1+st.2/bin/../lib/gcc/arm-none-eabi/14.3.1/../../../../arm-none-eabi/lib/thumb/v7e-m+fp/hard\libg_nano.a(libc_a-nano-vfprintf_float.o)
                0x080042b4                __cvt
 .text.__exponent
                0x0800437e       0x74 C:/Users/Ryumeido Mei/AppData/Local/stm32cube/bundles/gnu-tools-for-stm32/14.3.1+st.2/bin/../lib/gcc/arm-none-eabi/14.3.1/../../../../arm-none-eabi/lib/thumb/v7e-m+fp/hard\libg_nano.a(libc_a-nano-vfprintf_float.o)
                0x0800437e                __exponent
 *fill*         0x080043f2        0x2 
 .text._printf_float
                0x080043f4      0x450 C:/Users/Ryumeido Mei/AppData/Local/stm32cube/bundles/gnu-tools-for-stm32/14.3.1+st.2/bin/../lib/gcc/arm-none-eabi/14.3.1/../../../../arm-none-eabi/lib/thumb/v7e-m+fp/hard\libg_nano.a(libc_a-nano-vfprintf_float.o)
                0x080043f4                _printf_float
 .text._printf_common
                0x08004844       0xda C:/Users/Ryumeido Mei/AppData/Local/stm32cube/bundles/gnu-tools-for-stm32/14.3.1+st.2/bin/../lib/gcc/arm-none-eabi/14.3.1/../../../../arm-none-eabi/lib/thumb/v7e-m+fp/hard\libg_nano.a(libc_a-nano-vfprintf_i.o)
                0x08004844                _printf_common
 *fill*         0x0800491e        0x2 
 .text._printf_i
                0x08004920      0x24c C:/Users/Ryumeido Mei/AppData/Local/stm32cube/bundles/gnu-tools-for-stm32/14.3.1+st.2/bin/../lib/gcc/arm-none-eabi/14.3.1/../../../../arm-none-eabi/lib/thumb/v7e-m+fp/hard\libg_nano.a(libc_a-nano-vfprintf_i.o)
                0x08004920                _printf_i
 .text.std      0x08004b6c       0x6c C:/Users/Ryumeido Mei/AppData/Local/stm32cube/bundles/gnu-tools-for-stm32/14.3.1+st.2/bin/../lib/gcc/arm-none-eabi/14.3.1/../../../../arm-none-eabi/lib/thumb/v7e-m+fp/hard\libg_nano.a(libc_a-findfp.o)
 .text.stdio_exit_handler
                0x08004bd8       0x18 C:/Users/Ryumeido Mei/AppData/Local/stm32cube/bundles/gnu-tools-for-stm32/14.3.1+st.2/bin/../lib/gcc/arm-none-eabi/14.3.1/../../../../arm-none-eabi/lib/thumb/v7e-m+fp/hard\libg_nano.a(libc_a-findfp.o)
 .text.cleanup_stdio
                0x08004bf0       0x40 C:/Users/Ryumeido Mei/AppData/Local/stm32cube/bundles/gnu-tools-for-stm32/14.3.1+st.2/bin/../lib/gcc/arm-none-eabi/14.3.1/../../../../arm-none-eabi/lib/thumb/v7e-m+fp/hard\libg_nano.a(libc_a-findfp.o)
 .text.global_stdio_init.part.0
                0x08004c30       0x40 C:/Users/Ryumeido Mei/AppData/Local/stm32cube/bundles/gnu-tools-for-stm32/14.3.1+st.2/bin/../lib/gcc/arm-none-eabi/14.3.1/../../../../arm-none-eabi/lib/thumb/v7e-m+fp/hard\libg_nano.a(libc_a-findfp.o)
 .text.__sfp_lock_acquire
                0x08004c70        0xc C:/Users/Ryumeido Mei/AppData/Local/stm32cube/bundles/gnu-tools-for-stm32/14.3.1+st.2/bin/../lib/gcc/arm-none-eabi/14.3.1/../../../../arm-none-eabi/lib/thumb/v7e-m+fp/hard\libg_nano.a(libc_a-findfp.o)
                0x08004c70                __sfp_lock_acquire
 .text.__sfp_lock_release
                0x08004c7c        0xc C:/Users/Ryumeido Mei/AppData/Local/stm32cube/bundles/gnu-tools-for-stm32/14.3.1+st.2/bin/../lib/gcc/arm-none-eabi/14.3.1/../../../../arm-none-eabi/lib/thumb/v7e-m+fp/hard\libg_nano.a(libc_a-findfp.o)
                0x08004c7c                __sfp_lock_release
 .text.__sinit  0x08004c88       0x30 C:/Users/Ryumeido Mei/AppData/Local/stm32cube/bundles/gnu-tools-for-stm32/14.3.1+st.2/bin/../lib/gcc/arm-none-eabi/14.3.1/../../../../arm-none-eabi/lib/thumb/v7e-m+fp/hard\libg_nano.a(libc_a-findfp.o)
                0x08004c88                __sinit
 .text._fwalk_sglue
                0x08004cb8       0x3c C:/Users/Ryumeido Mei/AppData/Local/stm32cube/bundles/gnu-tools-for-stm32/14.3.1+st.2/bin/../lib/gcc/arm-none-eabi/14.3.1/../../../../arm-none-eabi/lib/thumb/v7e-m+fp/hard\libg_nano.a(libc_a-fwalk.o)
                0x08004cb8                _fwalk_sglue
 .text.printf   0x08004cf4       0x24 C:/Users/Ryumeido Mei/AppData/Local/stm32cube/bundles/gnu-tools-for-stm32/14.3.1+st.2/bin/../lib/gcc/arm-none-eabi/14.3.1/../../../../arm-none-eabi/lib/thumb/v7e-m+fp/hard\libg_nano.a(libc_a-printf.o)
                0x08004cf4                iprintf
                0x08004cf4                printf
 .text._puts_r  0x08004d18       0xaa C:/Users/Ryumeido Mei/AppData/Local/stm32cube/bundles/gnu-tools-for-stm32/14.3.1+st.2/bin/../lib/gcc/arm-none-eabi/14.3.1/../../../../arm-none-eabi/lib/thumb/v7e-m+fp/hard\libg_nano.a(libc_a-puts.o)
                0x08004d18                _puts_r
 *fill*         0x08004dc2        0x2 
 .text.puts     0x08004dc4       0x10 C:/Users/Ryumeido Mei/AppData/Local/stm32cube/bundles/gnu-tools-for-stm32/14.3.1+st.2/bin/../lib/gcc/arm-none-eabi/14.3.1/../../../../arm-none-eabi/lib/thumb/v7e-m+fp/hard\libg_nano.a(libc_a-puts.o)
                0x08004dc4                puts
 .text.__sread  0x08004dd4       0x22 C:/Users/Ryumeido Mei/AppData/Local/stm32cube/bundles/gnu-tools-for-stm32/14.3.1+st.2/bin/../lib/gcc/arm-none-eabi/14.3.1/../../../../arm-none-eabi/lib/thumb/v7e-m+fp/hard\libg_nano.a(libc_a-stdio.o)
                0x08004dd4                __sread
 .text.__swrite
                0x08004df6       0x38 C:/Users/Ryumeido Mei/AppData/Local/stm32cube/bundles/gnu-tools-for-stm32/14.3.1+st.2/bin/../lib/gcc/arm-none-eabi/14.3.1/../../../../arm-none-eabi/lib/thumb/v7e-m+fp/hard\libg_nano.a(libc_a-stdio.o)
                0x08004df6                __swrite
 .text.__sseek  0x08004e2e       0x26 C:/Users/Ryumeido Mei/AppData/Local/stm32cube/bundles/gnu-tools-for-stm32/14.3.1+st.2/bin/../lib/gcc/arm-none-eabi/14.3.1/../../../../arm-none-eabi/lib/thumb/v7e-m+fp/hard\libg_nano.a(libc_a-stdio.o)
                0x08004e2e                __sseek
 .text.__sclose
                0x08004e54        0x8 C:/Users/Ryumeido Mei/AppData/Local/stm32cube/bundles/gnu-tools-for-stm32/14.3.1+st.2/bin/../lib/gcc/arm-none-eabi/14.3.1/../../../../arm-none-eabi/lib/thumb/v7e-m+fp/hard\libg_nano.a(libc_a-stdio.o)
                0x08004e54                __sclose
 .text.vprintf  0x08004e5c       0x14 C:/Users/Ryumeido Mei/AppData/Local/stm32cube/bundles/gnu-tools-for-stm32/14.3.1+st.2/bin/../lib/gcc/arm-none-eabi/14.3.1/../../../../arm-none-eabi/lib/thumb/v7e-m+fp/hard\libg_nano.a(libc_a-vprintf.o)
                0x08004e5c                viprintf
                0x08004e5c                vprintf
 .text.__swbuf_r
                0x08004e70       0x7c C:/Users/Ryumeido Mei/AppData/Local/stm32cube/bundles/gnu-tools-for-stm32/14.3.1+st.2/bin/../lib/gcc/arm-none-eabi/14.3.1/../../../../arm-none-eabi/lib/thumb/v7e-m+fp/hard\libg_nano.a(libc_a-wbuf.o)
                0x08004e70                __swbuf_r
 .text.__swsetup_r
                0x08004eec       0xa8 C:/Users/Ryumeido Mei/AppData/Local/stm32cube/bundles/gnu-tools-for-stm32/14.3.1+st.2/bin/../lib/gcc/arm-none-eabi/14.3.1/../../../../arm-none-eabi/lib/thumb/v7e-m+fp/hard\libg_nano.a(libc_a-wsetup.o)
                0x08004eec                __swsetup_r
 .text.memset   0x08004f94       0x10 C:/Users/Ryumeido Mei/AppData/Local/stm32cube/bundles/gnu-tools-for-stm32/14.3.1+st.2/bin/../lib/gcc/arm-none-eabi/14.3.1/../../../../arm-none-eabi/lib/thumb/v7e-m+fp/hard\libg_nano.a(libc_a-memset.o)
                0x08004f94                memset
 .text._localeconv_r
                0x08004fa4        0x8 C:/Users/Ryumeido Mei/AppData/Local/stm32cube/bundles/gnu-tools-for-stm32/14.3.1+st.2/bin/../lib/gcc/arm-none-eabi/14.3.1/../../../../arm-none-eabi/lib/thumb/v7e-m+fp/hard\libg_nano.a(libc_a-localeconv.o)
                0x08004fa4                _localeconv_r
 .text._close_r
                0x08004fac       0x20 C:/Users/Ryumeido Mei/AppData/Local/stm32cube/bundles/gnu-tools-for-stm32/14.3.1+st.2/bin/../lib/gcc/arm-none-eabi/14.3.1/../../../../arm-none-eabi/lib/thumb/v7e-m+fp/hard\libg_nano.a(libc_a-closer.o)
                0x08004fac                _close_r
 .text._lseek_r
                0x08004fcc       0x24 C:/Users/Ryumeido Mei/AppData/Local/stm32cube/bundles/gnu-tools-for-stm32/14.3.1+st.2/bin/../lib/gcc/arm-none-eabi/14.3.1/../../../../arm-none-eabi/lib/thumb/v7e-m+fp/hard\libg_nano.a(libc_a-lseekr.o)
                0x08004fcc                _lseek_r
 .text._read_r  0x08004ff0       0x24 C:/Users/Ryumeido Mei/AppData/Local/stm32cube/bundles/gnu-tools-for-stm32/14.3.1+st.2/bin/../lib/gcc/arm-none-eabi/14.3.1/../../../../arm-none-eabi/lib/thumb/v7e-m+fp/hard\libg_nano.a(libc_a-readr.o)
                0x08004ff0                _read_r
 .text._write_r
                0x08005014       0x24 C:/Users/Ryumeido Mei/AppData/Local/stm32cube/bundles/gnu-tools-for-stm32/14.3.1+st.2/bin/../lib/gcc/arm-none-eabi/14.3.1/../../../../arm-none-eabi/lib/thumb/v7e-m+fp/hard\libg_nano.a(libc_a-writer.o)
                0x08005014                _write_r
 .text.__errno  0x08005038        0xc C:/Users/Ryumeido Mei/AppData/Local/stm32cube/bundles/gnu-tools-for-stm32/14.3.1+st.2/bin/../lib/gcc/arm-none-eabi/14.3.1/../../../../arm-none-eabi/lib/thumb/v7e-m+fp/hard\libg_nano.a(libc_a-errno.o)
                0x08005038                __errno
 .text.__libc_init_array
                0x08005044       0x48 C:/Users/Ryumeido Mei/AppData/Local/stm32cube/bundles/gnu-tools-for-stm32/14.3.1+st.2/bin/../lib/gcc/arm-none-eabi/14.3.1/../../../../arm-none-eabi/lib/thumb/v7e-m+fp/hard\libg_nano.a(libc_a-init.o)
                0x08005044                __libc_init_array
 .text.__retarget_lock_init_recursive
                0x0800508c        0x2 C:/Users/Ryumeido Mei/AppData/Local/stm32cube/bundles/gnu-tools-for-stm32/14.3.1+st.2/bin/../lib/gcc/arm-none-eabi/14.3.1/../../../../arm-none-eabi/lib/thumb/v7e-m+fp/hard\libg_nano.a(libc_a-lock.o)
                0x0800508c                __retarget_lock_init_recursive
 .text.__retarget_lock_acquire_recursive
                0x0800508e        0x2 C:/Users/Ryumeido Mei/AppData/Local/stm32cube/bundles/gnu-tools-for-stm32/14.3.1+st.2/bin/../lib/gcc/arm-none-eabi/14.3.1/../../../../arm-none-eabi/lib/thumb/v7e-m+fp/hard\libg_nano.a(libc_a-lock.o)
                0x0800508e                __retarget_lock_acquire_recursive
 .text.__retarget_lock_release_recursive
                0x08005090        0x2 C:/Users/Ryumeido Mei/AppData/Local/stm32cube/bundles/gnu-tools-for-stm32/14.3.1+st.2/bin/../lib/gcc/arm-none-eabi/14.3.1/../../../../arm-none-eabi/lib/thumb/v7e-m+fp/hard\libg_nano.a(libc_a-lock.o)
                0x08005090                __retarget_lock_release_recursive
 .text.memcpy   0x08005092       0x1c C:/Users/Ryumeido Mei/AppData/Local/stm32cube/bundles/gnu-tools-for-stm32/14.3.1+st.2/bin/../lib/gcc/arm-none-eabi/14.3.1/../../../../arm-none-eabi/lib/thumb/v7e-m+fp/hard\libg_nano.a(libc_a-memcpy-stub.o)
                0x08005092                memcpy
 .text.quorem   0x080050ae      0x110 C:/Users/Ryumeido Mei/AppData/Local/stm32cube/bundles/gnu-tools-for-stm32/14.3.1+st.2/bin/../lib/gcc/arm-none-eabi/14.3.1/../../../../arm-none-eabi/lib/thumb/v7e-m+fp/hard\libg_nano.a(libc_a-dtoa.o)
 *fill*         0x080051be        0x2 
 .text._dtoa_r  0x080051c0      0xbb8 C:/Users/Ryumeido Mei/AppData/Local/stm32cube/bundles/gnu-tools-for-stm32/14.3.1+st.2/bin/../lib/gcc/arm-none-eabi/14.3.1/../../../../arm-none-eabi/lib/thumb/v7e-m+fp/hard\libg_nano.a(libc_a-dtoa.o)
                0x080051c0                _dtoa_r
 .text._free_r  0x08005d78       0x94 C:/Users/Ryumeido Mei/AppData/Local/stm32cube/bundles/gnu-tools-for-stm32/14.3.1+st.2/bin/../lib/gcc/arm-none-eabi/14.3.1/../../../../arm-none-eabi/lib/thumb/v7e-m+fp/hard\libg_nano.a(libc_a-freer.o)
                0x08005d78                _free_r
 .text.malloc   0x08005e0c       0x10 C:/Users/Ryumeido Mei/AppData/Local/stm32cube/bundles/gnu-tools-for-stm32/14.3.1+st.2/bin/../lib/gcc/arm-none-eabi/14.3.1/../../../../arm-none-eabi/lib/thumb/v7e-m+fp/hard\libg_nano.a(libc_a-malloc.o)
                0x08005e0c                malloc
 .text.sbrk_aligned
                0x08005e1c       0x44 C:/Users/Ryumeido Mei/AppData/Local/stm32cube/bundles/gnu-tools-for-stm32/14.3.1+st.2/bin/../lib/gcc/arm-none-eabi/14.3.1/../../../../arm-none-eabi/lib/thumb/v7e-m+fp/hard\libg_nano.a(libc_a-mallocr.o)
 .text._malloc_r
                0x08005e60      0x100 C:/Users/Ryumeido Mei/AppData/Local/stm32cube/bundles/gnu-tools-for-stm32/14.3.1+st.2/bin/../lib/gcc/arm-none-eabi/14.3.1/../../../../arm-none-eabi/lib/thumb/v7e-m+fp/hard\libg_nano.a(libc_a-mallocr.o)
                0x08005e60                _malloc_r
 .text.__malloc_lock
                0x08005f60        0xc C:/Users/Ryumeido Mei/AppData/Local/stm32cube/bundles/gnu-tools-for-stm32/14.3.1+st.2/bin/../lib/gcc/arm-none-eabi/14.3.1/../../../../arm-none-eabi/lib/thumb/v7e-m+fp/hard\libg_nano.a(libc_a-mlock.o)
                0x08005f60                __malloc_lock
 .text.__malloc_unlock
                0x08005f6c        0xc C:/Users/Ryumeido Mei/AppData/Local/stm32cube/bundles/gnu-tools-for-stm32/14.3.1+st.2/bin/../lib/gcc/arm-none-eabi/14.3.1/../../../../arm-none-eabi/lib/thumb/v7e-m+fp/hard\libg_nano.a(libc_a-mlock.o)
                0x08005f6c                __malloc_unlock
 .text._Balloc  0x08005f78       0x7c C:/Users/Ryumeido Mei/AppData/Local/stm32cube/bundles/gnu-tools-for-stm32/14.3.1+st.2/bin/../lib/gcc/arm-none-eabi/14.3.1/../../../../arm-none-eabi/lib/thumb/v7e-m+fp/hard\libg_nano.a(libc_a-mprec.o)
                0x08005f78                _Balloc
 .text._Bfree   0x08005ff4       0x44 C:/Users/Ryumeido Mei/AppData/Local/stm32cube/bundles/gnu-tools-for-stm32/14.3.1+st.2/bin/../lib/gcc/arm-none-eabi/14.3.1/../../../../arm-none-eabi/lib/thumb/v7e-m+fp/hard\libg_nano.a(libc_a-mprec.o)
                0x08005ff4                _Bfree
 .text.__multadd
                0x08006038       0x8c C:/Users/Ryumeido Mei/AppData/Local/stm32cube/bundles/gnu-tools-for-stm32/14.3.1+st.2/bin/../lib/gcc/arm-none-eabi/14.3.1/../../../../arm-none-eabi/lib/thumb/v7e-m+fp/hard\libg_nano.a(libc_a-mprec.o)
                0x08006038                __multadd
 .text.__hi0bits
                0x080060c4       0x3e C:/Users/Ryumeido Mei/AppData/Local/stm32cube/bundles/gnu-tools-for-stm32/14.3.1+st.2/bin/../lib/gcc/arm-none-eabi/14.3.1/../../../../arm-none-eabi/lib/thumb/v7e-m+fp/hard\libg_nano.a(libc_a-mprec.o)
                0x080060c4                __hi0bits
 .text.__lo0bits
                0x08006102       0x5a C:/Users/Ryumeido Mei/AppData/Local/stm32cube/bundles/gnu-tools-for-stm32/14.3.1+st.2/bin/../lib/gcc/arm-none-eabi/14.3.1/../../../../arm-none-eabi/lib/thumb/v7e-m+fp/hard\libg_nano.a(libc_a-mprec.o)
                0x08006102                __lo0bits
 .text.__i2b    0x0800615c       0x2c C:/Users/Ryumeido Mei/AppData/Local/stm32cube/bundles/gnu-tools-for-stm32/14.3.1+st.2/bin/../lib/gcc/arm-none-eabi/14.3.1/../../../../arm-none-eabi/lib/thumb/v7e-m+fp/hard\libg_nano.a(libc_a-mprec.o)
                0x0800615c                __i2b
 .text.__multiply
                0x08006188      0x154 C:/Users/Ryumeido Mei/AppData/Local/stm32cube/bundles/gnu-tools-for-stm32/14.3.1+st.2/bin/../lib/gcc/arm-none-eabi/14.3.1/../../../../arm-none-eabi/lib/thumb/v7e-m+fp/hard\libg_nano.a(libc_a-mprec.o)
                0x08006188                __multiply
 .text.__pow5mult
                0x080062dc       0xb8 C:/Users/Ryumeido Mei/AppData/Local/stm32cube/bundles/gnu-tools-for-stm32/14.3.1+st.2/bin/../lib/gcc/arm-none-eabi/14.3.1/../../../../arm-none-eabi/lib/thumb/v7e-m+fp/hard\libg_nano.a(libc_a-mprec.o)
                0x080062dc                __pow5mult
 .text.__lshift
                0x08006394       0xdc C:/Users/Ryumeido Mei/AppData/Local/stm32cube/bundles/gnu-tools-for-stm32/14.3.1+st.2/bin/../lib/gcc/arm-none-eabi/14.3.1/../../../../arm-none-eabi/lib/thumb/v7e-m+fp/hard\libg_nano.a(libc_a-mprec.o)
                0x08006394                __lshift
 .text.__mcmp   0x08006470       0x36 C:/Users/Ryumeido Mei/AppData/Local/stm32cube/bundles/gnu-tools-for-stm32/14.3.1+st.2/bin/../lib/gcc/arm-none-eabi/14.3.1/../../../../arm-none-eabi/lib/thumb/v7e-m+fp/hard\libg_nano.a(libc_a-mprec.o)
                0x08006470                __mcmp
 *fill*         0x080064a6        0x2 
 .text.__mdiff  0x080064a8      0x130 C:/Users/Ryumeido Mei/AppData/Local/stm32cube/bundles/gnu-tools-for-stm32/14.3.1+st.2/bin/../lib/gcc/arm-none-eabi/14.3.1/../../../../arm-none-eabi/lib/thumb/v7e-m+fp/hard\libg_nano.a(libc_a-mprec.o)
                0x080064a8                __mdiff
 .text.__d2b    0x080065d8       0xb0 C:/Users/Ryumeido Mei/AppData/Local/stm32cube/bundles/gnu-tools-for-stm32/14.3.1+st.2/bin/../lib/gcc/arm-none-eabi/14.3.1/../../../../arm-none-eabi/lib/thumb/v7e-m+fp/hard\libg_nano.a(libc_a-mprec.o)
                0x080065d8                __d2b
 .text.__sfputc_r
                0x08006688       0x2e C:/Users/Ryumeido Mei/AppData/Local/stm32cube/bundles/gnu-tools-for-stm32/14.3.1+st.2/bin/../lib/gcc/arm-none-eabi/14.3.1/../../../../arm-none-eabi/lib/thumb/v7e-m+fp/hard\libg_nano.a(libc_a-nano-vfprintf.o)
 .text.__sfputs_r
                0x080066b6       0x24 C:/Users/Ryumeido Mei/AppData/Local/stm32cube/bundles/gnu-tools-for-stm32/14.3.1+st.2/bin/../lib/gcc/arm-none-eabi/14.3.1/../../../../arm-none-eabi/lib/thumb/v7e-m+fp/hard\libg_nano.a(libc_a-nano-vfprintf.o)
                0x080066b6                __sfputs_r
 *fill*         0x080066da        0x2 
 .text._vfprintf_r
                0x080066dc      0x228 C:/Users/Ryumeido Mei/AppData/Local/stm32cube/bundles/gnu-tools-for-stm32/14.3.1+st.2/bin/../lib/gcc/arm-none-eabi/14.3.1/../../../../arm-none-eabi/lib/thumb/v7e-m+fp/hard\libg_nano.a(libc_a-nano-vfprintf.o)
                0x080066dc                _vfprintf_r
                0x080066dc                _vfiprintf_r
 .text.__sflush_r
                0x08006904      0x104 C:/Users/Ryumeido Mei/AppData/Local/stm32cube/bundles/gnu-tools-for-stm32/14.3.1+st.2/bin/../lib/gcc/arm-none-eabi/14.3.1/../../../../arm-none-eabi/lib/thumb/v7e-m+fp/hard\libg_nano.a(libc_a-fflush.o)
                0x08006904                __sflush_r
 .text._fflush_r
                0x08006a08       0x50 C:/Users/Ryumeido Mei/AppData/Local/stm32cube/bundles/gnu-tools-for-stm32/14.3.1+st.2/bin/../lib/gcc/arm-none-eabi/14.3.1/../../../../arm-none-eabi/lib/thumb/v7e-m+fp/hard\libg_nano.a(libc_a-fflush.o)
                0x08006a08                _fflush_r
 .text.__swhatbuf_r
                0x08006a58       0x48 C:/Users/Ryumeido Mei/AppData/Local/stm32cube/bundles/gnu-tools-for-stm32/14.3.1+st.2/bin/../lib/gcc/arm-none-eabi/14.3.1/../../../../arm-none-eabi/lib/thumb/v7e-m+fp/hard\libg_nano.a(libc_a-makebuf.o)
                0x08006a58                __swhatbuf_r
 .text.__smakebuf_r
                0x08006aa0       0x72 C:/Users/Ryumeido Mei/AppData/Local/stm32cube/bundles/gnu-tools-for-stm32/14.3.1+st.2/bin/../lib/gcc/arm-none-eabi/14.3.1/../../../../arm-none-eabi/lib/thumb/v7e-m+fp/hard\libg_nano.a(libc_a-makebuf.o)
                0x08006aa0                __smakebuf_r
 *fill*         0x08006b12        0x2 
 .text._fstat_r
                0x08006b14       0x24 C:/Users/Ryumeido Mei/AppData/Local/stm32cube/bundles/gnu-tools-for-stm32/14.3.1+st.2/bin/../lib/gcc/arm-none-eabi/14.3.1/../../../../arm-none-eabi/lib/thumb/v7e-m+fp/hard\libg_nano.a(libc_a-fstatr.o)
                0x08006b14                _fstat_r
 .text._isatty_r
                0x08006b38       0x20 C:/Users/Ryumeido Mei/AppData/Local/stm32cube/bundles/gnu-tools-for-stm32/14.3.1+st.2/bin/../lib/gcc/arm-none-eabi/14.3.1/../../../../arm-none-eabi/lib/thumb/v7e-m+fp/hard\libg_nano.a(libc_a-isattyr.o)
                0x08006b38                _isatty_r
 .text._sbrk_r  0x08006b58       0x20 C:/Users/Ryumeido Mei/AppData/Local/stm32cube/bundles/gnu-tools-for-stm32/14.3.1+st.2/bin/../lib/gcc/arm-none-eabi/14.3.1/../../../../arm-none-eabi/lib/thumb/v7e-m+fp/hard\libg_nano.a(libc_a-sbrkr.o)
                0x08006b58                _sbrk_r
 .text.__assert_func
                0x08006b78       0x3c C:/Users/Ryumeido Mei/AppData/Local/stm32cube/bundles/gnu-tools-for-stm32/14.3.1+st.2/bin/../lib/gcc/arm-none-eabi/14.3.1/../../../../arm-none-eabi/lib/thumb/v7e-m+fp/hard\libg_nano.a(libc_a-assert.o)
                0x08006b78                __assert_func
 .text._calloc_r
                0x08006bb4       0x28 C:/Users/Ryumeido Mei/AppData/Local/stm32cube/bundles/gnu-tools-for-stm32/14.3.1+st.2/bin/../lib/gcc/arm-none-eabi/14.3.1/../../../../arm-none-eabi/lib/thumb/v7e-m+fp/hard\libg_nano.a(libc_a-callocr.o)
                0x08006bb4                _calloc_r
 .text.__ascii_mbtowc
                0x08006bdc       0x24 C:/Users/Ryumeido Mei/AppData/Local/stm32cube/bundles/gnu-tools-for-stm32/14.3.1+st.2/bin/../lib/gcc/arm-none-eabi/14.3.1/../../../../arm-none-eabi/lib/thumb/v7e-m+fp/hard\libg_nano.a(libc_a-mbtowc_r.o)
                0x08006bdc                __ascii_mbtowc
 .text.__ascii_wctomb
                0x08006c00       0x1a C:/Users/Ryumeido Mei/AppData/Local/stm32cube/bundles/gnu-tools-for-stm32/14.3.1+st.2/bin/../lib/gcc/arm-none-eabi/14.3.1/../../../../arm-none-eabi/lib/thumb/v7e-m+fp/hard\libg_nano.a(libc_a-wctomb_r.o)
                0x08006c00                __ascii_wctomb
 *fill*         0x08006c1a        0x2 
 .text.fprintf  0x08006c1c       0x24 C:/Users/Ryumeido Mei/AppData/Local/stm32cube/bundles/gnu-tools-for-stm32/14.3.1+st.2/bin/../lib/gcc/arm-none-eabi/14.3.1/../../../../arm-none-eabi/lib/thumb/v7e-m+fp/hard\libg_nano.a(libc_a-fprintf.o)
                0x08006c1c                fiprintf
                0x08006c1c                fprintf
 .text.abort    0x08006c40        0xe C:/Users/Ryumeido Mei/AppData/Local/stm32cube/bundles/gnu-tools-for-stm32/14.3.1+st.2/bin/../lib/gcc/arm-none-eabi/14.3.1/../../../../arm-none-eabi/lib/thumb/v7e-m+fp/hard\libg_nano.a(libc_a-abort.o)
                0x08006c40                abort
 .text._raise_r
                0x08006c4e       0x50 C:/Users/Ryumeido Mei/AppData/Local/stm32cube/bundles/gnu-tools-for-stm32/14.3.1+st.2/bin/../lib/gcc/arm-none-eabi/14.3.1/../../../../arm-none-eabi/lib/thumb/v7e-m+fp/hard\libg_nano.a(libc_a-signal.o)
                0x08006c4e                _raise_r
 *fill*         0x08006c9e        0x2 
 .text.raise    0x08006ca0       0x10 C:/Users/Ryumeido Mei/AppData/Local/stm32cube/bundles/gnu-tools-for-stm32/14.3.1+st.2/bin/../lib/gcc/arm-none-eabi/14.3.1/../../../../arm-none-eabi/lib/thumb/v7e-m+fp/hard\libg_nano.a(libc_a-signal.o)
                0x08006ca0                raise
 .text._kill_r  0x08006cb0       0x24 C:/Users/Ryumeido Mei/AppData/Local/stm32cube/bundles/gnu-tools-for-stm32/14.3.1+st.2/bin/../lib/gcc/arm-none-eabi/14.3.1/../../../../arm-none-eabi/lib/thumb/v7e-m+fp/hard\libg_nano.a(libc_a-signalr.o)
                0x08006cb0                _kill_r
 .text._getpid_r
                0x08006cd4        0x4 C:/Users/Ryumeido Mei/AppData/Local/stm32cube/bundles/gnu-tools-for-stm32/14.3.1+st.2/bin/../lib/gcc/arm-none-eabi/14.3.1/../../../../arm-none-eabi/lib/thumb/v7e-m+fp/hard\libg_nano.a(libc_a-signalr.o)
                0x08006cd4                _getpid_r
 *(.glue_7)
 .glue_7        0x08006cd8        0x0 linker stubs
 *(.glue_7t)
 .glue_7t       0x08006cd8        0x0 linker stubs
 *(.eh_frame)
 .eh_frame      0x08006cd8        0x0 C:/Users/Ryumeido Mei/AppData/Local/stm32cube/bundles/gnu-tools-for-stm32/14.3.1+st.2/bin/../lib/gcc/arm-none-eabi/14.3.1/thumb/v7e-m+fp/hard/crtbegin.o
 *(.init)
 .init          0x08006cd8        0x4 C:/Users/Ryumeido Mei/AppData/Local/stm32cube/bundles/gnu-tools-for-stm32/14.3.1+st.2/bin/../lib/gcc/arm-none-eabi/14.3.1/thumb/v7e-m+fp/hard/crti.o
                0x08006cd8                _init
 .init          0x08006cdc        0x8 C:/Users/Ryumeido Mei/AppData/Local/stm32cube/bundles/gnu-tools-for-stm32/14.3.1+st.2/bin/../lib/gcc/arm-none-eabi/14.3.1/thumb/v7e-m+fp/hard/crtn.o
 *(.fini)
 .fini          0x08006ce4        0x4 C:/Users/Ryumeido Mei/AppData/Local/stm32cube/bundles/gnu-tools-for-stm32/14.3.1+st.2/bin/../lib/gcc/arm-none-eabi/14.3.1/thumb/v7e-m+fp/hard/crti.o
                0x08006ce4                _fini
 .fini          0x08006ce8        0x8 C:/Users/Ryumeido Mei/AppData/Local/stm32cube/bundles/gnu-tools-for-stm32/14.3.1+st.2/bin/../lib/gcc/arm-none-eabi/14.3.1/thumb/v7e-m+fp/hard/crtn.o
                0x08006cf0                        . = ALIGN (0x4)
                0x08006cf0                        _etext = .

.vfp11_veneer   0x08006cf0        0x0
 .vfp11_veneer  0x08006cf0        0x0 linker stubs

.v4_bx          0x08006cf0        0x0
 .v4_bx         0x08006cf0        0x0 linker stubs

.iplt           0x08006cf0        0x0
 .iplt          0x08006cf0        0x0 C:/Users/Ryumeido Mei/AppData/Local/stm32cube/bundles/gnu-tools-for-stm32/14.3.1+st.2/bin/../lib/gcc/arm-none-eabi/14.3.1/thumb/v7e-m+fp/hard/crtbegin.o

.rodata         0x08006cf0      0xa2c
                0x08006cf0                        . = ALIGN (0x4)
 *(.rodata)
 *(.rodata*)
 .rodata.APBPrescTable
                0x08006cf0        0x8 cmake/stm32cubemx/CMakeFiles/STM32_Drivers.dir/__/__/Core/Src/system_stm32f4xx.c.obj
                0x08006cf0                APBPrescTable
 .rodata.AHBPrescTable
                0x08006cf8       0x10 cmake/stm32cubemx/CMakeFiles/STM32_Drivers.dir/__/__/Core/Src/system_stm32f4xx.c.obj
                0x08006cf8                AHBPrescTable
 .rodata.PrintBootInfo.str1.4
                0x08006d08      0x69c CMakeFiles/bootloader.dir/Bootloader/Src/main.c.obj
                                 0xfa (size before relaxing)
 .rodata.main.str1.4
                0x080073a4      0x1e2 CMakeFiles/bootloader.dir/Bootloader/Src/main.c.obj
 .rodata.boot_check_stack2jump_app.str1.4
                0x080073a4       0x53 CMakeFiles/bootloader.dir/Core/Src/boot_manager.c.obj
 .rodata.inter_flash_cfg_load.str1.4
                0x080073a4       0x60 CMakeFiles/bootloader.dir/Core/Src/inter_flash_cfg.c.obj
 .rodata.inter_flash_cfg_set_app_update_flag.str1.4
                0x080073a4       0x55 CMakeFiles/bootloader.dir/Core/Src/inter_flash_cfg.c.obj
 .rodata.inter_flash_cfg_init.str1.4
                0x080073a4       0x76 CMakeFiles/bootloader.dir/Core/Src/inter_flash_cfg.c.obj
 .rodata.inter_flash_cfg_inc_ota_count.str1.4
                0x080073a4       0x24 CMakeFiles/bootloader.dir/Core/Src/inter_flash_cfg.c.obj
 .rodata.isotp_receive_flow_control_frame.str1.4
                0x080073a4       0x1e CMakeFiles/bootloader.dir/Bootloader/Src/isotp.c.obj
 .rodata.isotp_receive_single_frame.str1.4
                0x080073a4       0x36 CMakeFiles/bootloader.dir/Bootloader/Src/isotp.c.obj
 .rodata.isotp_receive_first_frame.str1.4
                0x080073a4       0x8d CMakeFiles/bootloader.dir/Bootloader/Src/isotp.c.obj
 .rodata.isotp_receive_consecutive_frame.str1.4
                0x080073a4       0x26 CMakeFiles/bootloader.dir/Bootloader/Src/isotp.c.obj
 .rodata.isotp_user_debug.str1.4
                0x080073a4        0x8 CMakeFiles/bootloader.dir/Bootloader/Src/isotp_porting.c.obj
 .rodata.can_start.str1.4
                0x080073a4        0xe CMakeFiles/bootloader.dir/Bootloader/Src/iso_tp_cfg.c.obj
 .rodata.iso_tp_init.str1.4
                0x080073a4       0x22 CMakeFiles/bootloader.dir/Bootloader/Src/iso_tp_cfg.c.obj
 .rodata.iso_tp_poll.str1.4
                0x080073a4       0x6b CMakeFiles/bootloader.dir/Bootloader/Src/iso_tp_cfg.c.obj
 .rodata.EN25Q128_RestoreFirmware.str1.4
                0x080073a4       0x5c CMakeFiles/bootloader.dir/Core/Src/en25q128.c.obj
 .rodata._printf_float.str1.1
                0x080073a4      0x171 C:/Users/Ryumeido Mei/AppData/Local/stm32cube/bundles/gnu-tools-for-stm32/14.3.1+st.2/bin/../lib/gcc/arm-none-eabi/14.3.1/../../../../arm-none-eabi/lib/thumb/v7e-m+fp/hard\libg_nano.a(libc_a-nano-vfprintf_float.o)
                                 0x12 (size before relaxing)
 .rodata._printf_i.str1.1
                0x08007515       0x22 C:/Users/Ryumeido Mei/AppData/Local/stm32cube/bundles/gnu-tools-for-stm32/14.3.1+st.2/bin/../lib/gcc/arm-none-eabi/14.3.1/../../../../arm-none-eabi/lib/thumb/v7e-m+fp/hard\libg_nano.a(libc_a-nano-vfprintf_i.o)
 .rodata._dtoa_r.str1.1
                0x08007515       0x8f C:/Users/Ryumeido Mei/AppData/Local/stm32cube/bundles/gnu-tools-for-stm32/14.3.1+st.2/bin/../lib/gcc/arm-none-eabi/14.3.1/../../../../arm-none-eabi/lib/thumb/v7e-m+fp/hard\libg_nano.a(libc_a-dtoa.o)
 .rodata._Balloc.str1.1
                0x08007515       0x70 C:/Users/Ryumeido Mei/AppData/Local/stm32cube/bundles/gnu-tools-for-stm32/14.3.1+st.2/bin/../lib/gcc/arm-none-eabi/14.3.1/../../../../arm-none-eabi/lib/thumb/v7e-m+fp/hard\libg_nano.a(libc_a-mprec.o)
 .rodata.__multadd.str1.1
                0x08007515       0x11 C:/Users/Ryumeido Mei/AppData/Local/stm32cube/bundles/gnu-tools-for-stm32/14.3.1+st.2/bin/../lib/gcc/arm-none-eabi/14.3.1/../../../../arm-none-eabi/lib/thumb/v7e-m+fp/hard\libg_nano.a(libc_a-mprec.o)
 *fill*         0x08007515        0x3 
 .rodata.p05.0  0x08007518        0xc C:/Users/Ryumeido Mei/AppData/Local/stm32cube/bundles/gnu-tools-for-stm32/14.3.1+st.2/bin/../lib/gcc/arm-none-eabi/14.3.1/../../../../arm-none-eabi/lib/thumb/v7e-m+fp/hard\libg_nano.a(libc_a-mprec.o)
 *fill*         0x08007524        0x4 
 .rodata.__mprec_bigtens
                0x08007528       0x28 C:/Users/Ryumeido Mei/AppData/Local/stm32cube/bundles/gnu-tools-for-stm32/14.3.1+st.2/bin/../lib/gcc/arm-none-eabi/14.3.1/../../../../arm-none-eabi/lib/thumb/v7e-m+fp/hard\libg_nano.a(libc_a-mprec.o)
                0x08007528                __mprec_bigtens
 .rodata.__mprec_tens
                0x08007550       0xc8 C:/Users/Ryumeido Mei/AppData/Local/stm32cube/bundles/gnu-tools-for-stm32/14.3.1+st.2/bin/../lib/gcc/arm-none-eabi/14.3.1/../../../../arm-none-eabi/lib/thumb/v7e-m+fp/hard\libg_nano.a(libc_a-mprec.o)
                0x08007550                __mprec_tens
 .rodata._vfprintf_r.str1.1
                0x08007618       0x11 C:/Users/Ryumeido Mei/AppData/Local/stm32cube/bundles/gnu-tools-for-stm32/14.3.1+st.2/bin/../lib/gcc/arm-none-eabi/14.3.1/../../../../arm-none-eabi/lib/thumb/v7e-m+fp/hard\libg_nano.a(libc_a-nano-vfprintf.o)
 .rodata._setlocale_r.str1.1
                0x08007618        0x9 C:/Users/Ryumeido Mei/AppData/Local/stm32cube/bundles/gnu-tools-for-stm32/14.3.1+st.2/bin/../lib/gcc/arm-none-eabi/14.3.1/../../../../arm-none-eabi/lib/thumb/v7e-m+fp/hard\libg_nano.a(libc_a-locale.o)
 .rodata.str1.1
                0x08007618        0x2 C:/Users/Ryumeido Mei/AppData/Local/stm32cube/bundles/gnu-tools-for-stm32/14.3.1+st.2/bin/../lib/gcc/arm-none-eabi/14.3.1/../../../../arm-none-eabi/lib/thumb/v7e-m+fp/hard\libg_nano.a(libc_a-locale.o)
 .rodata.__assert_func.str1.1
                0x08007618       0x3d C:/Users/Ryumeido Mei/AppData/Local/stm32cube/bundles/gnu-tools-for-stm32/14.3.1+st.2/bin/../lib/gcc/arm-none-eabi/14.3.1/../../../../arm-none-eabi/lib/thumb/v7e-m+fp/hard\libg_nano.a(libc_a-assert.o)
 .rodata._ctype_
                0x08007618      0x101 C:/Users/Ryumeido Mei/AppData/Local/stm32cube/bundles/gnu-tools-for-stm32/14.3.1+st.2/bin/../lib/gcc/arm-none-eabi/14.3.1/../../../../arm-none-eabi/lib/thumb/v7e-m+fp/hard\libg_nano.a(libc_a-ctype_.o)
                0x08007618                _ctype_
                0x0800771c                        . = ALIGN (0x4)
 *fill*         0x08007719        0x3 

.ARM.extab      0x0800771c        0x0
                0x0800771c                        . = ALIGN (0x4)
 *(.ARM.extab* .gnu.linkonce.armextab.*)
                0x0800771c                        . = ALIGN (0x4)

.ARM            0x0800771c        0x8
                0x0800771c                        . = ALIGN (0x4)
                0x0800771c                        __exidx_start = .
 *(.ARM.exidx*)
 .ARM.exidx     0x0800771c        0x8 C:/Users/Ryumeido Mei/AppData/Local/stm32cube/bundles/gnu-tools-for-stm32/14.3.1+st.2/bin/../lib/gcc/arm-none-eabi/14.3.1/thumb/v7e-m+fp/hard\libgcc.a(_udivmoddi4.o)
 .ARM.exidx     0x08007724        0x0 C:/Users/Ryumeido Mei/AppData/Local/stm32cube/bundles/gnu-tools-for-stm32/14.3.1+st.2/bin/../lib/gcc/arm-none-eabi/14.3.1/../../../../arm-none-eabi/lib/thumb/v7e-m+fp/hard\libg_nano.a(libc_a-memchr.o)
                                  0x8 (size before relaxing)
 .ARM.exidx     0x08007724        0x0 C:/Users/Ryumeido Mei/AppData/Local/stm32cube/bundles/gnu-tools-for-stm32/14.3.1+st.2/bin/../lib/gcc/arm-none-eabi/14.3.1/../../../../arm-none-eabi/lib/thumb/v7e-m+fp/hard\libg_nano.a(libc_a-strlen.o)
                                  0x8 (size before relaxing)
                0x08007724                        __exidx_end = .
                0x08007724                        . = ALIGN (0x4)

.preinit_array  0x08007724        0x0
                0x08007724                        . = ALIGN (0x4)
                0x08007724                        PROVIDE (__preinit_array_start = .)
 *(.preinit_array*)
                0x08007724                        PROVIDE (__preinit_array_end = .)
                0x08007724                        . = ALIGN (0x4)

.init_array     0x08007724        0x4
                0x08007724                        . = ALIGN (0x4)
                0x08007724                        PROVIDE (__init_array_start = .)
 *(SORT_BY_NAME(.init_array.*))
 *(.init_array*)
 .init_array    0x08007724        0x4 C:/Users/Ryumeido Mei/AppData/Local/stm32cube/bundles/gnu-tools-for-stm32/14.3.1+st.2/bin/../lib/gcc/arm-none-eabi/14.3.1/thumb/v7e-m+fp/hard/crtbegin.o
                0x08007728                        PROVIDE (__init_array_end = .)
                0x08007728                        . = ALIGN (0x4)

.fini_array     0x08007728        0x4
                0x08007728                        . = ALIGN (0x4)
                [!provide]                        PROVIDE (__fini_array_start = .)
 *(SORT_BY_NAME(.fini_array.*))
 *(.fini_array*)
 .fini_array    0x08007728        0x4 C:/Users/Ryumeido Mei/AppData/Local/stm32cube/bundles/gnu-tools-for-stm32/14.3.1+st.2/bin/../lib/gcc/arm-none-eabi/14.3.1/thumb/v7e-m+fp/hard/crtbegin.o
                [!provide]                        PROVIDE (__fini_array_end = .)
                0x0800772c                        . = ALIGN (0x4)
                0x0800772c                        _siccmram = LOADADDR (.ccmram)

.rel.dyn        0x0800772c        0x0
 .rel.iplt      0x0800772c        0x0 C:/Users/Ryumeido Mei/AppData/Local/stm32cube/bundles/gnu-tools-for-stm32/14.3.1+st.2/bin/../lib/gcc/arm-none-eabi/14.3.1/thumb/v7e-m+fp/hard/crtbegin.o

.ccmram         0x10000000        0x0 load address 0x0800772c
                0x10000000                        . = ALIGN (0x4)
                0x10000000                        _sccmram = .
 *(.ccmram)
 *(.ccmram*)
                0x10000000                        . = ALIGN (0x4)
                0x10000000                        _eccmram = .
                0x0800772c                        _sidata = LOADADDR (.data)

.data           0x20000000      0x1f4 load address 0x0800772c
                0x20000000                        . = ALIGN (0x4)
                0x20000000                        _sdata = .
 *(.data)
 *(.data*)
 .data.SystemCoreClock
                0x20000000        0x4 cmake/stm32cubemx/CMakeFiles/STM32_Drivers.dir/__/__/Core/Src/system_stm32f4xx.c.obj
                0x20000000                SystemCoreClock
 .data.pFlash   0x20000004       0x20 cmake/stm32cubemx/CMakeFiles/STM32_Drivers.dir/__/__/Drivers/STM32F4xx_HAL_Driver/Src/stm32f4xx_hal_flash.c.obj
                0x20000004                pFlash
 .data.uwTickFreq
                0x20000024        0x1 cmake/stm32cubemx/CMakeFiles/STM32_Drivers.dir/__/__/Drivers/STM32F4xx_HAL_Driver/Src/stm32f4xx_hal.c.obj
                0x20000024                uwTickFreq
 *fill*         0x20000025        0x3 
 .data.uwTickPrio
                0x20000028        0x4 cmake/stm32cubemx/CMakeFiles/STM32_Drivers.dir/__/__/Drivers/STM32F4xx_HAL_Driver/Src/stm32f4xx_hal.c.obj
                0x20000028                uwTickPrio
 .data.__sglue  0x2000002c        0xc C:/Users/Ryumeido Mei/AppData/Local/stm32cube/bundles/gnu-tools-for-stm32/14.3.1+st.2/bin/../lib/gcc/arm-none-eabi/14.3.1/../../../../arm-none-eabi/lib/thumb/v7e-m+fp/hard\libg_nano.a(libc_a-findfp.o)
                0x2000002c                __sglue
 .data._impure_ptr
                0x20000038        0x4 C:/Users/Ryumeido Mei/AppData/Local/stm32cube/bundles/gnu-tools-for-stm32/14.3.1+st.2/bin/../lib/gcc/arm-none-eabi/14.3.1/../../../../arm-none-eabi/lib/thumb/v7e-m+fp/hard\libg_nano.a(libc_a-impure.o)
                0x20000038                _impure_ptr
 .data._impure_data
                0x2000003c       0x4c C:/Users/Ryumeido Mei/AppData/Local/stm32cube/bundles/gnu-tools-for-stm32/14.3.1+st.2/bin/../lib/gcc/arm-none-eabi/14.3.1/../../../../arm-none-eabi/lib/thumb/v7e-m+fp/hard\libg_nano.a(libc_a-impure.o)
                0x2000003c                _impure_data
 .data.__global_locale
                0x20000088      0x16c C:/Users/Ryumeido Mei/AppData/Local/stm32cube/bundles/gnu-tools-for-stm32/14.3.1+st.2/bin/../lib/gcc/arm-none-eabi/14.3.1/../../../../arm-none-eabi/lib/thumb/v7e-m+fp/hard\libg_nano.a(libc_a-locale.o)
                0x20000088                __global_locale
 *(.RamFunc)
 *(.RamFunc*)
                0x200001f4                        . = ALIGN (0x4)

.igot.plt       0x200001f4        0x0 load address 0x08007920
 .igot.plt      0x200001f4        0x0 C:/Users/Ryumeido Mei/AppData/Local/stm32cube/bundles/gnu-tools-for-stm32/14.3.1+st.2/bin/../lib/gcc/arm-none-eabi/14.3.1/thumb/v7e-m+fp/hard/crtbegin.o

.tdata          0x200001f4        0x0 load address 0x08007920
 *(.tdata .tdata.* .gnu.linkonce.td.*)
                0x200001f4                        . = ALIGN (0x4)
                0x200001f4                        _edata = .
                [!provide]                        PROVIDE (__data_end = .)
                [!provide]                        PROVIDE (__tdata_end = .)
                [!provide]                        PROVIDE (__tdata_start = ADDR (.tdata))
                [!provide]                        PROVIDE (__tdata_size = (__tdata_end - __tdata_start))
                [!provide]                        PROVIDE (__data_start = ADDR (.data))
                [!provide]                        PROVIDE (__data_size = (__data_end - __data_start))
                [!provide]                        PROVIDE (__tdata_source = LOADADDR (.tdata))
                [!provide]                        PROVIDE (__tdata_source_end = (LOADADDR (.tdata) + SIZEOF (.tdata)))
                [!provide]                        PROVIDE (__tdata_source_size = (__tdata_source_end - __tdata_source))
                [!provide]                        PROVIDE (__data_source = LOADADDR (.data))
                [!provide]                        PROVIDE (__data_source_end = __tdata_source_end)
                [!provide]                        PROVIDE (__data_source_size = (__data_source_end - __data_source))

.tbss           0x200001f4        0x0 load address 0x08007920
                0x200001f4                        _sbss = .
                0x200001f4                        __bss_start__ = _sbss
 *(.tbss .tbss.*)
                0x200001f4                        . = ALIGN (0x4)
                [!provide]                        PROVIDE (__tbss_end = .)
                [!provide]                        PROVIDE (__tbss_start = ADDR (.tbss))
                [!provide]                        PROVIDE (__tbss_size = (__tbss_end - __tbss_start))
                [!provide]                        PROVIDE (__tbss_offset = (ADDR (.tbss) - ADDR (.tdata)))
                [!provide]                        PROVIDE (__tls_base = __tdata_start)
                [!provide]                        PROVIDE (__tls_end = __tbss_end)
                [!provide]                        PROVIDE (__tls_size = (__tls_end - __tls_base))
                [!provide]                        PROVIDE (__tls_align = MAX (ALIGNOF (.tdata), ALIGNOF (.tbss)))
                [!provide]                        PROVIDE (__tls_size_align = (((__tls_size + __tls_align) - 0x1) & ~ ((__tls_align - 0x1))))
                [!provide]                        PROVIDE (__arm32_tls_tcb_offset = MAX (0x8, __tls_align))
                [!provide]                        PROVIDE (__arm64_tls_tcb_offset = MAX (0x10, __tls_align))

.bss            0x200001f4     0x3ab8 load address 0x08007920
 *(.bss)
 .bss           0x200001f4       0x1c C:/Users/Ryumeido Mei/AppData/Local/stm32cube/bundles/gnu-tools-for-stm32/14.3.1+st.2/bin/../lib/gcc/arm-none-eabi/14.3.1/thumb/v7e-m+fp/hard/crtbegin.o
 *(.bss*)
 .bss.uwTick    0x20000210        0x4 cmake/stm32cubemx/CMakeFiles/STM32_Drivers.dir/__/__/Drivers/STM32F4xx_HAL_Driver/Src/stm32f4xx_hal.c.obj
                0x20000210                uwTick
 .bss.g_rx_flag
                0x20000214        0x1 CMakeFiles/bootloader.dir/Bootloader/Src/main.c.obj
                0x20000214                g_rx_flag
 *fill*         0x20000215        0x3 
 .bss.__sbrk_heap_end
                0x20000218        0x4 CMakeFiles/bootloader.dir/Core/Src/sysmem.c.obj
 .bss.hcan1     0x2000021c       0x28 CMakeFiles/bootloader.dir/Core/Src/can.c.obj
                0x2000021c                hcan1
 .bss.huart1    0x20000244       0x48 CMakeFiles/bootloader.dir/Core/Src/usart.c.obj
                0x20000244                huart1
 .bss.htim3     0x2000028c       0x48 CMakeFiles/bootloader.dir/Core/Src/stm32f4xx_hal_timebase_tim.c.obj
                0x2000028c                htim3
 .bss.s_flash_cfg
                0x200002d4        0xc CMakeFiles/bootloader.dir/Core/Src/inter_flash_cfg.c.obj
 .bss.RxMessage
                0x200002e0       0x1c CMakeFiles/bootloader.dir/BSP/Canif/canif.c.obj
 .bss.TxMessage
                0x200002fc       0x18 CMakeFiles/bootloader.dir/BSP/Canif/canif.c.obj
 .bss.g_erased  0x20000314        0x1 CMakeFiles/bootloader.dir/Bootloader/Src/iso_tp_cfg.c.obj
 *fill*         0x20000315        0x3 
 .bss.g_ota_chunks
                0x20000318        0x4 CMakeFiles/bootloader.dir/Bootloader/Src/iso_tp_cfg.c.obj
                0x20000318                g_ota_chunks
 .bss.g_payload
                0x2000031c     0x1000 CMakeFiles/bootloader.dir/Bootloader/Src/iso_tp_cfg.c.obj
 .bss.g_recv_buf
                0x2000131c     0x1000 CMakeFiles/bootloader.dir/Bootloader/Src/iso_tp_cfg.c.obj
 .bss.g_send_buf
                0x2000231c     0x1000 CMakeFiles/bootloader.dir/Bootloader/Src/iso_tp_cfg.c.obj
 .bss.g_link    0x2000331c       0x40 CMakeFiles/bootloader.dir/Bootloader/Src/iso_tp_cfg.c.obj
 .bss.g_block_buf
                0x2000335c      0x800 CMakeFiles/bootloader.dir/Core/Src/en25q128.c.obj
 .bss.g_br      0x20003b5c        0x1 CMakeFiles/bootloader.dir/Core/Src/en25q128.c.obj
 *fill*         0x20003b5d        0x3 
 .bss.__sf      0x20003b60      0x138 C:/Users/Ryumeido Mei/AppData/Local/stm32cube/bundles/gnu-tools-for-stm32/14.3.1+st.2/bin/../lib/gcc/arm-none-eabi/14.3.1/../../../../arm-none-eabi/lib/thumb/v7e-m+fp/hard\libg_nano.a(libc_a-findfp.o)
                0x20003b60                __sf
 .bss.__stdio_exit_handler
                0x20003c98        0x4 C:/Users/Ryumeido Mei/AppData/Local/stm32cube/bundles/gnu-tools-for-stm32/14.3.1+st.2/bin/../lib/gcc/arm-none-eabi/14.3.1/../../../../arm-none-eabi/lib/thumb/v7e-m+fp/hard\libg_nano.a(libc_a-findfp.o)
                0x20003c98                __stdio_exit_handler
 .bss.errno     0x20003c9c        0x4 C:/Users/Ryumeido Mei/AppData/Local/stm32cube/bundles/gnu-tools-for-stm32/14.3.1+st.2/bin/../lib/gcc/arm-none-eabi/14.3.1/../../../../arm-none-eabi/lib/thumb/v7e-m+fp/hard\libg_nano.a(libc_a-reent.o)
                0x20003c9c                errno
 .bss.__lock___malloc_recursive_mutex
                0x20003ca0        0x1 C:/Users/Ryumeido Mei/AppData/Local/stm32cube/bundles/gnu-tools-for-stm32/14.3.1+st.2/bin/../lib/gcc/arm-none-eabi/14.3.1/../../../../arm-none-eabi/lib/thumb/v7e-m+fp/hard\libg_nano.a(libc_a-lock.o)
                0x20003ca0                __lock___malloc_recursive_mutex
 .bss.__lock___sfp_recursive_mutex
                0x20003ca1        0x1 C:/Users/Ryumeido Mei/AppData/Local/stm32cube/bundles/gnu-tools-for-stm32/14.3.1+st.2/bin/../lib/gcc/arm-none-eabi/14.3.1/../../../../arm-none-eabi/lib/thumb/v7e-m+fp/hard\libg_nano.a(libc_a-lock.o)
                0x20003ca1                __lock___sfp_recursive_mutex
 *fill*         0x20003ca2        0x2 
 .bss.__malloc_sbrk_start
                0x20003ca4        0x4 C:/Users/Ryumeido Mei/AppData/Local/stm32cube/bundles/gnu-tools-for-stm32/14.3.1+st.2/bin/../lib/gcc/arm-none-eabi/14.3.1/../../../../arm-none-eabi/lib/thumb/v7e-m+fp/hard\libg_nano.a(libc_a-mallocr.o)
                0x20003ca4                __malloc_sbrk_start
 .bss.__malloc_free_list
                0x20003ca8        0x4 C:/Users/Ryumeido Mei/AppData/Local/stm32cube/bundles/gnu-tools-for-stm32/14.3.1+st.2/bin/../lib/gcc/arm-none-eabi/14.3.1/../../../../arm-none-eabi/lib/thumb/v7e-m+fp/hard\libg_nano.a(libc_a-mallocr.o)
                0x20003ca8                __malloc_free_list
 *(COMMON)
                0x20003cac                        . = ALIGN (0x4)
                0x20003cac                        _ebss = .
                0x20003cac                        __bss_end__ = _ebss
                [!provide]                        PROVIDE (__bss_end = .)
                [!provide]                        PROVIDE (__non_tls_bss_start = ADDR (.bss))
                [!provide]                        PROVIDE (__bss_start = __tbss_start)
                [!provide]                        PROVIDE (__bss_size = (__bss_end - __bss_start))

._user_heap_stack
                0x20003cac      0x804 load address 0x08007920
                0x20003cb0                        . = ALIGN (0x8)
 *fill*         0x20003cac        0x4 
                [!provide]                        PROVIDE (end = .)
                0x20003cb0                        PROVIDE (_end = .)
                0x200040b0                        . = (. + _Min_Heap_Size)
 *fill*         0x20003cb0      0x400 
                0x200044b0                        . = (. + _Min_Stack_Size)
 *fill*         0x200040b0      0x400 
                0x200044b0                        . = ALIGN (0x8)

/DISCARD/
 libc.a:*(*)
 libm.a:*(*)
 libgcc.a:*(*)
OUTPUT(bootloader.elf elf32-littlearm)
LOAD linker stubs

.ARM.attributes
                0x00000000       0x30
 .ARM.attributes
                0x00000000       0x22 C:/Users/Ryumeido Mei/AppData/Local/stm32cube/bundles/gnu-tools-for-stm32/14.3.1+st.2/bin/../lib/gcc/arm-none-eabi/14.3.1/thumb/v7e-m+fp/hard/crti.o
 .ARM.attributes
                0x00000022       0x34 C:/Users/Ryumeido Mei/AppData/Local/stm32cube/bundles/gnu-tools-for-stm32/14.3.1+st.2/bin/../lib/gcc/arm-none-eabi/14.3.1/thumb/v7e-m+fp/hard/crtbegin.o
 .ARM.attributes
                0x00000056       0x34 cmake/stm32cubemx/CMakeFiles/STM32_Drivers.dir/__/__/Core/Src/system_stm32f4xx.c.obj
 .ARM.attributes
                0x0000008a       0x34 cmake/stm32cubemx/CMakeFiles/STM32_Drivers.dir/__/__/Drivers/STM32F4xx_HAL_Driver/Src/stm32f4xx_hal_tim.c.obj
 .ARM.attributes
                0x000000be       0x34 cmake/stm32cubemx/CMakeFiles/STM32_Drivers.dir/__/__/Drivers/STM32F4xx_HAL_Driver/Src/stm32f4xx_hal_tim_ex.c.obj
 .ARM.attributes
                0x000000f2       0x34 cmake/stm32cubemx/CMakeFiles/STM32_Drivers.dir/__/__/Drivers/STM32F4xx_HAL_Driver/Src/stm32f4xx_hal_can.c.obj
 .ARM.attributes
                0x00000126       0x34 cmake/stm32cubemx/CMakeFiles/STM32_Drivers.dir/__/__/Drivers/STM32F4xx_HAL_Driver/Src/stm32f4xx_hal_rcc.c.obj
 .ARM.attributes
                0x0000015a       0x34 cmake/stm32cubemx/CMakeFiles/STM32_Drivers.dir/__/__/Drivers/STM32F4xx_HAL_Driver/Src/stm32f4xx_hal_flash.c.obj
 .ARM.attributes
                0x0000018e       0x34 cmake/stm32cubemx/CMakeFiles/STM32_Drivers.dir/__/__/Drivers/STM32F4xx_HAL_Driver/Src/stm32f4xx_hal_flash_ex.c.obj
 .ARM.attributes
                0x000001c2       0x34 cmake/stm32cubemx/CMakeFiles/STM32_Drivers.dir/__/__/Drivers/STM32F4xx_HAL_Driver/Src/stm32f4xx_hal_gpio.c.obj
 .ARM.attributes
                0x000001f6       0x34 cmake/stm32cubemx/CMakeFiles/STM32_Drivers.dir/__/__/Drivers/STM32F4xx_HAL_Driver/Src/stm32f4xx_hal_dma.c.obj
 .ARM.attributes
                0x0000022a       0x34 cmake/stm32cubemx/CMakeFiles/STM32_Drivers.dir/__/__/Drivers/STM32F4xx_HAL_Driver/Src/stm32f4xx_hal_cortex.c.obj
 .ARM.attributes
                0x0000025e       0x34 cmake/stm32cubemx/CMakeFiles/STM32_Drivers.dir/__/__/Drivers/STM32F4xx_HAL_Driver/Src/stm32f4xx_hal.c.obj
 .ARM.attributes
                0x00000292       0x34 cmake/stm32cubemx/CMakeFiles/STM32_Drivers.dir/__/__/Drivers/STM32F4xx_HAL_Driver/Src/stm32f4xx_hal_uart.c.obj
 .ARM.attributes
                0x000002c6       0x34 CMakeFiles/bootloader.dir/Bootloader/Src/main.c.obj
 .ARM.attributes
                0x000002fa       0x34 CMakeFiles/bootloader.dir/Core/Src/boot_manager.c.obj
 .ARM.attributes
                0x0000032e       0x34 CMakeFiles/bootloader.dir/Core/Src/syscalls.c.obj
 .ARM.attributes
                0x00000362       0x34 CMakeFiles/bootloader.dir/Core/Src/sysmem.c.obj
 .ARM.attributes
                0x00000396       0x21 CMakeFiles/bootloader.dir/startup_stm32f407xx.s.obj
 .ARM.attributes
                0x000003b7       0x34 CMakeFiles/bootloader.dir/Core/Src/gpio.c.obj
 .ARM.attributes
                0x000003eb       0x34 CMakeFiles/bootloader.dir/Core/Src/can.c.obj
 .ARM.attributes
                0x0000041f       0x34 CMakeFiles/bootloader.dir/Core/Src/usart.c.obj
 .ARM.attributes
                0x00000453       0x34 CMakeFiles/bootloader.dir/Core/Src/stm32f4xx_it.c.obj
 .ARM.attributes
                0x00000487       0x34 CMakeFiles/bootloader.dir/Core/Src/stm32f4xx_hal_msp.c.obj
 .ARM.attributes
                0x000004bb       0x34 CMakeFiles/bootloader.dir/Core/Src/stm32f4xx_hal_timebase_tim.c.obj
 .ARM.attributes
                0x000004ef       0x34 CMakeFiles/bootloader.dir/Core/Src/inter_flash_cfg.c.obj
 .ARM.attributes
                0x00000523       0x34 CMakeFiles/bootloader.dir/Core/Src/inter_flashif.c.obj
 .ARM.attributes
                0x00000557       0x34 CMakeFiles/bootloader.dir/BSP/Canif/canif.c.obj
 .ARM.attributes
                0x0000058b       0x34 CMakeFiles/bootloader.dir/Bootloader/Src/isotp.c.obj
 .ARM.attributes
                0x000005bf       0x34 CMakeFiles/bootloader.dir/Bootloader/Src/isotp_porting.c.obj
 .ARM.attributes
                0x000005f3       0x34 CMakeFiles/bootloader.dir/Bootloader/Src/iso_tp_cfg.c.obj
 .ARM.attributes
                0x00000627       0x34 CMakeFiles/bootloader.dir/Core/Src/en25q128.c.obj
 .ARM.attributes
                0x0000065b       0x22 C:/Users/Ryumeido Mei/AppData/Local/stm32cube/bundles/gnu-tools-for-stm32/14.3.1+st.2/bin/../lib/gcc/arm-none-eabi/14.3.1/thumb/v7e-m+fp/hard\libgcc.a(_arm_addsubdf3.o)
 .ARM.attributes
                0x0000067d       0x22 C:/Users/Ryumeido Mei/AppData/Local/stm32cube/bundles/gnu-tools-for-stm32/14.3.1+st.2/bin/../lib/gcc/arm-none-eabi/14.3.1/thumb/v7e-m+fp/hard\libgcc.a(_aeabi_uldivmod.o)
 .ARM.attributes
                0x0000069f       0x34 C:/Users/Ryumeido Mei/AppData/Local/stm32cube/bundles/gnu-tools-for-stm32/14.3.1+st.2/bin/../lib/gcc/arm-none-eabi/14.3.1/thumb/v7e-m+fp/hard\libgcc.a(_udivmoddi4.o)
 .ARM.attributes
                0x000006d3       0x22 C:/Users/Ryumeido Mei/AppData/Local/stm32cube/bundles/gnu-tools-for-stm32/14.3.1+st.2/bin/../lib/gcc/arm-none-eabi/14.3.1/thumb/v7e-m+fp/hard\libgcc.a(_dvmd_tls.o)
 .ARM.attributes
                0x000006f5       0x34 C:/Users/Ryumeido Mei/AppData/Local/stm32cube/bundles/gnu-tools-for-stm32/14.3.1+st.2/bin/../lib/gcc/arm-none-eabi/14.3.1/../../../../arm-none-eabi/lib/thumb/v7e-m+fp/hard\libg_nano.a(libc_a-nano-vfprintf_float.o)
 .ARM.attributes
                0x00000729       0x34 C:/Users/Ryumeido Mei/AppData/Local/stm32cube/bundles/gnu-tools-for-stm32/14.3.1+st.2/bin/../lib/gcc/arm-none-eabi/14.3.1/../../../../arm-none-eabi/lib/thumb/v7e-m+fp/hard\libg_nano.a(libc_a-nano-vfprintf_i.o)