Archive member included to satisfy reference by file (symbol)

E:/ST/STM32/STM32CubeIDE/plugins/com.st.stm32cube.ide.mcu.externaltools.gnu-tools-for-stm32.14.3.rel1.win32_1.0.100.202602081740/tools/bin/../lib/gcc/arm-none-eabi/14.3.1/thumb/v7e-m+fp/hard\libgcc.a(_aeabi_uldivmod.o)
                              cmake/stm32cubemx/CMakeFiles/STM32_Drivers.dir/__/__/Drivers/STM32F4xx_HAL_Driver/Src/stm32f4xx_hal_rcc.c.obj (__aeabi_uldivmod)
E:/ST/STM32/STM32CubeIDE/plugins/com.st.stm32cube.ide.mcu.externaltools.gnu-tools-for-stm32.14.3.rel1.win32_1.0.100.202602081740/tools/bin/../lib/gcc/arm-none-eabi/14.3.1/thumb/v7e-m+fp/hard\libgcc.a(_udivmoddi4.o)
                              E:/ST/STM32/STM32CubeIDE/plugins/com.st.stm32cube.ide.mcu.externaltools.gnu-tools-for-stm32.14.3.rel1.win32_1.0.100.202602081740/tools/bin/../lib/gcc/arm-none-eabi/14.3.1/thumb/v7e-m+fp/hard\libgcc.a(_aeabi_uldivmod.o) (__udivmoddi4)
E:/ST/STM32/STM32CubeIDE/plugins/com.st.stm32cube.ide.mcu.externaltools.gnu-tools-for-stm32.14.3.rel1.win32_1.0.100.202602081740/tools/bin/../lib/gcc/arm-none-eabi/14.3.1/thumb/v7e-m+fp/hard\libgcc.a(_dvmd_tls.o)
                              E:/ST/STM32/STM32CubeIDE/plugins/com.st.stm32cube.ide.mcu.externaltools.gnu-tools-for-stm32.14.3.rel1.win32_1.0.100.202602081740/tools/bin/../lib/gcc/arm-none-eabi/14.3.1/thumb/v7e-m+fp/hard\libgcc.a(_aeabi_uldivmod.o) (__aeabi_ldiv0)
E:/ST/STM32/STM32CubeIDE/plugins/com.st.stm32cube.ide.mcu.externaltools.gnu-tools-for-stm32.14.3.rel1.win32_1.0.100.202602081740/tools/bin/../lib/gcc/arm-none-eabi/14.3.1/../../../../arm-none-eabi/lib/thumb/v7e-m+fp/hard\libg_nano.a(libc_a-exit.o)
                              E:/ST/STM32/STM32CubeIDE/plugins/com.st.stm32cube.ide.mcu.externaltools.gnu-tools-for-stm32.14.3.rel1.win32_1.0.100.202602081740/tools/bin/../lib/gcc/arm-none-eabi/14.3.1/../../../../arm-none-eabi/lib/thumb/v7e-m+fp/hard/crt0.o (exit)
E:/ST/STM32/STM32CubeIDE/plugins/com.st.stm32cube.ide.mcu.externaltools.gnu-tools-for-stm32.14.3.rel1.win32_1.0.100.202602081740/tools/bin/../lib/gcc/arm-none-eabi/14.3.1/../../../../arm-none-eabi/lib/thumb/v7e-m+fp/hard\libg_nano.a(libc_a-nano-vfprintf_float.o)
                              (_printf_float)
E:/ST/STM32/STM32CubeIDE/plugins/com.st.stm32cube.ide.mcu.externaltools.gnu-tools-for-stm32.14.3.rel1.win32_1.0.100.202602081740/tools/bin/../lib/gcc/arm-none-eabi/14.3.1/../../../../arm-none-eabi/lib/thumb/v7e-m+fp/hard\libg_nano.a(libc_a-nano-vfprintf_i.o)
                              E:/ST/STM32/STM32CubeIDE/plugins/com.st.stm32cube.ide.mcu.externaltools.gnu-tools-for-stm32.14.3.rel1.win32_1.0.100.202602081740/tools/bin/../lib/gcc/arm-none-eabi/14.3.1/../../../../arm-none-eabi/lib/thumb/v7e-m+fp/hard\libg_nano.a(libc_a-nano-vfprintf_float.o) (_printf_common)
E:/ST/STM32/STM32CubeIDE/plugins/com.st.stm32cube.ide.mcu.externaltools.gnu-tools-for-stm32.14.3.rel1.win32_1.0.100.202602081740/tools/bin/../lib/gcc/arm-none-eabi/14.3.1/../../../../arm-none-eabi/lib/thumb/v7e-m+fp/hard\libg_nano.a(libc_a-findfp.o)
                              E:/ST/STM32/STM32CubeIDE/plugins/com.st.stm32cube.ide.mcu.externaltools.gnu-tools-for-stm32.14.3.rel1.win32_1.0.100.202602081740/tools/bin/../lib/gcc/arm-none-eabi/14.3.1/../../../../arm-none-eabi/lib/thumb/v7e-m+fp/hard\libg_nano.a(libc_a-exit.o) (__stdio_exit_handler)
E:/ST/STM32/STM32CubeIDE/plugins/com.st.stm32cube.ide.mcu.externaltools.gnu-tools-for-stm32.14.3.rel1.win32_1.0.100.202602081740/tools/bin/../lib/gcc/arm-none-eabi/14.3.1/../../../../arm-none-eabi/lib/thumb/v7e-m+fp/hard\libg_nano.a(libc_a-fwalk.o)
                              E:/ST/STM32/STM32CubeIDE/plugins/com.st.stm32cube.ide.mcu.externaltools.gnu-tools-for-stm32.14.3.rel1.win32_1.0.100.202602081740/tools/bin/../lib/gcc/arm-none-eabi/14.3.1/../../../../arm-none-eabi/lib/thumb/v7e-m+fp/hard\libg_nano.a(libc_a-findfp.o) (_fwalk_sglue)
E:/ST/STM32/STM32CubeIDE/plugins/com.st.stm32cube.ide.mcu.externaltools.gnu-tools-for-stm32.14.3.rel1.win32_1.0.100.202602081740/tools/bin/../lib/gcc/arm-none-eabi/14.3.1/../../../../arm-none-eabi/lib/thumb/v7e-m+fp/hard\libg_nano.a(libc_a-printf.o)
                              CMakeFiles/bootloader.dir/Bootloader/Src/main.c.obj (printf)
E:/ST/STM32/STM32CubeIDE/plugins/com.st.stm32cube.ide.mcu.externaltools.gnu-tools-for-stm32.14.3.rel1.win32_1.0.100.202602081740/tools/bin/../lib/gcc/arm-none-eabi/14.3.1/../../../../arm-none-eabi/lib/thumb/v7e-m+fp/hard\libg_nano.a(libc_a-puts.o)
                              CMakeFiles/bootloader.dir/Bootloader/Src/main.c.obj (puts)
E:/ST/STM32/STM32CubeIDE/plugins/com.st.stm32cube.ide.mcu.externaltools.gnu-tools-for-stm32.14.3.rel1.win32_1.0.100.202602081740/tools/bin/../lib/gcc/arm-none-eabi/14.3.1/../../../../arm-none-eabi/lib/thumb/v7e-m+fp/hard\libg_nano.a(libc_a-stdio.o)
[...]
Memory Configuration

Name             Origin             Length             Attributes
RAM              0x20000000         0x00020000         xrw
CCMRAM           0x10000000         0x00010000         xrw
FLASH            0x08000000         0x00008000         xr
*default*        0x00000000         0xffffffff

Linker script and memory map

LOAD E:/ST/STM32/STM32CubeIDE/plugins/com.st.stm32cube.ide.mcu.externaltools.gnu-tools-for-stm32.14.3.rel1.win32_1.0.100.202602081740/tools/bin/../lib/gcc/arm-none-eabi/14.3.1/thumb/v7e-m+fp/hard/crti.o
LOAD E:/ST/STM32/STM32CubeIDE/plugins/com.st.stm32cube.ide.mcu.externaltools.gnu-tools-for-stm32.14.3.rel1.win32_1.0.100.202602081740/tools/bin/../lib/gcc/arm-none-eabi/14.3.1/thumb/v7e-m+fp/hard/crtbegin.o
LOAD E:/ST/STM32/STM32CubeIDE/plugins/com.st.stm32cube.ide.mcu.externaltools.gnu-tools-for-stm32.14.3.rel1.win32_1.0.100.202602081740/tools/bin/../lib/gcc/arm-none-eabi/14.3.1/../../../../arm-none-eabi/lib/thumb/v7e-m+fp/hard/crt0.o
LOAD cmake/stm32cubemx/CMakeFiles/STM32_Drivers.dir/__/__/Core/Src/system_stm32f4xx.c.obj
LOAD cmake/stm32cubemx/CMakeFiles/STM32_Drivers.dir/__/__/Drivers/STM32F4xx_HAL_Driver/Src/stm32f4xx_hal_tim.c.obj
LOAD cmake/stm32cubemx/CMakeFiles/STM32_Drivers.dir/__/__/Drivers/STM32F4xx_HAL_Driver/Src/stm32f4xx_hal_tim_ex.c.obj
LOAD cmake/stm32cubemx/CMakeFiles/STM32_Drivers.dir/__/__/Drivers/STM32F4xx_HAL_Driver/Src/stm32f4xx_hal_can.c.obj
LOAD cmake/stm32cubemx/CMakeFiles/STM32_Drivers.dir/__/__/Drivers/STM32F4xx_HAL_Driver/Src/stm32f4xx_hal_rcc.c.obj
LOAD cmake/stm32cubemx/CMakeFiles/STM32_Drivers.dir/__/__/Drivers/STM32F4xx_HAL_Driver/Src/stm32f4xx_hal_rcc_ex.c.obj
LOAD cmake/stm32cubemx/CMakeFiles/STM32_Drivers.dir/__/__/Drivers/STM32F4xx_HAL_Driver/Src/stm32f4xx_hal_flash.c.obj
LOAD cmake/stm32cubemx/CMakeFiles/STM32_Drivers.dir/__/__/Drivers/STM32F4xx_HAL_Driver/Src/stm32f4xx_hal_flash_ex.c.obj
LOAD cmake/stm32cubemx/CMakeFiles/STM32_Drivers.dir/__/__/Drivers/STM32F4xx_HAL_Driver/Src/stm32f4xx_hal_flash_ramfunc.c.obj
LOAD cmake/stm32cubemx/CMakeFiles/STM32_Drivers.dir/__/__/Drivers/STM32F4xx_HAL_Driver/Src/stm32f4xx_hal_gpio.c.obj
LOAD cmake/stm32cubemx/CMakeFiles/STM32_Drivers.dir/__/__/Drivers/STM32F4xx_HAL_Driver/Src/stm32f4xx_hal_dma_ex.c.obj
LOAD cmake/stm32cubemx/CMakeFiles/STM32_Drivers.dir/__/__/Drivers/STM32F4xx_HAL_Driver/Src/stm32f4xx_hal_dma.c.obj
LOAD cmake/stm32cubemx/CMakeFiles/STM32_Drivers.dir/__/__/Drivers/STM32F4xx_HAL_Driver/Src/stm32f4xx_hal_pwr.c.obj
LOAD cmake/stm32cubemx/CMakeFiles/STM32_Drivers.dir/__/__/Drivers/STM32F4xx_HAL_Driver/Src/stm32f4xx_hal_pwr_ex.c.obj
LOAD cmake/stm32cubemx/CMakeFiles/STM32_Drivers.dir/__/__/Drivers/STM32F4xx_HAL_Driver/Src/stm32f4xx_hal_cortex.c.obj
LOAD cmake/stm32cubemx/CMakeFiles/STM32_Drivers.dir/__/__/Drivers/STM32F4xx_HAL_Driver/Src/stm32f4xx_hal.c.obj
LOAD cmake/stm32cubemx/CMakeFiles/STM32_Drivers.dir/__/__/Drivers/STM32F4xx_HAL_Driver/Src/stm32f4xx_hal_exti.c.obj
LOAD cmake/stm32cubemx/CMakeFiles/STM32_Drivers.dir/__/__/Drivers/STM32F4xx_HAL_Driver/Src/stm32f4xx_hal_eth.c.obj
LOAD cmake/stm32cubemx/CMakeFiles/STM32_Drivers.dir/__/__/Drivers/STM32F4xx_HAL_Driver/Src/stm32f4xx_ll_fsmc.c.obj
LOAD cmake/stm32cubemx/CMakeFiles/STM32_Drivers.dir/__/__/Drivers/STM32F4xx_HAL_Driver/Src/stm32f4xx_hal_nor.c.obj
LOAD cmake/stm32cubemx/CMakeFiles/STM32_Drivers.dir/__/__/Drivers/STM32F4xx_HAL_Driver/Src/stm32f4xx_hal_sram.c.obj
LOAD cmake/stm32cubemx/CMakeFiles/STM32_Drivers.dir/__/__/Drivers/STM32F4xx_HAL_Driver/Src/stm32f4xx_hal_nand.c.obj
LOAD cmake/stm32cubemx/CMakeFiles/STM32_Drivers.dir/__/__/Drivers/STM32F4xx_HAL_Driver/Src/stm32f4xx_hal_pccard.c.obj
LOAD cmake/stm32cubemx/CMakeFiles/STM32_Drivers.dir/__/__/Drivers/STM32F4xx_HAL_Driver/Src/stm32f4xx_hal_spi.c.obj
LOAD cmake/stm32cubemx/CMakeFiles/STM32_Drivers.dir/__/__/Drivers/STM32F4xx_HAL_Driver/Src/stm32f4xx_hal_uart.c.obj
LOAD CMakeFiles/bootloader.dir/Bootloader/Src/main.c.obj
LOAD CMakeFiles/bootloader.dir/Core/Src/boot_manager.c.obj
LOAD CMakeFiles/bootloader.dir/Core/Src/syscalls.c.obj
LOAD CMakeFiles/bootloader.dir/Core/Src/sysmem.c.obj
LOAD CMakeFiles/bootloader.dir/startup_stm32f407xx.s.obj
LOAD CMakeFiles/bootloader.dir/Core/Src/gpio.c.obj
LOAD CMakeFiles/bootloader.dir/Core/Src/can.c.obj
LOAD CMakeFiles/bootloader.dir/Core/Src/usart.c.obj
LOAD CMakeFiles/bootloader.dir/Core/Src/stm32f4xx_it.c.obj
LOAD CMakeFiles/bootloader.dir/Core/Src/stm32f4xx_hal_msp.c.obj
LOAD CMakeFiles/bootloader.dir/Core/Src/stm32f4xx_hal_timebase_tim.c.obj
LOAD CMakeFiles/bootloader.dir/Core/Src/inter_flash_cfg.c.obj
LOAD CMakeFiles/bootloader.dir/Core/Src/inter_flashif.c.obj
LOAD CMakeFiles/bootloader.dir/Bootloader/Src/ymodem.c.obj
LOAD CMakeFiles/bootloader.dir/Bootloader/Src/ymodem_porting.c.obj
START GROUP
LOAD E:/ST/STM32/STM32CubeIDE/plugins/com.st.stm32cube.ide.mcu.externaltools.gnu-tools-for-stm32.14.3.rel1.win32_1.0.100.202602081740/tools/bin/../lib/gcc/arm-none-eabi/14.3.1/thumb/v7e-m+fp/hard\libgcc.a
LOAD E:/ST/STM32/STM32CubeIDE/plugins/com.st.stm32cube.ide.mcu.externaltools.gnu-tools-for-stm32.14.3.rel1.win32_1.0.100.202602081740/tools/bin/../lib/gcc/arm-none-eabi/14.3.1/../../../../arm-none-eabi/lib/thumb/v7e-m+fp/hard\libg_nano.a
LOAD E:/ST/STM32/STM32CubeIDE/plugins/com.st.stm32cube.ide.mcu.externaltools.gnu-tools-for-stm32.14.3.rel1.win32_1.0.100.202602081740/tools/bin/../lib/gcc/arm-none-eabi/14.3.1/../../../../arm-none-eabi/lib/thumb/v7e-m+fp/hard\libc_nano.a
END GROUP
START GROUP
LOAD E:/ST/STM32/STM32CubeIDE/plugins/com.st.stm32cube.ide.mcu.externaltools.gnu-tools-for-stm32.14.3.rel1.win32_1.0.100.202602081740/tools/bin/../lib/gcc/arm-none-eabi/14.3.1/thumb/v7e-m+fp/hard\libgcc.a
LOAD E:/ST/STM32/STM32CubeIDE/plugins/com.st.stm32cube.ide.mcu.externaltools.gnu-tools-for-stm32.14.3.rel1.win32_1.0.100.202602081740/tools/bin/../lib/gcc/arm-none-eabi/14.3.1/../../../../arm-none-eabi/lib/thumb/v7e-m+fp/hard\libc_nano.a
END GROUP
LOAD E:/ST/STM32/STM32CubeIDE/plugins/com.st.stm32cube.ide.mcu.externaltools.gnu-tools-for-stm32.14.3.rel1.win32_1.0.100.202602081740/tools/bin/../lib/gcc/arm-none-eabi/14.3.1/thumb/v7e-m+fp/hard/crtend.o
LOAD E:/ST/STM32/STM32CubeIDE/plugins/com.st.stm32cube.ide.mcu.externaltools.gnu-tools-for-stm32.14.3.rel1.win32_1.0.100.202602081740/tools/bin/../lib/gcc/arm-none-eabi/14.3.1/thumb/v7e-m+fp/hard/crtn.o
                0x20020000                        _estack = (ORIGIN (RAM) + LENGTH (RAM))
                0x2001fc00                        _sstack = (_estack - _Min_Stack_Size)
                0x00000400                        _Min_Heap_Size = 0x400
                0x00000400                        _Min_Stack_Size = 0x400

.isr_vector     0x08000000      0x188
                0x08000000                        . = ALIGN (0x4)
 *(.isr_vector)
 .isr_vector    0x08000000      0x188 CMakeFiles/bootloader.dir/startup_stm32f407xx.s.obj
                0x08000000                g_pfnVectors
                0x08000188                        . = ALIGN (0x4)

.text           0x08000190     0x60e0
                0x08000190                        . = ALIGN (0x4)
 *(.text)
 .text          0x08000190       0x40 E:/ST/STM32/STM32CubeIDE/plugins/com.st.stm32cube.ide.mcu.externaltools.gnu-tools-for-stm32.14.3.rel1.win32_1.0.100.202602081740/tools/bin/../lib/gcc/arm-none-eabi/14.3.1/thumb/v7e-m+fp/hard/crtbegin.o
 .text          0x080001d0       0x30 E:/ST/STM32/STM32CubeIDE/plugins/com.st.stm32cube.ide.mcu.externaltools.gnu-tools-for-stm32.14.3.rel1.win32_1.0.100.202602081740/tools/bin/../lib/gcc/arm-none-eabi/14.3.1/thumb/v7e-m+fp/hard\libgcc.a(_aeabi_uldivmod.o)
                0x080001d0                __aeabi_uldivmod
 .text          0x08000200      0x2f8 E:/ST/STM32/STM32CubeIDE/plugins/com.st.stm32cube.ide.mcu.externaltools.gnu-tools-for-stm32.14.3.rel1.win32_1.0.100.202602081740/tools/bin/../lib/gcc/arm-none-eabi/14.3.1/thumb/v7e-m+fp/hard\libgcc.a(_udivmoddi4.o)
                0x08000200                __udivmoddi4
 .text          0x080004f8        0x4 E:/ST/STM32/STM32CubeIDE/plugins/com.st.stm32cube.ide.mcu.externaltools.gnu-tools-for-stm32.14.3.rel1.win32_1.0.100.202602081740/tools/bin/../lib/gcc/arm-none-eabi/14.3.1/thumb/v7e-m+fp/hard\libgcc.a(_dvmd_tls.o)
                0x080004f8                __aeabi_idiv0
                0x080004f8                __aeabi_ldiv0
 *fill*         0x080004fc        0x4 
 .text          0x08000500       0xa0 E:/ST/STM32/STM32CubeIDE/plugins/com.st.stm32cube.ide.mcu.externaltools.gnu-tools-for-stm32.14.3.rel1.win32_1.0.100.202602081740/tools/bin/../lib/gcc/arm-none-eabi/14.3.1/../../../../arm-none-eabi/lib/thumb/v7e-m+fp/hard\libg_nano.a(libc_a-memchr.o)
                0x08000500                memchr
 .text          0x080005a0       0x10 E:/ST/STM32/STM32CubeIDE/plugins/com.st.stm32cube.ide.mcu.externaltools.gnu-tools-for-stm32.14.3.rel1.win32_1.0.100.202602081740/tools/bin/../lib/gcc/arm-none-eabi/14.3.1/../../../../arm-none-eabi/lib/thumb/v7e-m+fp/hard\libg_nano.a(libc_a-strlen.o)
                0x080005a0                strlen
 .text          0x080005b0      0x378 E:/ST/STM32/STM32CubeIDE/plugins/com.st.stm32cube.ide.mcu.externaltools.gnu-tools-for-stm32.14.3.rel1.win32_1.0.100.202602081740/tools/bin/../lib/gcc/arm-none-eabi/14.3.1/thumb/v7e-m+fp/hard\libgcc.a(_arm_addsubdf3.o)
                0x080005b0                __aeabi_drsub
                0x080005b8                __aeabi_dsub
                0x080005b8                __subdf3
                0x080005bc                __aeabi_dadd
                0x080005bc                __adddf3
                0x08000834                __floatunsidf
                0x08000834                __aeabi_ui2d
                0x08000854                __floatsidf
                0x08000854                __aeabi_i2d
                0x08000878                __aeabi_f2d
                0x08000878                __extendsfdf2
                0x080008bc                __floatundidf
                0x080008bc                __aeabi_ul2d
                0x080008cc                __floatdidf
                0x080008cc                __aeabi_l2d
 .text          0x08000928      0x424 E:/ST/STM32/STM32CubeIDE/plugins/com.st.stm32cube.ide.mcu.externaltools.gnu-tools-for-stm32.14.3.rel1.win32_1.0.100.202602081740/tools/bin/../lib/gcc/arm-none-eabi/14.3.1/thumb/v7e-m+fp/hard\libgcc.a(_arm_muldivdf3.o)
                0x08000928                __aeabi_dmul
                0x08000928                __muldf3
                0x08000b7c                __divdf3
                0x08000b7c                __aeabi_ddiv
 .text          0x08000d4c      0x110 E:/ST/STM32/STM32CubeIDE/plugins/com.st.stm32cube.ide.mcu.externaltools.gnu-tools-for-stm32.14.3.rel1.win32_1.0.100.202602081740/tools/bin/../lib/gcc/arm-none-eabi/14.3.1/thumb/v7e-m+fp/hard\libgcc.a(_arm_cmpdf2.o)
                0x08000d4c                __gtdf2
                0x08000d4c                __gedf2
                0x08000d54                __ltdf2
                0x08000d54                __ledf2
                0x08000d5c                __nedf2
                0x08000d5c                __eqdf2
                0x08000d5c                __cmpdf2
                0x08000dd8                __aeabi_cdrcmple
                0x08000de8                __aeabi_cdcmpeq
                0x08000de8                __aeabi_cdcmple
                0x08000df8                __aeabi_dcmpeq
                0x08000e0c                __aeabi_dcmplt
                0x08000e20                __aeabi_dcmple
                0x08000e34                __aeabi_dcmpge
                0x08000e48                __aeabi_dcmpgt
 .text          0x08000e5c       0x2c E:/ST/STM32/STM32CubeIDE/plugins/com.st.stm32cube.ide.mcu.externaltools.gnu-tools-for-stm32.14.3.rel1.win32_1.0.100.202602081740/tools/bin/../lib/gcc/arm-none-eabi/14.3.1/thumb/v7e-m+fp/hard\libgcc.a(_arm_unorddf2.o)
                0x08000e5c                __unorddf2
                0x08000e5c                __aeabi_dcmpun
 .text          0x08000e88       0x50 E:/ST/STM32/STM32CubeIDE/plugins/com.st.stm32cube.ide.mcu.externaltools.gnu-tools-for-stm32.14.3.rel1.win32_1.0.100.202602081740/tools/bin/../lib/gcc/arm-none-eabi/14.3.1/thumb/v7e-m+fp/hard\libgcc.a(_arm_fixdfsi.o)
                0x08000e88                __aeabi_d2iz
                0x08000e88                __fixdfsi
 *(.text*)
 .text.SystemInit
                0x08000ed8       0x14 cmake/stm32cubemx/CMakeFiles/STM32_Drivers.dir/__/__/Core/Src/system_stm32f4xx.c.obj
                0x08000ed8                SystemInit
 .text.HAL_TIM_Base_MspInit
                0x08000eec        0x2 cmake/stm32cubemx/CMakeFiles/STM32_Drivers.dir/__/__/Drivers/STM32F4xx_HAL_Driver/Src/stm32f4xx_hal_tim.c.obj
                0x08000eec                HAL_TIM_Base_MspInit
 *fill*         0x08000eee        0x2 
 .text.HAL_TIM_Base_Start_IT
                0x08000ef0       0x84 cmake/stm32cubemx/CMakeFiles/STM32_Drivers.dir/__/__/Drivers/STM32F4xx_HAL_Driver/Src/stm32f4xx_hal_tim.c.obj
                0x08000ef0                HAL_TIM_Base_Start_IT
 .text.HAL_TIM_PeriodElapsedCallback
                0x08000f74        0x2 cmake/stm32cubemx/CMakeFiles/STM32_Drivers.dir/__/__/Drivers/STM32F4xx_HAL_Driver/Src/stm32f4xx_hal_tim.c.obj
                0x08000f74                HAL_TIM_PeriodElapsedCallback
 .text.HAL_TIM_OC_DelayElapsedCallback
                0x08000f76        0x2 cmake/stm32cubemx/CMakeFiles/STM32_Drivers.dir/__/__/Drivers/STM32F4xx_HAL_Driver/Src/stm32f4xx_hal_tim.c.obj
                0x08000f76                HAL_TIM_OC_DelayElapsedCallback
 .text.HAL_TIM_IC_CaptureCallback
                0x08000f78        0x2 cmake/stm32cubemx/CMakeFiles/STM32_Drivers.dir/__/__/Drivers/STM32F4xx_HAL_Driver/Src/stm32f4xx_hal_tim.c.obj
                0x08000f78                HAL_TIM_IC_CaptureCallback
 .text.HAL_TIM_PWM_PulseFinishedCallback
                0x08000f7a        0x2 cmake/stm32cubemx/CMakeFiles/STM32_Drivers.dir/__/__/Drivers/STM32F4xx_HAL_Driver/Src/stm32f4xx_hal_tim.c.obj
                0x08000f7a                HAL_TIM_PWM_PulseFinishedCallback
 .text.HAL_TIM_TriggerCallback
                0x08000f7c        0x2 cmake/stm32cubemx/CMakeFiles/STM32_Drivers.dir/__/__/Drivers/STM32F4xx_HAL_Driver/Src/stm32f4xx_hal_tim.c.obj
                0x08000f7c                HAL_TIM_TriggerCallback
 .text.HAL_TIM_IRQHandler
                0x08000f7e      0x15e cmake/stm32cubemx/CMakeFiles/STM32_Drivers.dir/__/__/Drivers/STM32F4xx_HAL_Driver/Src/stm32f4xx_hal_tim.c.obj
                0x08000f7e                HAL_TIM_IRQHandler
 .text.TIM_Base_SetConfig
                0x080010dc       0xd0 cmake/stm32cubemx/CMakeFiles/STM32_Drivers.dir/__/__/Drivers/STM32F4xx_HAL_Driver/Src/stm32f4xx_hal_tim.c.obj
                0x080010dc                TIM_Base_SetConfig
 .text.HAL_TIM_Base_Init
                0x080011ac       0x58 cmake/stm32cubemx/CMakeFiles/STM32_Drivers.dir/__/__/Drivers/STM32F4xx_HAL_Driver/Src/stm32f4xx_hal_tim.c.obj
                0x080011ac                HAL_TIM_Base_Init
 .text.HAL_TIMEx_CommutCallback
                0x08001204        0x2 cmake/stm32cubemx/CMakeFiles/STM32_Drivers.dir/__/__/Drivers/STM32F4xx_HAL_Driver/Src/stm32f4xx_hal_tim_ex.c.obj
                0x08001204                HAL_TIMEx_CommutCallback
 .text.HAL_TIMEx_BreakCallback
                0x08001206        0x2 cmake/stm32cubemx/CMakeFiles/STM32_Drivers.dir/__/__/Drivers/STM32F4xx_HAL_Driver/Src/stm32f4xx_hal_tim_ex.c.obj
                0x08001206                HAL_TIMEx_BreakCallback
 .text.HAL_CAN_Init
                0x08001208      0x14c cmake/stm32cubemx/CMakeFiles/STM32_Drivers.dir/__/__/Drivers/STM32F4xx_HAL_Driver/Src/stm32f4xx_hal_can.c.obj
                0x08001208                HAL_CAN_Init
 .text.HAL_RCC_OscConfig
                0x08001354      0x3f8 cmake/stm32cubemx/CMakeFiles/STM32_Drivers.dir/__/__/Drivers/STM32F4xx_HAL_Driver/Src/stm32f4xx_hal_rcc.c.obj
                0x08001354                HAL_RCC_OscConfig
 .text.HAL_RCC_GetSysClockFreq
                0x0800174c       0xdc cmake/stm32cubemx/CMakeFiles/STM32_Drivers.dir/__/__/Drivers/STM32F4xx_HAL_Driver/Src/stm32f4xx_hal_rcc.c.obj
                0x0800174c                HAL_RCC_GetSysClockFreq
 .text.HAL_RCC_ClockConfig
                0x08001828      0x160 cmake/stm32cubemx/CMakeFiles/STM32_Drivers.dir/__/__/Drivers/STM32F4xx_HAL_Driver/Src/stm32f4xx_hal_rcc.c.obj
                0x08001828                HAL_RCC_ClockConfig
 .text.HAL_RCC_GetHCLKFreq
                0x08001988        0xc cmake/stm32cubemx/CMakeFiles/STM32_Drivers.dir/__/__/Drivers/STM32F4xx_HAL_Driver/Src/stm32f4xx_hal_rcc.c.obj
                0x08001988                HAL_RCC_GetHCLKFreq
 .text.HAL_RCC_GetPCLK1Freq
                0x08001994       0x20 cmake/stm32cubemx/CMakeFiles/STM32_Drivers.dir/__/__/Drivers/STM32F4xx_HAL_Driver/Src/stm32f4xx_hal_rcc.c.obj
                0x08001994                HAL_RCC_GetPCLK1Freq
 .text.HAL_RCC_GetPCLK2Freq
                0x080019b4       0x20 cmake/stm32cubemx/CMakeFiles/STM32_Drivers.dir/__/__/Drivers/STM32F4xx_HAL_Driver/Src/stm32f4xx_hal_rcc.c.obj
                0x080019b4                HAL_RCC_GetPCLK2Freq
 .text.HAL_RCC_GetClockConfig
                0x080019d4       0x3c cmake/stm32cubemx/CMakeFiles/STM32_Drivers.dir/__/__/Drivers/STM32F4xx_HAL_Driver/Src/stm32f4xx_hal_rcc.c.obj
                0x080019d4                HAL_RCC_GetClockConfig
 .text.FLASH_Program_DoubleWord
                0x08001a10       0x30 cmake/stm32cubemx/CMakeFiles/STM32_Drivers.dir/__/__/Drivers/STM32F4xx_HAL_Driver/Src/stm32f4xx_hal_flash.c.obj
 .text.FLASH_Program_Word
                0x08001a40       0x24 cmake/stm32cubemx/CMakeFiles/STM32_Drivers.dir/__/__/Drivers/STM32F4xx_HAL_Driver/Src/stm32f4xx_hal_flash.c.obj
 .text.FLASH_Program_HalfWord
                0x08001a64       0x24 cmake/stm32cubemx/CMakeFiles/STM32_Drivers.dir/__/__/Drivers/STM32F4xx_HAL_Driver/Src/stm32f4xx_hal_flash.c.obj
 .text.FLASH_Program_Byte
                0x08001a88       0x20 cmake/stm32cubemx/CMakeFiles/STM32_Drivers.dir/__/__/Drivers/STM32F4xx_HAL_Driver/Src/stm32f4xx_hal_flash.c.obj
 .text.FLASH_SetErrorCode
                0x08001aa8       0x8c cmake/stm32cubemx/CMakeFiles/STM32_Drivers.dir/__/__/Drivers/STM32F4xx_HAL_Driver/Src/stm32f4xx_hal_flash.c.obj
 .text.HAL_FLASH_Unlock
                0x08001b34       0x30 cmake/stm32cubemx/CMakeFiles/STM32_Drivers.dir/__/__/Drivers/STM32F4xx_HAL_Driver/Src/stm32f4xx_hal_flash.c.obj
                0x08001b34                HAL_FLASH_Unlock
 .text.HAL_FLASH_Lock
                0x08001b64       0x14 cmake/stm32cubemx/CMakeFiles/STM32_Drivers.dir/__/__/Drivers/STM32F4xx_HAL_Driver/Src/stm32f4xx_hal_flash.c.obj
                0x08001b64                HAL_FLASH_Lock
 .text.FLASH_WaitForLastOperation
                0x08001b78       0x60 cmake/stm32cubemx/CMakeFiles/STM32_Drivers.dir/__/__/Drivers/STM32F4xx_HAL_Driver/Src/stm32f4xx_hal_flash.c.obj
                0x08001b78                FLASH_WaitForLastOperation
 .text.HAL_FLASH_Program
                0x08001bd8       0x7c cmake/stm32cubemx/CMakeFiles/STM32_Drivers.dir/__/__/Drivers/STM32F4xx_HAL_Driver/Src/stm32f4xx_hal_flash.c.obj
                0x08001bd8                HAL_FLASH_Program
 .text.FLASH_MassErase
                0x08001c54       0x24 cmake/stm32cubemx/CMakeFiles/STM32_Drivers.dir/__/__/Drivers/STM32F4xx_HAL_Driver/Src/stm32f4xx_hal_flash_ex.c.obj
 .text.FLASH_Erase_Sector
                0x08001c78       0x4c cmake/stm32cubemx/CMakeFiles/STM32_Drivers.dir/__/__/Drivers/STM32F4xx_HAL_Driver/Src/stm32f4xx_hal_flash_ex.c.obj
                0x08001c78                FLASH_Erase_Sector
 .text.FLASH_FlushCaches
                0x08001cc4       0x60 cmake/stm32cubemx/CMakeFiles/STM32_Drivers.dir/__/__/Drivers/STM32F4xx_HAL_Driver/Src/stm32f4xx_hal_flash_ex.c.obj
                0x08001cc4                FLASH_FlushCaches
 .text.HAL_FLASHEx_Erase
                0x08001d24       0x94 cmake/stm32cubemx/CMakeFiles/STM32_Drivers.dir/__/__/Drivers/STM32F4xx_HAL_Driver/Src/stm32f4xx_hal_flash_ex.c.obj
                0x08001d24                HAL_FLASHEx_Erase
 .text.HAL_GPIO_Init
                0x08001db8      0x1ec cmake/stm32cubemx/CMakeFiles/STM32_Drivers.dir/__/__/Drivers/STM32F4xx_HAL_Driver/Src/stm32f4xx_hal_gpio.c.obj
                0x08001db8                HAL_GPIO_Init
 .text.HAL_GPIO_WritePin
                0x08001fa4        0xc cmake/stm32cubemx/CMakeFiles/STM32_Drivers.dir/__/__/Drivers/STM32F4xx_HAL_Driver/Src/stm32f4xx_hal_gpio.c.obj
                0x08001fa4                HAL_GPIO_WritePin
 .text.HAL_DMA_Abort
                0x08001fb0       0x92 cmake/stm32cubemx/CMakeFiles/STM32_Drivers.dir/__/__/Drivers/STM32F4xx_HAL_Driver/Src/stm32f4xx_hal_dma.c.obj
                0x08001fb0                HAL_DMA_Abort
 .text.HAL_DMA_Abort_IT
                0x08002042       0x24 cmake/stm32cubemx/CMakeFiles/STM32_Drivers.dir/__/__/Drivers/STM32F4xx_HAL_Driver/Src/stm32f4xx_hal_dma.c.obj
                0x08002042                HAL_DMA_Abort_IT
 *fill*         0x08002066        0x2 
 .text.__NVIC_EnableIRQ
                0x08002068       0x1c cmake/stm32cubemx/CMakeFiles/STM32_Drivers.dir/__/__/Drivers/STM32F4xx_HAL_Driver/Src/stm32f4xx_hal_cortex.c.obj
 .text.__NVIC_SetPriority
                0x08002084       0x28 cmake/stm32cubemx/CMakeFiles/STM32_Drivers.dir/__/__/Drivers/STM32F4xx_HAL_Driver/Src/stm32f4xx_hal_cortex.c.obj
 .text.NVIC_EncodePriority
                0x080020ac       0x3c cmake/stm32cubemx/CMakeFiles/STM32_Drivers.dir/__/__/Drivers/STM32F4xx_HAL_Driver/Src/stm32f4xx_hal_cortex.c.obj
 .text.HAL_NVIC_SetPriorityGrouping
                0x080020e8       0x24 cmake/stm32cubemx/CMakeFiles/STM32_Drivers.dir/__/__/Drivers/STM32F4xx_HAL_Driver/Src/stm32f4xx_hal_cortex.c.obj
                0x080020e8                HAL_NVIC_SetPriorityGrouping
 .text.HAL_NVIC_SetPriority
                0x0800210c       0x20 cmake/stm32cubemx/CMakeFiles/STM32_Drivers.dir/__/__/Drivers/STM32F4xx_HAL_Driver/Src/stm32f4xx_hal_cortex.c.obj
                0x0800210c                HAL_NVIC_SetPriority
 .text.HAL_NVIC_EnableIRQ
                0x0800212c        0x8 cmake/stm32cubemx/CMakeFiles/STM32_Drivers.dir/__/__/Drivers/STM32F4xx_HAL_Driver/Src/stm32f4xx_hal_cortex.c.obj
                0x0800212c                HAL_NVIC_EnableIRQ
 .text.HAL_MspDeInit
                0x08002134        0x2 cmake/stm32cubemx/CMakeFiles/STM32_Drivers.dir/__/__/Drivers/STM32F4xx_HAL_Driver/Src/stm32f4xx_hal.c.obj
                0x08002134                HAL_MspDeInit
 *fill*         0x08002136        0x2 
 .text.HAL_DeInit
                0x08002138       0x3c cmake/stm32cubemx/CMakeFiles/STM32_Drivers.dir/__/__/Drivers/STM32F4xx_HAL_Driver/Src/stm32f4xx_hal.c.obj
                0x08002138                HAL_DeInit
 .text.HAL_Init
                0x08002174       0x34 cmake/stm32cubemx/CMakeFiles/STM32_Drivers.dir/__/__/Drivers/STM32F4xx_HAL_Driver/Src/stm32f4xx_hal.c.obj
                0x08002174                HAL_Init
 .text.HAL_GetTick
                0x080021a8        0xc cmake/stm32cubemx/CMakeFiles/STM32_Drivers.dir/__/__/Drivers/STM32F4xx_HAL_Driver/Src/stm32f4xx_hal.c.obj
                0x080021a8                HAL_GetTick
 .text.UART_EndRxTransfer
                0x080021b4       0x5c cmake/stm32cubemx/CMakeFiles/STM32_Drivers.dir/__/__/Drivers/STM32F4xx_HAL_Driver/Src/stm32f4xx_hal_uart.c.obj
 .text.UART_Transmit_IT
                0x08002210       0x5e cmake/stm32cubemx/CMakeFiles/STM32_Drivers.dir/__/__/Drivers/STM32F4xx_HAL_Driver/Src/stm32f4xx_hal_uart.c.obj
 *fill*         0x0800226e        0x2 
 .text.UART_SetConfig
                0x08002270      0x110 cmake/stm32cubemx/CMakeFiles/STM32_Drivers.dir/__/__/Drivers/STM32F4xx_HAL_Driver/Src/stm32f4xx_hal_uart.c.obj
 .text.UART_WaitOnFlagUntilTimeout
                0x08002380       0x86 cmake/stm32cubemx/CMakeFiles/STM32_Drivers.dir/__/__/Drivers/STM32F4xx_HAL_Driver/Src/stm32f4xx_hal_uart.c.obj
 .text.HAL_UART_Init
                0x08002406       0x60 cmake/stm32cubemx/CMakeFiles/STM32_Drivers.dir/__/__/Drivers/STM32F4xx_HAL_Driver/Src/stm32f4xx_hal_uart.c.obj
                0x08002406                HAL_UART_Init
 .text.HAL_UART_Transmit
                0x08002466       0xca cmake/stm32cubemx/CMakeFiles/STM32_Drivers.dir/__/__/Drivers/STM32F4xx_HAL_Driver/Src/stm32f4xx_hal_uart.c.obj
                0x08002466                HAL_UART_Transmit
 .text.HAL_UART_TxCpltCallback
                0x08002530        0x2 cmake/stm32cubemx/CMakeFiles/STM32_Drivers.dir/__/__/Drivers/STM32F4xx_HAL_Driver/Src/stm32f4xx_hal_uart.c.obj
                0x08002530                HAL_UART_TxCpltCallback
 .text.UART_EndTransmit_IT
                0x08002532       0x1a cmake/stm32cubemx/CMakeFiles/STM32_Drivers.dir/__/__/Drivers/STM32F4xx_HAL_Driver/Src/stm32f4xx_hal_uart.c.obj
 .text.HAL_UART_ErrorCallback
                0x0800254c        0x2 cmake/stm32cubemx/CMakeFiles/STM32_Drivers.dir/__/__/Drivers/STM32F4xx_HAL_Driver/Src/stm32f4xx_hal_uart.c.obj
                0x0800254c                HAL_UART_ErrorCallback
 .text.UART_DMAAbortOnError
                0x0800254e        0xe cmake/stm32cubemx/CMakeFiles/STM32_Drivers.dir/__/__/Drivers/STM32F4xx_HAL_Driver/Src/stm32f4xx_hal_uart.c.obj
 .text.HAL_UARTEx_RxEventCallback
                0x0800255c        0x2 cmake/stm32cubemx/CMakeFiles/STM32_Drivers.dir/__/__/Drivers/STM32F4xx_HAL_Driver/Src/stm32f4xx_hal_uart.c.obj
                0x0800255c                HAL_UARTEx_RxEventCallback
 .text.UART_Receive_IT
                0x0800255e       0xe2 cmake/stm32cubemx/CMakeFiles/STM32_Drivers.dir/__/__/Drivers/STM32F4xx_HAL_Driver/Src/stm32f4xx_hal_uart.c.obj
 .text.HAL_UART_IRQHandler
                0x08002640      0x2a0 cmake/stm32cubemx/CMakeFiles/STM32_Drivers.dir/__/__/Drivers/STM32F4xx_HAL_Driver/Src/stm32f4xx_hal_uart.c.obj
                0x08002640                HAL_UART_IRQHandler
 .text.SystemClock_Config
                0x080028e0       0x9c CMakeFiles/bootloader.dir/Bootloader/Src/main.c.obj
 .text.PrintBootInfo
                0x0800297c       0xa4 CMakeFiles/bootloader.dir/Bootloader/Src/main.c.obj
 .text.Error_Handler
                0x08002a20        0x4 CMakeFiles/bootloader.dir/Bootloader/Src/main.c.obj
                0x08002a20                Error_Handler
 .text.main     0x08002a24       0xb0 CMakeFiles/bootloader.dir/Bootloader/Src/main.c.obj
                0x08002a24                main
 .text.boot_check_stack2jump_app
                0x08002ad4       0x58 CMakeFiles/bootloader.dir/Core/Src/boot_manager.c.obj
                0x08002ad4                boot_check_stack2jump_app
 .text._getpid  0x08002b2c        0x4 CMakeFiles/bootloader.dir/Core/Src/syscalls.c.obj
                0x08002b2c                _getpid
 .text._kill    0x08002b30       0x10 CMakeFiles/bootloader.dir/Core/Src/syscalls.c.obj
                0x08002b30                _kill
 .text._exit    0x08002b40        0xc CMakeFiles/bootloader.dir/Core/Src/syscalls.c.obj
                0x08002b40                _exit
 .text._read    0x08002b4c       0x20 CMakeFiles/bootloader.dir/Core/Src/syscalls.c.obj
                0x08002b4c                _read
 .text._close   0x08002b6c        0x6 CMakeFiles/bootloader.dir/Core/Src/syscalls.c.obj
                0x08002b6c                _close
 .text._fstat   0x08002b72        0xa CMakeFiles/bootloader.dir/Core/Src/syscalls.c.obj
                0x08002b72                _fstat
 .text._isatty  0x08002b7c        0x4 CMakeFiles/bootloader.dir/Core/Src/syscalls.c.obj
                0x08002b7c                _isatty
 .text._lseek   0x08002b80        0x4 CMakeFiles/bootloader.dir/Core/Src/syscalls.c.obj
                0x08002b80                _lseek
 .text._sbrk    0x08002b84       0x48 CMakeFiles/bootloader.dir/Core/Src/sysmem.c.obj
                0x08002b84                _sbrk
 .text.Reset_Handler
                0x08002bcc       0x50 CMakeFiles/bootloader.dir/startup_stm32f407xx.s.obj
                0x08002bcc                Reset_Handler
 .text.Default_Handler
                0x08002c1c        0x2 CMakeFiles/bootloader.dir/startup_stm32f407xx.s.obj
                0x08002c1c                RTC_Alarm_IRQHandler
                0x08002c1c                HASH_RNG_IRQHandler
                0x08002c1c                EXTI2_IRQHandler
                0x08002c1c                TIM8_CC_IRQHandler
                0x08002c1c                TIM1_CC_IRQHandler
                0x08002c1c                DMA2_Stream5_IRQHandler
                0x08002c1c                DMA1_Stream5_IRQHandler
                0x08002c1c                SysTick_Handler
                0x08002c1c                PVD_IRQHandler
                0x08002c1c                SDIO_IRQHandler
                0x08002c1c                TAMP_STAMP_IRQHandler
                0x08002c1c                PendSV_Handler
                0x08002c1c                CAN2_RX1_IRQHandler
                0x08002c1c                EXTI3_IRQHandler
                0x08002c1c                TIM8_TRG_COM_TIM14_IRQHandler
                0x08002c1c                TIM1_UP_TIM10_IRQHandler
                0x08002c1c                TIM8_UP_TIM13_IRQHandler
                0x08002c1c                I2C3_ER_IRQHandler
                0x08002c1c                EXTI0_IRQHandler
                0x08002c1c                I2C2_EV_IRQHandler
                0x08002c1c                DMA1_Stream2_IRQHandler
                0x08002c1c                CAN1_RX0_IRQHandler
                0x08002c1c                FPU_IRQHandler
                0x08002c1c                OTG_HS_WKUP_IRQHandler
                0x08002c1c                CAN2_SCE_IRQHandler
                0x08002c1c                DMA2_Stream2_IRQHandler
                0x08002c1c                SPI1_IRQHandler
                0x08002c1c                TIM6_DAC_IRQHandler
                0x08002c1c                TIM1_BRK_TIM9_IRQHandler
                0x08002c1c                DCMI_IRQHandler
                0x08002c1c                CAN2_RX0_IRQHandler
                0x08002c1c                DMA2_Stream3_IRQHandler
                0x08002c1c                USART6_IRQHandler
                0x08002c1c                USART3_IRQHandler
                0x08002c1c                CAN1_RX1_IRQHandler
                0x08002c1c                UART5_IRQHandler
                0x08002c1c                DMA2_Stream0_IRQHandler
                0x08002c1c                TIM4_IRQHandler
                0x08002c1c                I2C1_EV_IRQHandler
                0x08002c1c                DMA1_Stream6_IRQHandler
                0x08002c1c                DMA1_Stream1_IRQHandler
                0x08002c1c                UART4_IRQHandler
                0x08002c1c                RCC_IRQHandler
                0x08002c1c                TIM8_BRK_TIM12_IRQHandler
                0x08002c1c                Default_Handler
                0x08002c1c                EXTI15_10_IRQHandler
                0x08002c1c                ADC_IRQHandler
                0x08002c1c                DMA1_Stream7_IRQHandler
                0x08002c1c                TIM7_IRQHandler
                0x08002c1c                CAN2_TX_IRQHandler
                0x08002c1c                TIM5_IRQHandler
                0x08002c1c                DMA2_Stream7_IRQHandler
                0x08002c1c                I2C3_EV_IRQHandler
                0x08002c1c                EXTI9_5_IRQHandler
                0x08002c1c                RTC_WKUP_IRQHandler
                0x08002c1c                ETH_WKUP_IRQHandler
                0x08002c1c                SPI2_IRQHandler
                0x08002c1c                OTG_HS_EP1_IN_IRQHandler
                0x08002c1c                DMA1_Stream0_IRQHandler
                0x08002c1c                CAN1_TX_IRQHandler
                0x08002c1c                SVC_Handler
                0x08002c1c                EXTI4_IRQHandler
                0x08002c1c                FSMC_IRQHandler
                0x08002c1c                ETH_IRQHandler
                0x08002c1c                OTG_HS_EP1_OUT_IRQHandler
                0x08002c1c                WWDG_IRQHandler
                0x08002c1c                TIM2_IRQHandler
                0x08002c1c                OTG_FS_WKUP_IRQHandler
                0x08002c1c                TIM1_TRG_COM_TIM11_IRQHandler
                0x08002c1c                OTG_HS_IRQHandler
                0x08002c1c                EXTI1_IRQHandler
                0x08002c1c                USART2_IRQHandler
                0x08002c1c                I2C2_ER_IRQHandler
                0x08002c1c                DMA2_Stream1_IRQHandler
                0x08002c1c                CAN1_SCE_IRQHandler
                0x08002c1c                FLASH_IRQHandler
                0x08002c1c                DMA2_Stream4_IRQHandler
                0x08002c1c                OTG_FS_IRQHandler
                0x08002c1c                SPI3_IRQHandler
                0x08002c1c                DMA1_Stream4_IRQHandler
                0x08002c1c                I2C1_ER_IRQHandler
                0x08002c1c                DMA2_Stream6_IRQHandler
                0x08002c1c                DMA1_Stream3_IRQHandler
 *fill*         0x08002c1e        0x2 
 .text.MX_GPIO_Init
                0x08002c20      0x210 CMakeFiles/bootloader.dir/Core/Src/gpio.c.obj
                0x08002c20                MX_GPIO_Init
 .text.MX_CAN1_Init
                0x08002e30       0x40 CMakeFiles/bootloader.dir/Core/Src/can.c.obj
                0x08002e30                MX_CAN1_Init
 .text.HAL_CAN_MspInit
                0x08002e70       0x70 CMakeFiles/bootloader.dir/Core/Src/can.c.obj
                0x08002e70                HAL_CAN_MspInit
 .text.MX_USART1_UART_Init
                0x08002ee0       0x34 CMakeFiles/bootloader.dir/Core/Src/usart.c.obj
                0x08002ee0                MX_USART1_UART_Init
 .text.HAL_UART_MspInit
                0x08002f14       0x80 CMakeFiles/bootloader.dir/Core/Src/usart.c.obj
                0x08002f14                HAL_UART_MspInit
 .text._write   0x08002f94       0x18 CMakeFiles/bootloader.dir/Core/Src/usart.c.obj
                0x08002f94                _write
 .text.HAL_UART_RxCpltCallback
                0x08002fac       0x1c CMakeFiles/bootloader.dir/Core/Src/stm32f4xx_it.c.obj
                0x08002fac                HAL_UART_RxCpltCallback
 .text.NMI_Handler
                0x08002fc8        0x2 CMakeFiles/bootloader.dir/Core/Src/stm32f4xx_it.c.obj
                0x08002fc8                NMI_Handler
 .text.HardFault_Handler
                0x08002fca        0x2 CMakeFiles/bootloader.dir/Core/Src/stm32f4xx_it.c.obj
                0x08002fca                HardFault_Handler
 .text.MemManage_Handler
                0x08002fcc        0x2 CMakeFiles/bootloader.dir/Core/Src/stm32f4xx_it.c.obj
                0x08002fcc                MemManage_Handler
 .text.BusFault_Handler
                0x08002fce        0x2 CMakeFiles/bootloader.dir/Core/Src/stm32f4xx_it.c.obj
                0x08002fce                BusFault_Handler
 .text.UsageFault_Handler
                0x08002fd0        0x2 CMakeFiles/bootloader.dir/Core/Src/stm32f4xx_it.c.obj
                0x08002fd0                UsageFault_Handler
 .text.DebugMon_Handler
                0x08002fd2        0x2 CMakeFiles/bootloader.dir/Core/Src/stm32f4xx_it.c.obj
                0x08002fd2                DebugMon_Handler
 .text.TIM3_IRQHandler
                0x08002fd4       0x10 CMakeFiles/bootloader.dir/Core/Src/stm32f4xx_it.c.obj
                0x08002fd4                TIM3_IRQHandler
 .text.USART1_IRQHandler
                0x08002fe4       0x10 CMakeFiles/bootloader.dir/Core/Src/stm32f4xx_it.c.obj
                0x08002fe4                USART1_IRQHandler
 .text.HAL_MspInit
                0x08002ff4       0x44 CMakeFiles/bootloader.dir/Core/Src/stm32f4xx_hal_msp.c.obj
                0x08002ff4                HAL_MspInit
 .text.HAL_InitTick
                0x08003038       0xa4 CMakeFiles/bootloader.dir/Core/Src/stm32f4xx_hal_timebase_tim.c.obj
                0x08003038                HAL_InitTick
 .text.inter_flash_cfg_load
                0x080030dc       0x70 CMakeFiles/bootloader.dir/Core/Src/inter_flash_cfg.c.obj
 .text.inter_flash_cfg_get_app_update_flag
                0x0800314c       0x1c CMakeFiles/bootloader.dir/Core/Src/inter_flash_cfg.c.obj
                0x0800314c                inter_flash_cfg_get_app_update_flag
 .text.inter_flash_cfg_set_app_update_flag
                0x08003168       0x7c CMakeFiles/bootloader.dir/Core/Src/inter_flash_cfg.c.obj
                0x08003168                inter_flash_cfg_set_app_update_flag
 .text.inter_flash_cfg_init
                0x080031e4       0x3c CMakeFiles/bootloader.dir/Core/Src/inter_flash_cfg.c.obj
                0x080031e4                inter_flash_cfg_init
 .text.addr_to_sector
                0x08003220       0x8c CMakeFiles/bootloader.dir/Core/Src/inter_flashif.c.obj
 .text.inter_flash_checksum
                0x080032ac       0x18 CMakeFiles/bootloader.dir/Core/Src/inter_flashif.c.obj
                0x080032ac                inter_flash_checksum
 .text.inter_flashif_read
                0x080032c4       0x16 CMakeFiles/bootloader.dir/Core/Src/inter_flashif.c.obj
                0x080032c4                inter_flashif_read
 .text.inter_flashif_write
                0x080032da       0x3a CMakeFiles/bootloader.dir/Core/Src/inter_flashif.c.obj
                0x080032da                inter_flashif_write
 .text.inter_flashif_erase_sector
                0x08003314       0x44 CMakeFiles/bootloader.dir/Core/Src/inter_flashif.c.obj
                0x08003314                inter_flashif_erase_sector
 .text.UpdateCRC16
                0x08003358       0x2c CMakeFiles/bootloader.dir/Bootloader/Src/ymodem.c.obj
 .text.Cal_CRC16
                0x08003384       0x28 CMakeFiles/bootloader.dir/Bootloader/Src/ymodem.c.obj
 .text.Str2Int  0x080033ac       0x34 CMakeFiles/bootloader.dir/Bootloader/Src/ymodem.c.obj
 .text.ReceivePacket
                0x080033e0      0x112 CMakeFiles/bootloader.dir/Bootloader/Src/ymodem.c.obj
 *fill*         0x080034f2        0x2 
 .text.erase_app_area
                0x080034f4       0x74 CMakeFiles/bootloader.dir/Bootloader/Src/ymodem.c.obj
 .text.write_flush
                0x08003568       0xac CMakeFiles/bootloader.dir/Bootloader/Src/ymodem.c.obj
 .text.Ymodem_Receive
                0x08003614      0x1d4 CMakeFiles/bootloader.dir/Bootloader/Src/ymodem.c.obj
                0x08003614                Ymodem_Receive
 .text.Serial_PutByte
                0x080037e8       0x20 CMakeFiles/bootloader.dir/Bootloader/Src/ymodem_porting.c.obj
                0x080037e8                Serial_PutByte
 .text.Serial_Recv_data
                0x08003808       0x40 CMakeFiles/bootloader.dir/Bootloader/Src/ymodem_porting.c.obj
                0x08003808                Serial_Recv_data
 .text.__cvt    0x08003848       0xca E:/ST/STM32/STM32CubeIDE/plugins/com.st.stm32cube.ide.mcu.externaltools.gnu-tools-for-stm32.14.3.rel1.win32_1.0.100.202602081740/tools/bin/../lib/gcc/arm-none-eabi/14.3.1/../../../../arm-none-eabi/lib/thumb/v7e-m+fp/hard\libg_nano.a(libc_a-nano-vfprintf_float.o)
                0x08003848                __cvt
 .text.__exponent
                0x08003912       0x74 E:/ST/STM32/STM32CubeIDE/plugins/com.st.stm32cube.ide.mcu.externaltools.gnu-tools-for-stm32.14.3.rel1.win32_1.0.100.202602081740/tools/bin/../lib/gcc/arm-none-eabi/14.3.1/../../../../arm-none-eabi/lib/thumb/v7e-m+fp/hard\libg_nano.a(libc_a-nano-vfprintf_float.o)
                0x08003912                __exponent
 *fill*         0x08003986        0x2 
 .text._printf_float
                0x08003988      0x450 E:/ST/STM32/STM32CubeIDE/plugins/com.st.stm32cube.ide.mcu.externaltools.gnu-tools-for-stm32.14.3.rel1.win32_1.0.100.202602081740/tools/bin/../lib/gcc/arm-none-eabi/14.3.1/../../../../arm-none-eabi/lib/thumb/v7e-m+fp/hard\libg_nano.a(libc_a-nano-vfprintf_float.o)
                0x08003988                _printf_float
 .text._printf_common
                0x08003dd8       0xda E:/ST/STM32/STM32CubeIDE/plugins/com.st.stm32cube.ide.mcu.externaltools.gnu-tools-for-stm32.14.3.rel1.win32_1.0.100.202602081740/tools/bin/../lib/gcc/arm-none-eabi/14.3.1/../../../../arm-none-eabi/lib/thumb/v7e-m+fp/hard\libg_nano.a(libc_a-nano-vfprintf_i.o)
                0x08003dd8                _printf_common
 *fill*         0x08003eb2        0x2 
 .text._printf_i
                0x08003eb4      0x24c E:/ST/STM32/STM32CubeIDE/plugins/com.st.stm32cube.ide.mcu.externaltools.gnu-tools-for-stm32.14.3.rel1.win32_1.0.100.202602081740/tools/bin/../lib/gcc/arm-none-eabi/14.3.1/../../../../arm-none-eabi/lib/thumb/v7e-m+fp/hard\libg_nano.a(libc_a-nano-vfprintf_i.o)
                0x08003eb4                _printf_i
 .text.std      0x08004100       0x6c E:/ST/STM32/STM32CubeIDE/plugins/com.st.stm32cube.ide.mcu.externaltools.gnu-tools-for-stm32.14.3.rel1.win32_1.0.100.202602081740/tools/bin/../lib/gcc/arm-none-eabi/14.3.1/../../../../arm-none-eabi/lib/thumb/v7e-m+fp/hard\libg_nano.a(libc_a-findfp.o)
 .text.stdio_exit_handler
                0x0800416c       0x18 E:/ST/STM32/STM32CubeIDE/plugins/com.st.stm32cube.ide.mcu.externaltools.gnu-tools-for-stm32.14.3.rel1.win32_1.0.100.202602081740/tools/bin/../lib/gcc/arm-none-eabi/14.3.1/../../../../arm-none-eabi/lib/thumb/v7e-m+fp/hard\libg_nano.a(libc_a-findfp.o)
 .text.cleanup_stdio
                0x08004184       0x40 E:/ST/STM32/STM32CubeIDE/plugins/com.st.stm32cube.ide.mcu.externaltools.gnu-tools-for-stm32.14.3.rel1.win32_1.0.100.202602081740/tools/bin/../lib/gcc/arm-none-eabi/14.3.1/../../../../arm-none-eabi/lib/thumb/v7e-m+fp/hard\libg_nano.a(libc_a-findfp.o)
 .text.global_stdio_init.part.0
                0x080041c4       0x40 E:/ST/STM32/STM32CubeIDE/plugins/com.st.stm32cube.ide.mcu.externaltools.gnu-tools-for-stm32.14.3.rel1.win32_1.0.100.202602081740/tools/bin/../lib/gcc/arm-none-eabi/14.3.1/../../../../arm-none-eabi/lib/thumb/v7e-m+fp/hard\libg_nano.a(libc_a-findfp.o)
 .text.__sfp_lock_acquire
                0x08004204        0xc E:/ST/STM32/STM32CubeIDE/plugins/com.st.stm32cube.ide.mcu.externaltools.gnu-tools-for-stm32.14.3.rel1.win32_1.0.100.202602081740/tools/bin/../lib/gcc/arm-none-eabi/14.3.1/../../../../arm-none-eabi/lib/thumb/v7e-m+fp/hard\libg_nano.a(libc_a-findfp.o)
                0x08004204                __sfp_lock_acquire
 .text.__sfp_lock_release
                0x08004210        0xc E:/ST/STM32/STM32CubeIDE/plugins/com.st.stm32cube.ide.mcu.externaltools.gnu-tools-for-stm32.14.3.rel1.win32_1.0.100.202602081740/tools/bin/../lib/gcc/arm-none-eabi/14.3.1/../../../../arm-none-eabi/lib/thumb/v7e-m+fp/hard\libg_nano.a(libc_a-findfp.o)
                0x08004210                __sfp_lock_release
 .text.__sinit  0x0800421c       0x30 E:/ST/STM32/STM32CubeIDE/plugins/com.st.stm32cube.ide.mcu.externaltools.gnu-tools-for-stm32.14.3.rel1.win32_1.0.100.202602081740/tools/bin/../lib/gcc/arm-none-eabi/14.3.1/../../../../arm-none-eabi/lib/thumb/v7e-m+fp/hard\libg_nano.a(libc_a-findfp.o)
                0x0800421c                __sinit
 .text._fwalk_sglue
                0x0800424c       0x3c E:/ST/STM32/STM32CubeIDE/plugins/com.st.stm32cube.ide.mcu.externaltools.gnu-tools-for-stm32.14.3.rel1.win32_1.0.100.202602081740/tools/bin/../lib/gcc/arm-none-eabi/14.3.1/../../../../arm-none-eabi/lib/thumb/v7e-m+fp/hard\libg_nano.a(libc_a-fwalk.o)
                0x0800424c                _fwalk_sglue
 .text.printf   0x08004288       0x24 E:/ST/STM32/STM32CubeIDE/plugins/com.st.stm32cube.ide.mcu.externaltools.gnu-tools-for-stm32.14.3.rel1.win32_1.0.100.202602081740/tools/bin/../lib/gcc/arm-none-eabi/14.3.1/../../../../arm-none-eabi/lib/thumb/v7e-m+fp/hard\libg_nano.a(libc_a-printf.o)
                0x08004288                iprintf
                0x08004288                printf
 .text._puts_r  0x080042ac       0xaa E:/ST/STM32/STM32CubeIDE/plugins/com.st.stm32cube.ide.mcu.externaltools.gnu-tools-for-stm32.14.3.rel1.win32_1.0.100.202602081740/tools/bin/../lib/gcc/arm-none-eabi/14.3.1/../../../../arm-none-eabi/lib/thumb/v7e-m+fp/hard\libg_nano.a(libc_a-puts.o)
                0x080042ac                _puts_r
 *fill*         0x08004356        0x2 
 .text.puts     0x08004358       0x10 E:/ST/STM32/STM32CubeIDE/plugins/com.st.stm32cube.ide.mcu.externaltools.gnu-tools-for-stm32.14.3.rel1.win32_1.0.100.202602081740/tools/bin/../lib/gcc/arm-none-eabi/14.3.1/../../../../arm-none-eabi/lib/thumb/v7e-m+fp/hard\libg_nano.a(libc_a-puts.o)
                0x08004358                puts
 .text.__sread  0x08004368       0x22 E:/ST/STM32/STM32CubeIDE/plugins/com.st.stm32cube.ide.mcu.externaltools.gnu-tools-for-stm32.14.3.rel1.win32_1.0.100.202602081740/tools/bin/../lib/gcc/arm-none-eabi/14.3.1/../../../../arm-none-eabi/lib/thumb/v7e-m+fp/hard\libg_nano.a(libc_a-stdio.o)
                0x08004368                __sread
 .text.__swrite
                0x0800438a       0x38 E:/ST/STM32/STM32CubeIDE/plugins/com.st.stm32cube.ide.mcu.externaltools.gnu-tools-for-stm32.14.3.rel1.win32_1.0.100.202602081740/tools/bin/../lib/gcc/arm-none-eabi/14.3.1/../../../../arm-none-eabi/lib/thumb/v7e-m+fp/hard\libg_nano.a(libc_a-stdio.o)
                0x0800438a                __swrite
 .text.__sseek  0x080043c2       0x26 E:/ST/STM32/STM32CubeIDE/plugins/com.st.stm32cube.ide.mcu.externaltools.gnu-tools-for-stm32.14.3.rel1.win32_1.0.100.202602081740/tools/bin/../lib/gcc/arm-none-eabi/14.3.1/../../../../arm-none-eabi/lib/thumb/v7e-m+fp/hard\libg_nano.a(libc_a-stdio.o)
                0x080043c2                __sseek
 .text.__sclose
                0x080043e8        0x8 E:/ST/STM32/STM32CubeIDE/plugins/com.st.stm32cube.ide.mcu.externaltools.gnu-tools-for-stm32.14.3.rel1.win32_1.0.100.202602081740/tools/bin/../lib/gcc/arm-none-eabi/14.3.1/../../../../arm-none-eabi/lib/thumb/v7e-m+fp/hard\libg_nano.a(libc_a-stdio.o)
                0x080043e8                __sclose
 .text.__swbuf_r
                0x080043f0       0x7c E:/ST/STM32/STM32CubeIDE/plugins/com.st.stm32cube.ide.mcu.externaltools.gnu-tools-for-stm32.14.3.rel1.win32_1.0.100.202602081740/tools/bin/../lib/gcc/arm-none-eabi/14.3.1/../../../../arm-none-eabi/lib/thumb/v7e-m+fp/hard\libg_nano.a(libc_a-wbuf.o)
                0x080043f0                __swbuf_r
 .text.__swsetup_r
                0x0800446c       0xa8 E:/ST/STM32/STM32CubeIDE/plugins/com.st.stm32cube.ide.mcu.externaltools.gnu-tools-for-stm32.14.3.rel1.win32_1.0.100.202602081740/tools/bin/../lib/gcc/arm-none-eabi/14.3.1/../../../../arm-none-eabi/lib/thumb/v7e-m+fp/hard\libg_nano.a(libc_a-wsetup.o)
                0x0800446c                __swsetup_r
 .text.memset   0x08004514       0x10 E:/ST/STM32/STM32CubeIDE/plugins/com.st.stm32cube.ide.mcu.externaltools.gnu-tools-for-stm32.14.3.rel1.win32_1.0.100.202602081740/tools/bin/../lib/gcc/arm-none-eabi/14.3.1/../../../../arm-none-eabi/lib/thumb/v7e-m+fp/hard\libg_nano.a(libc_a-memset.o)
                0x08004514                memset
 .text._localeconv_r
                0x08004524        0x8 E:/ST/STM32/STM32CubeIDE/plugins/com.st.stm32cube.ide.mcu.externaltools.gnu-tools-for-stm32.14.3.rel1.win32_1.0.100.202602081740/tools/bin/../lib/gcc/arm-none-eabi/14.3.1/../../../../arm-none-eabi/lib/thumb/v7e-m+fp/hard\libg_nano.a(libc_a-localeconv.o)
                0x08004524                _localeconv_r
 .text._close_r
                0x0800452c       0x20 E:/ST/STM32/STM32CubeIDE/plugins/com.st.stm32cube.ide.mcu.externaltools.gnu-tools-for-stm32.14.3.rel1.win32_1.0.100.202602081740/tools/bin/../lib/gcc/arm-none-eabi/14.3.1/../../../../arm-none-eabi/lib/thumb/v7e-m+fp/hard\libg_nano.a(libc_a-closer.o)
                0x0800452c                _close_r
 .text._lseek_r
                0x0800454c       0x24 E:/ST/STM32/STM32CubeIDE/plugins/com.st.stm32cube.ide.mcu.externaltools.gnu-tools-for-stm32.14.3.rel1.win32_1.0.100.202602081740/tools/bin/../lib/gcc/arm-none-eabi/14.3.1/../../../../arm-none-eabi/lib/thumb/v7e-m+fp/hard\libg_nano.a(libc_a-lseekr.o)
                0x0800454c                _lseek_r
 .text._read_r  0x08004570       0x24 E:/ST/STM32/STM32CubeIDE/plugins/com.st.stm32cube.ide.mcu.externaltools.gnu-tools-for-stm32.14.3.rel1.win32_1.0.100.202602081740/tools/bin/../lib/gcc/arm-none-eabi/14.3.1/../../../../arm-none-eabi/lib/thumb/v7e-m+fp/hard\libg_nano.a(libc_a-readr.o)
                0x08004570                _read_r
 .text._write_r
                0x08004594       0x24 E:/ST/STM32/STM32CubeIDE/plugins/com.st.stm32cube.ide.mcu.externaltools.gnu-tools-for-stm32.14.3.rel1.win32_1.0.100.202602081740/tools/bin/../lib/gcc/arm-none-eabi/14.3.1/../../../../arm-none-eabi/lib/thumb/v7e-m+fp/hard\libg_nano.a(libc_a-writer.o)
                0x08004594                _write_r
 .text.__errno  0x080045b8        0xc E:/ST/STM32/STM32CubeIDE/plugins/com.st.stm32cube.ide.mcu.externaltools.gnu-tools-for-stm32.14.3.rel1.win32_1.0.100.202602081740/tools/bin/../lib/gcc/arm-none-eabi/14.3.1/../../../../arm-none-eabi/lib/thumb/v7e-m+fp/hard\libg_nano.a(libc_a-errno.o)
                0x080045b8                __errno
 .text.__libc_init_array
                0x080045c4       0x48 E:/ST/STM32/STM32CubeIDE/plugins/com.st.stm32cube.ide.mcu.externaltools.gnu-tools-for-stm32.14.3.rel1.win32_1.0.100.202602081740/tools/bin/../lib/gcc/arm-none-eabi/14.3.1/../../../../arm-none-eabi/lib/thumb/v7e-m+fp/hard\libg_nano.a(libc_a-init.o)
                0x080045c4                __libc_init_array
 .text.__retarget_lock_init_recursive
                0x0800460c        0x2 E:/ST/STM32/STM32CubeIDE/plugins/com.st.stm32cube.ide.mcu.externaltools.gnu-tools-for-stm32.14.3.rel1.win32_1.0.100.202602081740/tools/bin/../lib/gcc/arm-none-eabi/14.3.1/../../../../arm-none-eabi/lib/thumb/v7e-m+fp/hard\libg_nano.a(libc_a-lock.o)
                0x0800460c                __retarget_lock_init_recursive
 .text.__retarget_lock_acquire_recursive
                0x0800460e        0x2 E:/ST/STM32/STM32CubeIDE/plugins/com.st.stm32cube.ide.mcu.externaltools.gnu-tools-for-stm32.14.3.rel1.win32_1.0.100.202602081740/tools/bin/../lib/gcc/arm-none-eabi/14.3.1/../../../../arm-none-eabi/lib/thumb/v7e-m+fp/hard\libg_nano.a(libc_a-lock.o)
                0x0800460e                __retarget_lock_acquire_recursive
 .text.__retarget_lock_release_recursive
                0x08004610        0x2 E:/ST/STM32/STM32CubeIDE/plugins/com.st.stm32cube.ide.mcu.externaltools.gnu-tools-for-stm32.14.3.rel1.win32_1.0.100.202602081740/tools/bin/../lib/gcc/arm-none-eabi/14.3.1/../../../../arm-none-eabi/lib/thumb/v7e-m+fp/hard\libg_nano.a(libc_a-lock.o)
                0x08004610                __retarget_lock_release_recursive
 .text.memcpy   0x08004612       0x1c E:/ST/STM32/STM32CubeIDE/plugins/com.st.stm32cube.ide.mcu.externaltools.gnu-tools-for-stm32.14.3.rel1.win32_1.0.100.202602081740/tools/bin/../lib/gcc/arm-none-eabi/14.3.1/../../../../arm-none-eabi/lib/thumb/v7e-m+fp/hard\libg_nano.a(libc_a-memcpy-stub.o)
                0x08004612                memcpy
 .text.quorem   0x0800462e      0x110 E:/ST/STM32/STM32CubeIDE/plugins/com.st.stm32cube.ide.mcu.externaltools.gnu-tools-for-stm32.14.3.rel1.win32_1.0.100.202602081740/tools/bin/../lib/gcc/arm-none-eabi/14.3.1/../../../../arm-none-eabi/lib/thumb/v7e-m+fp/hard\libg_nano.a(libc_a-dtoa.o)
 *fill*         0x0800473e        0x2 
 .text._dtoa_r  0x08004740      0xbb8 E:/ST/STM32/STM32CubeIDE/plugins/com.st.stm32cube.ide.mcu.externaltools.gnu-tools-for-stm32.14.3.rel1.win32_1.0.100.202602081740/tools/bin/../lib/gcc/arm-none-eabi/14.3.1/../../../../arm-none-eabi/lib/thumb/v7e-m+fp/hard\libg_nano.a(libc_a-dtoa.o)
                0x08004740                _dtoa_r
 .text._free_r  0x080052f8       0x94 E:/ST/STM32/STM32CubeIDE/plugins/com.st.stm32cube.ide.mcu.externaltools.gnu-tools-for-stm32.14.3.rel1.win32_1.0.100.202602081740/tools/bin/../lib/gcc/arm-none-eabi/14.3.1/../../../../arm-none-eabi/lib/thumb/v7e-m+fp/hard\libg_nano.a(libc_a-freer.o)
                0x080052f8                _free_r
 .text.malloc   0x0800538c       0x10 E:/ST/STM32/STM32CubeIDE/plugins/com.st.stm32cube.ide.mcu.externaltools.gnu-tools-for-stm32.14.3.rel1.win32_1.0.100.202602081740/tools/bin/../lib/gcc/arm-none-eabi/14.3.1/../../../../arm-none-eabi/lib/thumb/v7e-m+fp/hard\libg_nano.a(libc_a-malloc.o)
                0x0800538c                malloc
 .text.sbrk_aligned
                0x0800539c       0x44 E:/ST/STM32/STM32CubeIDE/plugins/com.st.stm32cube.ide.mcu.externaltools.gnu-tools-for-stm32.14.3.rel1.win32_1.0.100.202602081740/tools/bin/../lib/gcc/arm-none-eabi/14.3.1/../../../../arm-none-eabi/lib/thumb/v7e-m+fp/hard\libg_nano.a(libc_a-mallocr.o)
 .text._malloc_r
                0x080053e0      0x100 E:/ST/STM32/STM32CubeIDE/plugins/com.st.stm32cube.ide.mcu.externaltools.gnu-tools-for-stm32.14.3.rel1.win32_1.0.100.202602081740/tools/bin/../lib/gcc/arm-none-eabi/14.3.1/../../../../arm-none-eabi/lib/thumb/v7e-m+fp/hard\libg_nano.a(libc_a-mallocr.o)
                0x080053e0                _malloc_r
 .text.__malloc_lock
                0x080054e0        0xc E:/ST/STM32/STM32CubeIDE/plugins/com.st.stm32cube.ide.mcu.externaltools.gnu-tools-for-stm32.14.3.rel1.win32_1.0.100.202602081740/tools/bin/../lib/gcc/arm-none-eabi/14.3.1/../../../../arm-none-eabi/lib/thumb/v7e-m+fp/hard\libg_nano.a(libc_a-mlock.o)
                0x080054e0                __malloc_lock
 .text.__malloc_unlock
                0x080054ec        0xc E:/ST/STM32/STM32CubeIDE/plugins/com.st.stm32cube.ide.mcu.externaltools.gnu-tools-for-stm32.14.3.rel1.win32_1.0.100.202602081740/tools/bin/../lib/gcc/arm-none-eabi/14.3.1/../../../../arm-none-eabi/lib/thumb/v7e-m+fp/hard\libg_nano.a(libc_a-mlock.o)
                0x080054ec                __malloc_unlock
 .text._Balloc  0x080054f8       0x7c E:/ST/STM32/STM32CubeIDE/plugins/com.st.stm32cube.ide.mcu.externaltools.gnu-tools-for-stm32.14.3.rel1.win32_1.0.100.202602081740/tools/bin/../lib/gcc/arm-none-eabi/14.3.1/../../../../arm-none-eabi/lib/thumb/v7e-m+fp/hard\libg_nano.a(libc_a-mprec.o)
                0x080054f8                _Balloc
 .text._Bfree   0x08005574       0x44 E:/ST/STM32/STM32CubeIDE/plugins/com.st.stm32cube.ide.mcu.externaltools.gnu-tools-for-stm32.14.3.rel1.win32_1.0.100.202602081740/tools/bin/../lib/gcc/arm-none-eabi/14.3.1/../../../../arm-none-eabi/lib/thumb/v7e-m+fp/hard\libg_nano.a(libc_a-mprec.o)
                0x08005574                _Bfree
 .text.__multadd
                0x080055b8       0x8c E:/ST/STM32/STM32CubeIDE/plugins/com.st.stm32cube.ide.mcu.externaltools.gnu-tools-for-stm32.14.3.rel1.win32_1.0.100.202602081740/tools/bin/../lib/gcc/arm-none-eabi/14.3.1/../../../../arm-none-eabi/lib/thumb/v7e-m+fp/hard\libg_nano.a(libc_a-mprec.o)
                0x080055b8                __multadd
 .text.__hi0bits
                0x08005644       0x3e E:/ST/STM32/STM32CubeIDE/plugins/com.st.stm32cube.ide.mcu.externaltools.gnu-tools-for-stm32.14.3.rel1.win32_1.0.100.202602081740/tools/bin/../lib/gcc/arm-none-eabi/14.3.1/../../../../arm-none-eabi/lib/thumb/v7e-m+fp/hard\libg_nano.a(libc_a-mprec.o)
                0x08005644                __hi0bits
 .text.__lo0bits
                0x08005682       0x5a E:/ST/STM32/STM32CubeIDE/plugins/com.st.stm32cube.ide.mcu.externaltools.gnu-tools-for-stm32.14.3.rel1.win32_1.0.100.202602081740/tools/bin/../lib/gcc/arm-none-eabi/14.3.1/../../../../arm-none-eabi/lib/thumb/v7e-m+fp/hard\libg_nano.a(libc_a-mprec.o)
                0x08005682                __lo0bits
 .text.__i2b    0x080056dc       0x2c E:/ST/STM32/STM32CubeIDE/plugins/com.st.stm32cube.ide.mcu.externaltools.gnu-tools-for-stm32.14.3.rel1.win32_1.0.100.202602081740/tools/bin/../lib/gcc/arm-none-eabi/14.3.1/../../../../arm-none-eabi/lib/thumb/v7e-m+fp/hard\libg_nano.a(libc_a-mprec.o)
                0x080056dc                __i2b
 .text.__multiply
                0x08005708      0x154 E:/ST/STM32/STM32CubeIDE/plugins/com.st.stm32cube.ide.mcu.externaltools.gnu-tools-for-stm32.14.3.rel1.win32_1.0.100.202602081740/tools/bin/../lib/gcc/arm-none-eabi/14.3.1/../../../../arm-none-eabi/lib/thumb/v7e-m+fp/hard\libg_nano.a(libc_a-mprec.o)
                0x08005708                __multiply
 .text.__pow5mult
                0x0800585c       0xb8 E:/ST/STM32/STM32CubeIDE/plugins/com.st.stm32cube.ide.mcu.externaltools.gnu-tools-for-stm32.14.3.rel1.win32_1.0.100.202602081740/tools/bin/../lib/gcc/arm-none-eabi/14.3.1/../../../../arm-none-eabi/lib/thumb/v7e-m+fp/hard\libg_nano.a(libc_a-mprec.o)
                0x0800585c                __pow5mult
 .text.__lshift
                0x08005914       0xdc E:/ST/STM32/STM32CubeIDE/plugins/com.st.stm32cube.ide.mcu.externaltools.gnu-tools-for-stm32.14.3.rel1.win32_1.0.100.202602081740/tools/bin/../lib/gcc/arm-none-eabi/14.3.1/../../../../arm-none-eabi/lib/thumb/v7e-m+fp/hard\libg_nano.a(libc_a-mprec.o)
                0x08005914                __lshift
 .text.__mcmp   0x080059f0       0x36 E:/ST/STM32/STM32CubeIDE/plugins/com.st.stm32cube.ide.mcu.externaltools.gnu-tools-for-stm32.14.3.rel1.win32_1.0.100.202602081740/tools/bin/../lib/gcc/arm-none-eabi/14.3.1/../../../../arm-none-eabi/lib/thumb/v7e-m+fp/hard\libg_nano.a(libc_a-mprec.o)
                0x080059f0                __mcmp
 *fill*         0x08005a26        0x2 
 .text.__mdiff  0x08005a28      0x130 E:/ST/STM32/STM32CubeIDE/plugins/com.st.stm32cube.ide.mcu.externaltools.gnu-tools-for-stm32.14.3.rel1.win32_1.0.100.202602081740/tools/bin/../lib/gcc/arm-none-eabi/14.3.1/../../../../arm-none-eabi/lib/thumb/v7e-m+fp/hard\libg_nano.a(libc_a-mprec.o)
                0x08005a28                __mdiff
 .text.__d2b    0x08005b58       0xb0 E:/ST/STM32/STM32CubeIDE/plugins/com.st.stm32cube.ide.mcu.externaltools.gnu-tools-for-stm32.14.3.rel1.win32_1.0.100.202602081740/tools/bin/../lib/gcc/arm-none-eabi/14.3.1/../../../../arm-none-eabi/lib/thumb/v7e-m+fp/hard\libg_nano.a(libc_a-mprec.o)
                0x08005b58                __d2b
 .text.__sfputc_r
                0x08005c08       0x2e E:/ST/STM32/STM32CubeIDE/plugins/com.st.stm32cube.ide.mcu.externaltools.gnu-tools-for-stm32.14.3.rel1.win32_1.0.100.202602081740/tools/bin/../lib/gcc/arm-none-eabi/14.3.1/../../../../arm-none-eabi/lib/thumb/v7e-m+fp/hard\libg_nano.a(libc_a-nano-vfprintf.o)
 .text.__sfputs_r
                0x08005c36       0x24 E:/ST/STM32/STM32CubeIDE/plugins/com.st.stm32cube.ide.mcu.externaltools.gnu-tools-for-stm32.14.3.rel1.win32_1.0.100.202602081740/tools/bin/../lib/gcc/arm-none-eabi/14.3.1/../../../../arm-none-eabi/lib/thumb/v7e-m+fp/hard\libg_nano.a(libc_a-nano-vfprintf.o)
                0x08005c36                __sfputs_r
 *fill*         0x08005c5a        0x2 
 .text._vfprintf_r
                0x08005c5c      0x228 E:/ST/STM32/STM32CubeIDE/plugins/com.st.stm32cube.ide.mcu.externaltools.gnu-tools-for-stm32.14.3.rel1.win32_1.0.100.202602081740/tools/bin/../lib/gcc/arm-none-eabi/14.3.1/../../../../arm-none-eabi/lib/thumb/v7e-m+fp/hard\libg_nano.a(libc_a-nano-vfprintf.o)
                0x08005c5c                _vfprintf_r
                0x08005c5c                _vfiprintf_r
 .text.__sflush_r
                0x08005e84      0x104 E:/ST/STM32/STM32CubeIDE/plugins/com.st.stm32cube.ide.mcu.externaltools.gnu-tools-for-stm32.14.3.rel1.win32_1.0.100.202602081740/tools/bin/../lib/gcc/arm-none-eabi/14.3.1/../../../../arm-none-eabi/lib/thumb/v7e-m+fp/hard\libg_nano.a(libc_a-fflush.o)
                0x08005e84                __sflush_r
 .text._fflush_r
                0x08005f88       0x50 E:/ST/STM32/STM32CubeIDE/plugins/com.st.stm32cube.ide.mcu.externaltools.gnu-tools-for-stm32.14.3.rel1.win32_1.0.100.202602081740/tools/bin/../lib/gcc/arm-none-eabi/14.3.1/../../../../arm-none-eabi/lib/thumb/v7e-m+fp/hard\libg_nano.a(libc_a-fflush.o)
                0x08005f88                _fflush_r
 .text.__swhatbuf_r
                0x08005fd8       0x48 E:/ST/STM32/STM32CubeIDE/plugins/com.st.stm32cube.ide.mcu.externaltools.gnu-tools-for-stm32.14.3.rel1.win32_1.0.100.202602081740/tools/bin/../lib/gcc/arm-none-eabi/14.3.1/../../../../arm-none-eabi/lib/thumb/v7e-m+fp/hard\libg_nano.a(libc_a-makebuf.o)
                0x08005fd8                __swhatbuf_r
 .text.__smakebuf_r
                0x08006020       0x72 E:/ST/STM32/STM32CubeIDE/plugins/com.st.stm32cube.ide.mcu.externaltools.gnu-tools-for-stm32.14.3.rel1.win32_1.0.100.202602081740/tools/bin/../lib/gcc/arm-none-eabi/14.3.1/../../../../arm-none-eabi/lib/thumb/v7e-m+fp/hard\libg_nano.a(libc_a-makebuf.o)
                0x08006020                __smakebuf_r
 *fill*         0x08006092        0x2 
 .text._fstat_r
                0x08006094       0x24 E:/ST/STM32/STM32CubeIDE/plugins/com.st.stm32cube.ide.mcu.externaltools.gnu-tools-for-stm32.14.3.rel1.win32_1.0.100.202602081740/tools/bin/../lib/gcc/arm-none-eabi/14.3.1/../../../../arm-none-eabi/lib/thumb/v7e-m+fp/hard\libg_nano.a(libc_a-fstatr.o)
                0x08006094                _fstat_r
 .text._isatty_r
                0x080060b8       0x20 E:/ST/STM32/STM32CubeIDE/plugins/com.st.stm32cube.ide.mcu.externaltools.gnu-tools-for-stm32.14.3.rel1.win32_1.0.100.202602081740/tools/bin/../lib/gcc/arm-none-eabi/14.3.1/../../../../arm-none-eabi/lib/thumb/v7e-m+fp/hard\libg_nano.a(libc_a-isattyr.o)
                0x080060b8                _isatty_r
 .text._sbrk_r  0x080060d8       0x20 E:/ST/STM32/STM32CubeIDE/plugins/com.st.stm32cube.ide.mcu.externaltools.gnu-tools-for-stm32.14.3.rel1.win32_1.0.100.202602081740/tools/bin/../lib/gcc/arm-none-eabi/14.3.1/../../../../arm-none-eabi/lib/thumb/v7e-m+fp/hard\libg_nano.a(libc_a-sbrkr.o)
                0x080060d8                _sbrk_r
 .text.__assert_func
                0x080060f8       0x3c E:/ST/STM32/STM32CubeIDE/plugins/com.st.stm32cube.ide.mcu.externaltools.gnu-tools-for-stm32.14.3.rel1.win32_1.0.100.202602081740/tools/bin/../lib/gcc/arm-none-eabi/14.3.1/../../../../arm-none-eabi/lib/thumb/v7e-m+fp/hard\libg_nano.a(libc_a-assert.o)
                0x080060f8                __assert_func
 .text._calloc_r
                0x08006134       0x28 E:/ST/STM32/STM32CubeIDE/plugins/com.st.stm32cube.ide.mcu.externaltools.gnu-tools-for-stm32.14.3.rel1.win32_1.0.100.202602081740/tools/bin/../lib/gcc/arm-none-eabi/14.3.1/../../../../arm-none-eabi/lib/thumb/v7e-m+fp/hard\libg_nano.a(libc_a-callocr.o)
                0x08006134                _calloc_r
 .text.__ascii_mbtowc
                0x0800615c       0x24 E:/ST/STM32/STM32CubeIDE/plugins/com.st.stm32cube.ide.mcu.externaltools.gnu-tools-for-stm32.14.3.rel1.win32_1.0.100.202602081740/tools/bin/../lib/gcc/arm-none-eabi/14.3.1/../../../../arm-none-eabi/lib/thumb/v7e-m+fp/hard\libg_nano.a(libc_a-mbtowc_r.o)
                0x0800615c                __ascii_mbtowc
 .text.__ascii_wctomb
                0x08006180       0x1a E:/ST/STM32/STM32CubeIDE/plugins/com.st.stm32cube.ide.mcu.externaltools.gnu-tools-for-stm32.14.3.rel1.win32_1.0.100.202602081740/tools/bin/../lib/gcc/arm-none-eabi/14.3.1/../../../../arm-none-eabi/lib/thumb/v7e-m+fp/hard\libg_nano.a(libc_a-wctomb_r.o)
                0x08006180                __ascii_wctomb
 *fill*         0x0800619a        0x2 
 .text.fprintf  0x0800619c       0x24 E:/ST/STM32/STM32CubeIDE/plugins/com.st.stm32cube.ide.mcu.externaltools.gnu-tools-for-stm32.14.3.rel1.win32_1.0.100.202602081740/tools/bin/../lib/gcc/arm-none-eabi/14.3.1/../../../../arm-none-eabi/lib/thumb/v7e-m+fp/hard\libg_nano.a(libc_a-fprintf.o)
                0x0800619c                fiprintf
                0x0800619c                fprintf
 .text.abort    0x080061c0        0xe E:/ST/STM32/STM32CubeIDE/plugins/com.st.stm32cube.ide.mcu.externaltools.gnu-tools-for-stm32.14.3.rel1.win32_1.0.100.202602081740/tools/bin/../lib/gcc/arm-none-eabi/14.3.1/../../../../arm-none-eabi/lib/thumb/v7e-m+fp/hard\libg_nano.a(libc_a-abort.o)
                0x080061c0                abort
 .text._raise_r
                0x080061ce       0x50 E:/ST/STM32/STM32CubeIDE/plugins/com.st.stm32cube.ide.mcu.externaltools.gnu-tools-for-stm32.14.3.rel1.win32_1.0.100.202602081740/tools/bin/../lib/gcc/arm-none-eabi/14.3.1/../../../../arm-none-eabi/lib/thumb/v7e-m+fp/hard\libg_nano.a(libc_a-signal.o)
                0x080061ce                _raise_r
 *fill*         0x0800621e        0x2 
 .text.raise    0x08006220       0x10 E:/ST/STM32/STM32CubeIDE/plugins/com.st.stm32cube.ide.mcu.externaltools.gnu-tools-for-stm32.14.3.rel1.win32_1.0.100.202602081740/tools/bin/../lib/gcc/arm-none-eabi/14.3.1/../../../../arm-none-eabi/lib/thumb/v7e-m+fp/hard\libg_nano.a(libc_a-signal.o)
                0x08006220                raise
 .text._kill_r  0x08006230       0x24 E:/ST/STM32/STM32CubeIDE/plugins/com.st.stm32cube.ide.mcu.externaltools.gnu-tools-for-stm32.14.3.rel1.win32_1.0.100.202602081740/tools/bin/../lib/gcc/arm-none-eabi/14.3.1/../../../../arm-none-eabi/lib/thumb/v7e-m+fp/hard\libg_nano.a(libc_a-signalr.o)
                0x08006230                _kill_r
 .text._getpid_r
                0x08006254        0x4 E:/ST/STM32/STM32CubeIDE/plugins/com.st.stm32cube.ide.mcu.externaltools.gnu-tools-for-stm32.14.3.rel1.win32_1.0.100.202602081740/tools/bin/../lib/gcc/arm-none-eabi/14.3.1/../../../../arm-none-eabi/lib/thumb/v7e-m+fp/hard\libg_nano.a(libc_a-signalr.o)
                0x08006254                _getpid_r
 *(.glue_7)
 .glue_7        0x08006258        0x0 linker stubs
 *(.glue_7t)
 .glue_7t       0x08006258        0x0 linker stubs
 *(.eh_frame)
 .eh_frame      0x08006258        0x0 E:/ST/STM32/STM32CubeIDE/plugins/com.st.stm32cube.ide.mcu.externaltools.gnu-tools-for-stm32.14.3.rel1.win32_1.0.100.202602081740/tools/bin/../lib/gcc/arm-none-eabi/14.3.1/thumb/v7e-m+fp/hard/crtbegin.o
 *(.init)
 .init          0x08006258        0x4 E:/ST/STM32/STM32CubeIDE/plugins/com.st.stm32cube.ide.mcu.externaltools.gnu-tools-for-stm32.14.3.rel1.win32_1.0.100.202602081740/tools/bin/../lib/gcc/arm-none-eabi/14.3.1/thumb/v7e-m+fp/hard/crti.o
                0x08006258                _init
 .init          0x0800625c        0x8 E:/ST/STM32/STM32CubeIDE/plugins/com.st.stm32cube.ide.mcu.externaltools.gnu-tools-for-stm32.14.3.rel1.win32_1.0.100.202602081740/tools/bin/../lib/gcc/arm-none-eabi/14.3.1/thumb/v7e-m+fp/hard/crtn.o
 *(.fini)
 .fini          0x08006264        0x4 E:/ST/STM32/STM32CubeIDE/plugins/com.st.stm32cube.ide.mcu.externaltools.gnu-tools-for-stm32.14.3.rel1.win32_1.0.100.202602081740/tools/bin/../lib/gcc/arm-none-eabi/14.3.1/thumb/v7e-m+fp/hard/crti.o
                0x08006264                _fini
 .fini          0x08006268        0x8 E:/ST/STM32/STM32CubeIDE/plugins/com.st.stm32cube.ide.mcu.externaltools.gnu-tools-for-stm32.14.3.rel1.win32_1.0.100.202602081740/tools/bin/../lib/gcc/arm-none-eabi/14.3.1/thumb/v7e-m+fp/hard/crtn.o
                0x08006270                        . = ALIGN (0x4)
                0x08006270                        _etext = .

.vfp11_veneer   0x08006270        0x0
 .vfp11_veneer  0x08006270        0x0 linker stubs

.v4_bx          0x08006270        0x0
 .v4_bx         0x08006270        0x0 linker stubs

.iplt           0x08006270        0x0
 .iplt          0x08006270        0x0 E:/ST/STM32/STM32CubeIDE/plugins/com.st.stm32cube.ide.mcu.externaltools.gnu-tools-for-stm32.14.3.rel1.win32_1.0.100.202602081740/tools/bin/../lib/gcc/arm-none-eabi/14.3.1/thumb/v7e-m+fp/hard/crtbegin.o

.rodata         0x08006270      0x914
                0x08006270                        . = ALIGN (0x4)
 *(.rodata)
 *(.rodata*)
 .rodata.APBPrescTable
                0x08006270        0x8 cmake/stm32cubemx/CMakeFiles/STM32_Drivers.dir/__/__/Core/Src/system_stm32f4xx.c.obj
                0x08006270                APBPrescTable
 .rodata.AHBPrescTable
                0x08006278       0x10 cmake/stm32cubemx/CMakeFiles/STM32_Drivers.dir/__/__/Core/Src/system_stm32f4xx.c.obj
                0x08006278                AHBPrescTable
 .rodata.PrintBootInfo.str1.4
                0x08006288      0x586 CMakeFiles/bootloader.dir/Bootloader/Src/main.c.obj
                                 0xfa (size before relaxing)
 .rodata.main.str1.4
                0x0800680e      0x196 CMakeFiles/bootloader.dir/Bootloader/Src/main.c.obj
 .rodata.boot_check_stack2jump_app.str1.4
                0x0800680e       0x53 CMakeFiles/bootloader.dir/Core/Src/boot_manager.c.obj
 .rodata.inter_flash_cfg_load.str1.4
                0x0800680e       0x60 CMakeFiles/bootloader.dir/Core/Src/inter_flash_cfg.c.obj
 .rodata.inter_flash_cfg_set_app_update_flag.str1.4
                0x0800680e       0x55 CMakeFiles/bootloader.dir/Core/Src/inter_flash_cfg.c.obj
 .rodata.inter_flash_cfg_init.str1.4
                0x0800680e       0x76 CMakeFiles/bootloader.dir/Core/Src/inter_flash_cfg.c.obj
 .rodata.erase_app_area.str1.4
                0x0800680e       0x6a CMakeFiles/bootloader.dir/Bootloader/Src/ymodem.c.obj
 .rodata.write_flush.str1.4
                0x0800680e       0x71 CMakeFiles/bootloader.dir/Bootloader/Src/ymodem.c.obj
 .rodata.Ymodem_Receive.str1.4
                0x0800680e       0x8e CMakeFiles/bootloader.dir/Bootloader/Src/ymodem.c.obj
 .rodata._printf_float.str1.1
                0x0800680e      0x171 E:/ST/STM32/STM32CubeIDE/plugins/com.st.stm32cube.ide.mcu.externaltools.gnu-tools-for-stm32.14.3.rel1.win32_1.0.100.202602081740/tools/bin/../lib/gcc/arm-none-eabi/14.3.1/../../../../arm-none-eabi/lib/thumb/v7e-m+fp/hard\libg_nano.a(libc_a-nano-vfprintf_float.o)
                                 0x12 (size before relaxing)
 .rodata._printf_i.str1.1
                0x0800697f       0x22 E:/ST/STM32/STM32CubeIDE/plugins/com.st.stm32cube.ide.mcu.externaltools.gnu-tools-for-stm32.14.3.rel1.win32_1.0.100.202602081740/tools/bin/../lib/gcc/arm-none-eabi/14.3.1/../../../../arm-none-eabi/lib/thumb/v7e-m+fp/hard\libg_nano.a(libc_a-nano-vfprintf_i.o)
 .rodata._dtoa_r.str1.1
                0x0800697f       0x8f E:/ST/STM32/STM32CubeIDE/plugins/com.st.stm32cube.ide.mcu.externaltools.gnu-tools-for-stm32.14.3.rel1.win32_1.0.100.202602081740/tools/bin/../lib/gcc/arm-none-eabi/14.3.1/../../../../arm-none-eabi/lib/thumb/v7e-m+fp/hard\libg_nano.a(libc_a-dtoa.o)
 .rodata._Balloc.str1.1
                0x0800697f       0x70 E:/ST/STM32/STM32CubeIDE/plugins/com.st.stm32cube.ide.mcu.externaltools.gnu-tools-for-stm32.14.3.rel1.win32_1.0.100.202602081740/tools/bin/../lib/gcc/arm-none-eabi/14.3.1/../../../../arm-none-eabi/lib/thumb/v7e-m+fp/hard\libg_nano.a(libc_a-mprec.o)
 .rodata.__multadd.str1.1
                0x0800697f       0x11 E:/ST/STM32/STM32CubeIDE/plugins/com.st.stm32cube.ide.mcu.externaltools.gnu-tools-for-stm32.14.3.rel1.win32_1.0.100.202602081740/tools/bin/../lib/gcc/arm-none-eabi/14.3.1/../../../../arm-none-eabi/lib/thumb/v7e-m+fp/hard\libg_nano.a(libc_a-mprec.o)
 *fill*         0x0800697f        0x1 
 .rodata.p05.0  0x08006980        0xc E:/ST/STM32/STM32CubeIDE/plugins/com.st.stm32cube.ide.mcu.externaltools.gnu-tools-for-stm32.14.3.rel1.win32_1.0.100.202602081740/tools/bin/../lib/gcc/arm-none-eabi/14.3.1/../../../../arm-none-eabi/lib/thumb/v7e-m+fp/hard\libg_nano.a(libc_a-mprec.o)
 *fill*         0x0800698c        0x4 
 .rodata.__mprec_bigtens
                0x08006990       0x28 E:/ST/STM32/STM32CubeIDE/plugins/com.st.stm32cube.ide.mcu.externaltools.gnu-tools-for-stm32.14.3.rel1.win32_1.0.100.202602081740/tools/bin/../lib/gcc/arm-none-eabi/14.3.1/../../../../arm-none-eabi/lib/thumb/v7e-m+fp/hard\libg_nano.a(libc_a-mprec.o)
                0x08006990                __mprec_bigtens
 .rodata.__mprec_tens
                0x080069b8       0xc8 E:/ST/STM32/STM32CubeIDE/plugins/com.st.stm32cube.ide.mcu.externaltools.gnu-tools-for-stm32.14.3.rel1.win32_1.0.100.202602081740/tools/bin/../lib/gcc/arm-none-eabi/14.3.1/../../../../arm-none-eabi/lib/thumb/v7e-m+fp/hard\libg_nano.a(libc_a-mprec.o)
                0x080069b8                __mprec_tens
 .rodata._vfprintf_r.str1.1
                0x08006a80       0x11 E:/ST/STM32/STM32CubeIDE/plugins/com.st.stm32cube.ide.mcu.externaltools.gnu-tools-for-stm32.14.3.rel1.win32_1.0.100.202602081740/tools/bin/../lib/gcc/arm-none-eabi/14.3.1/../../../../arm-none-eabi/lib/thumb/v7e-m+fp/hard\libg_nano.a(libc_a-nano-vfprintf.o)
 .rodata._setlocale_r.str1.1
                0x08006a80        0x9 E:/ST/STM32/STM32CubeIDE/plugins/com.st.stm32cube.ide.mcu.externaltools.gnu-tools-for-stm32.14.3.rel1.win32_1.0.100.202602081740/tools/bin/../lib/gcc/arm-none-eabi/14.3.1/../../../../arm-none-eabi/lib/thumb/v7e-m+fp/hard\libg_nano.a(libc_a-locale.o)
 .rodata.str1.1
                0x08006a80        0x2 E:/ST/STM32/STM32CubeIDE/plugins/com.st.stm32cube.ide.mcu.externaltools.gnu-tools-for-stm32.14.3.rel1.win32_1.0.100.202602081740/tools/bin/../lib/gcc/arm-none-eabi/14.3.1/../../../../arm-none-eabi/lib/thumb/v7e-m+fp/hard\libg_nano.a(libc_a-locale.o)
 .rodata.__assert_func.str1.1
                0x08006a80       0x3d E:/ST/STM32/STM32CubeIDE/plugins/com.st.stm32cube.ide.mcu.externaltools.gnu-tools-for-stm32.14.3.rel1.win32_1.0.100.202602081740/tools/bin/../lib/gcc/arm-none-eabi/14.3.1/../../../../arm-none-eabi/lib/thumb/v7e-m+fp/hard\libg_nano.a(libc_a-assert.o)
 .rodata._ctype_
                0x08006a80      0x101 E:/ST/STM32/STM32CubeIDE/plugins/com.st.stm32cube.ide.mcu.externaltools.gnu-tools-for-stm32.14.3.rel1.win32_1.0.100.202602081740/tools/bin/../lib/gcc/arm-none-eabi/14.3.1/../../../../arm-none-eabi/lib/thumb/v7e-m+fp/hard\libg_nano.a(libc_a-ctype_.o)
                0x08006a80                _ctype_
                0x08006b84                        . = ALIGN (0x4)
 *fill*         0x08006b81        0x3 

.ARM.extab      0x08006b84        0x0
                0x08006b84                        . = ALIGN (0x4)
 *(.ARM.extab* .gnu.linkonce.armextab.*)
                0x08006b84                        . = ALIGN (0x4)

.ARM            0x08006b84        0x8
                0x08006b84                        . = ALIGN (0x4)
                0x08006b84                        __exidx_start = .
 *(.ARM.exidx*)
 .ARM.exidx     0x08006b84        0x8 E:/ST/STM32/STM32CubeIDE/plugins/com.st.stm32cube.ide.mcu.externaltools.gnu-tools-for-stm32.14.3.rel1.win32_1.0.100.202602081740/tools/bin/../lib/gcc/arm-none-eabi/14.3.1/thumb/v7e-m+fp/hard\libgcc.a(_udivmoddi4.o)
 .ARM.exidx     0x08006b8c        0x0 E:/ST/STM32/STM32CubeIDE/plugins/com.st.stm32cube.ide.mcu.externaltools.gnu-tools-for-stm32.14.3.rel1.win32_1.0.100.202602081740/tools/bin/../lib/gcc/arm-none-eabi/14.3.1/../../../../arm-none-eabi/lib/thumb/v7e-m+fp/hard\libg_nano.a(libc_a-memchr.o)
                                  0x8 (size before relaxing)
 .ARM.exidx     0x08006b8c        0x0 E:/ST/STM32/STM32CubeIDE/plugins/com.st.stm32cube.ide.mcu.externaltools.gnu-tools-for-stm32.14.3.rel1.win32_1.0.100.202602081740/tools/bin/../lib/gcc/arm-none-eabi/14.3.1/../../../../arm-none-eabi/lib/thumb/v7e-m+fp/hard\libg_nano.a(libc_a-strlen.o)
                                  0x8 (size before relaxing)
                0x08006b8c                        __exidx_end = .
                0x08006b8c                        . = ALIGN (0x4)

.preinit_array  0x08006b8c        0x0
                0x08006b8c                        . = ALIGN (0x4)
                0x08006b8c                        PROVIDE (__preinit_array_start = .)
 *(.preinit_array*)
                0x08006b8c                        PROVIDE (__preinit_array_end = .)
                0x08006b8c                        . = ALIGN (0x4)

.init_array     0x08006b8c        0x4
                0x08006b8c                        . = ALIGN (0x4)
                0x08006b8c                        PROVIDE (__init_array_start = .)
 *(SORT_BY_NAME(.init_array.*))
 *(.init_array*)
 .init_array    0x08006b8c        0x4 E:/ST/STM32/STM32CubeIDE/plugins/com.st.stm32cube.ide.mcu.externaltools.gnu-tools-for-stm32.14.3.rel1.win32_1.0.100.202602081740/tools/bin/../lib/gcc/arm-none-eabi/14.3.1/thumb/v7e-m+fp/hard/crtbegin.o
                0x08006b90                        PROVIDE (__init_array_end = .)
                0x08006b90                        . = ALIGN (0x4)

.fini_array     0x08006b90        0x4
                0x08006b90                        . = ALIGN (0x4)
                [!provide]                        PROVIDE (__fini_array_start = .)
 *(SORT_BY_NAME(.fini_array.*))
 *(.fini_array*)
 .fini_array    0x08006b90        0x4 E:/ST/STM32/STM32CubeIDE/plugins/com.st.stm32cube.ide.mcu.externaltools.gnu-tools-for-stm32.14.3.rel1.win32_1.0.100.202602081740/tools/bin/../lib/gcc/arm-none-eabi/14.3.1/thumb/v7e-m+fp/hard/crtbegin.o
                [!provide]                        PROVIDE (__fini_array_end = .)
                0x08006b94                        . = ALIGN (0x4)
                0x08006b94                        _siccmram = LOADADDR (.ccmram)

.rel.dyn        0x08006b94        0x0
 .rel.iplt      0x08006b94        0x0 E:/ST/STM32/STM32CubeIDE/plugins/com.st.stm32cube.ide.mcu.externaltools.gnu-tools-for-stm32.14.3.rel1.win32_1.0.100.202602081740/tools/bin/../lib/gcc/arm-none-eabi/14.3.1/thumb/v7e-m+fp/hard/crtbegin.o

.ccmram         0x10000000        0x0 load address 0x08006b94
                0x10000000                        . = ALIGN (0x4)
                0x10000000                        _sccmram = .
 *(.ccmram)
 *(.ccmram*)
                0x10000000                        . = ALIGN (0x4)
                0x10000000                        _eccmram = .
                0x08006b94                        _sidata = LOADADDR (.data)

.data           0x20000000      0x1f0 load address 0x08006b94
                0x20000000                        . = ALIGN (0x4)
                0x20000000                        _sdata = .
 *(.data)
 *(.data*)
 .data.SystemCoreClock
                0x20000000        0x4 cmake/stm32cubemx/CMakeFiles/STM32_Drivers.dir/__/__/Core/Src/system_stm32f4xx.c.obj
                0x20000000                SystemCoreClock
 .data.pFlash   0x20000004       0x20 cmake/stm32cubemx/CMakeFiles/STM32_Drivers.dir/__/__/Drivers/STM32F4xx_HAL_Driver/Src/stm32f4xx_hal_flash.c.obj
                0x20000004                pFlash
 .data.uwTickPrio
                0x20000024        0x4 cmake/stm32cubemx/CMakeFiles/STM32_Drivers.dir/__/__/Drivers/STM32F4xx_HAL_Driver/Src/stm32f4xx_hal.c.obj
                0x20000024                uwTickPrio
 .data.__sglue  0x20000028        0xc E:/ST/STM32/STM32CubeIDE/plugins/com.st.stm32cube.ide.mcu.externaltools.gnu-tools-for-stm32.14.3.rel1.win32_1.0.100.202602081740/tools/bin/../lib/gcc/arm-none-eabi/14.3.1/../../../../arm-none-eabi/lib/thumb/v7e-m+fp/hard\libg_nano.a(libc_a-findfp.o)
                0x20000028                __sglue
 .data._impure_ptr
                0x20000034        0x4 E:/ST/STM32/STM32CubeIDE/plugins/com.st.stm32cube.ide.mcu.externaltools.gnu-tools-for-stm32.14.3.rel1.win32_1.0.100.202602081740/tools/bin/../lib/gcc/arm-none-eabi/14.3.1/../../../../arm-none-eabi/lib/thumb/v7e-m+fp/hard\libg_nano.a(libc_a-impure.o)
                0x20000034                _impure_ptr
 .data._impure_data
                0x20000038       0x4c E:/ST/STM32/STM32CubeIDE/plugins/com.st.stm32cube.ide.mcu.externaltools.gnu-tools-for-stm32.14.3.rel1.win32_1.0.100.202602081740/tools/bin/../lib/gcc/arm-none-eabi/14.3.1/../../../../arm-none-eabi/lib/thumb/v7e-m+fp/hard\libg_nano.a(libc_a-impure.o)
                0x20000038                _impure_data
 .data.__global_locale
                0x20000084      0x16c E:/ST/STM32/STM32CubeIDE/plugins/com.st.stm32cube.ide.mcu.externaltools.gnu-tools-for-stm32.14.3.rel1.win32_1.0.100.202602081740/tools/bin/../lib/gcc/arm-none-eabi/14.3.1/../../../../arm-none-eabi/lib/thumb/v7e-m+fp/hard\libg_nano.a(libc_a-locale.o)
                0x20000084                __global_locale
 *(.RamFunc)
 *(.RamFunc*)
                0x200001f0                        . = ALIGN (0x4)

.igot.plt       0x200001f0        0x0 load address 0x08006d84
 .igot.plt      0x200001f0        0x0 E:/ST/STM32/STM32CubeIDE/plugins/com.st.stm32cube.ide.mcu.externaltools.gnu-tools-for-stm32.14.3.rel1.win32_1.0.100.202602081740/tools/bin/../lib/gcc/arm-none-eabi/14.3.1/thumb/v7e-m+fp/hard/crtbegin.o

.tdata          0x200001f0        0x0 load address 0x08006d84
 *(.tdata .tdata.* .gnu.linkonce.td.*)
                0x200001f0                        . = ALIGN (0x4)
                0x200001f0                        _edata = .
                [!provide]                        PROVIDE (__data_end = .)
                [!provide]                        PROVIDE (__tdata_end = .)
                [!provide]                        PROVIDE (__tdata_start = ADDR (.tdata))
                [!provide]                        PROVIDE (__tdata_size = (__tdata_end - __tdata_start))
                [!provide]                        PROVIDE (__data_start = ADDR (.data))
                [!provide]                        PROVIDE (__data_size = (__data_end - __data_start))
                [!provide]                        PROVIDE (__tdata_source = LOADADDR (.tdata))
                [!provide]                        PROVIDE (__tdata_source_end = (LOADADDR (.tdata) + SIZEOF (.tdata)))
                [!provide]                        PROVIDE (__tdata_source_size = (__tdata_source_end - __tdata_source))
                [!provide]                        PROVIDE (__data_source = LOADADDR (.data))
                [!provide]                        PROVIDE (__data_source_end = __tdata_source_end)
                [!provide]                        PROVIDE (__data_source_size = (__data_source_end - __data_source))

.tbss           0x200001f0        0x0 load address 0x08006d84
                0x200001f0                        _sbss = .
                0x200001f0                        __bss_start__ = _sbss
 *(.tbss .tbss.*)
                0x200001f0                        . = ALIGN (0x4)
                [!provide]                        PROVIDE (__tbss_end = .)
                [!provide]                        PROVIDE (__tbss_start = ADDR (.tbss))
                [!provide]                        PROVIDE (__tbss_size = (__tbss_end - __tbss_start))
                [!provide]                        PROVIDE (__tbss_offset = (ADDR (.tbss) - ADDR (.tdata)))
                [!provide]                        PROVIDE (__tls_base = __tdata_start)
                [!provide]                        PROVIDE (__tls_end = __tbss_end)
                [!provide]                        PROVIDE (__tls_size = (__tls_end - __tls_base))
                [!provide]                        PROVIDE (__tls_align = MAX (ALIGNOF (.tdata), ALIGNOF (.tbss)))
                [!provide]                        PROVIDE (__tls_size_align = (((__tls_size + __tls_align) - 0x1) & ~ ((__tls_align - 0x1))))
                [!provide]                        PROVIDE (__arm32_tls_tcb_offset = MAX (0x8, __tls_align))
                [!provide]                        PROVIDE (__arm64_tls_tcb_offset = MAX (0x10, __tls_align))

.bss            0x200001f0      0xe88 load address 0x08006d84
 *(.bss)
 .bss           0x200001f0       0x1c E:/ST/STM32/STM32CubeIDE/plugins/com.st.stm32cube.ide.mcu.externaltools.gnu-tools-for-stm32.14.3.rel1.win32_1.0.100.202602081740/tools/bin/../lib/gcc/arm-none-eabi/14.3.1/thumb/v7e-m+fp/hard/crtbegin.o
 *(.bss*)
 .bss.uwTick    0x2000020c        0x4 cmake/stm32cubemx/CMakeFiles/STM32_Drivers.dir/__/__/Drivers/STM32F4xx_HAL_Driver/Src/stm32f4xx_hal.c.obj
                0x2000020c                uwTick
 .bss.g_rx_flag
                0x20000210        0x1 CMakeFiles/bootloader.dir/Bootloader/Src/main.c.obj
                0x20000210                g_rx_flag
 *fill*         0x20000211        0x3 
 .bss.__sbrk_heap_end
                0x20000214        0x4 CMakeFiles/bootloader.dir/Core/Src/sysmem.c.obj
 .bss.hcan1     0x20000218       0x28 CMakeFiles/bootloader.dir/Core/Src/can.c.obj
                0x20000218                hcan1
 .bss.huart1    0x20000240       0x48 CMakeFiles/bootloader.dir/Core/Src/usart.c.obj
                0x20000240                huart1
 .bss.htim3     0x20000288       0x48 CMakeFiles/bootloader.dir/Core/Src/stm32f4xx_hal_timebase_tim.c.obj
                0x20000288                htim3
 .bss.s_flash_cfg
                0x200002d0        0xc CMakeFiles/bootloader.dir/Core/Src/inter_flash_cfg.c.obj
 .bss.page_offset
                0x200002dc        0x4 CMakeFiles/bootloader.dir/Bootloader/Src/ymodem.c.obj
 .bss.flash_buf_rx_cnt
                0x200002e0        0x4 CMakeFiles/bootloader.dir/Bootloader/Src/ymodem.c.obj
 .bss.flash_buf
                0x200002e4      0x800 CMakeFiles/bootloader.dir/Bootloader/Src/ymodem.c.obj
 .bss.aFileName
                0x20000ae4       0x40 CMakeFiles/bootloader.dir/Bootloader/Src/ymodem.c.obj
                0x20000ae4                aFileName
 .bss.aPacketData
                0x20000b24      0x406 CMakeFiles/bootloader.dir/Bootloader/Src/ymodem.c.obj
                0x20000b24                aPacketData
 *fill*         0x20000f2a        0x2 
 .bss.__sf      0x20000f2c      0x138 E:/ST/STM32/STM32CubeIDE/plugins/com.st.stm32cube.ide.mcu.externaltools.gnu-tools-for-stm32.14.3.rel1.win32_1.0.100.202602081740/tools/bin/../lib/gcc/arm-none-eabi/14.3.1/../../../../arm-none-eabi/lib/thumb/v7e-m+fp/hard\libg_nano.a(libc_a-findfp.o)
                0x20000f2c                __sf
 .bss.__stdio_exit_handler
                0x20001064        0x4 E:/ST/STM32/STM32CubeIDE/plugins/com.st.stm32cube.ide.mcu.externaltools.gnu-tools-for-stm32.14.3.rel1.win32_1.0.100.202602081740/tools/bin/../lib/gcc/arm-none-eabi/14.3.1/../../../../arm-none-eabi/lib/thumb/v7e-m+fp/hard\libg_nano.a(libc_a-findfp.o)
                0x20001064                __stdio_exit_handler
 .bss.errno     0x20001068        0x4 E:/ST/STM32/STM32CubeIDE/plugins/com.st.stm32cube.ide.mcu.externaltools.gnu-tools-for-stm32.14.3.rel1.win32_1.0.100.202602081740/tools/bin/../lib/gcc/arm-none-eabi/14.3.1/../../../../arm-none-eabi/lib/thumb/v7e-m+fp/hard\libg_nano.a(libc_a-reent.o)
                0x20001068                errno
 .bss.__lock___malloc_recursive_mutex
                0x2000106c        0x1 E:/ST/STM32/STM32CubeIDE/plugins/com.st.stm32cube.ide.mcu.externaltools.gnu-tools-for-stm32.14.3.rel1.win32_1.0.100.202602081740/tools/bin/../lib/gcc/arm-none-eabi/14.3.1/../../../../arm-none-eabi/lib/thumb/v7e-m+fp/hard\libg_nano.a(libc_a-lock.o)
                0x2000106c                __lock___malloc_recursive_mutex
 .bss.__lock___sfp_recursive_mutex
                0x2000106d        0x1 E:/ST/STM32/STM32CubeIDE/plugins/com.st.stm32cube.ide.mcu.externaltools.gnu-tools-for-stm32.14.3.rel1.win32_1.0.100.202602081740/tools/bin/../lib/gcc/arm-none-eabi/14.3.1/../../../../arm-none-eabi/lib/thumb/v7e-m+fp/hard\libg_nano.a(libc_a-lock.o)
                0x2000106d                __lock___sfp_recursive_mutex
 *fill*         0x2000106e        0x2 
 .bss.__malloc_sbrk_start
                0x20001070        0x4 E:/ST/STM32/STM32CubeIDE/plugins/com.st.stm32cube.ide.mcu.externaltools.gnu-tools-for-stm32.14.3.rel1.win32_1.0.100.202602081740/tools/bin/../lib/gcc/arm-none-eabi/14.3.1/../../../../arm-none-eabi/lib/thumb/v7e-m+fp/hard\libg_nano.a(libc_a-mallocr.o)
                0x20001070                __malloc_sbrk_start
 .bss.__malloc_free_list
                0x20001074        0x4 E:/ST/STM32/STM32CubeIDE/plugins/com.st.stm32cube.ide.mcu.externaltools.gnu-tools-for-stm32.14.3.rel1.win32_1.0.100.202602081740/tools/bin/../lib/gcc/arm-none-eabi/14.3.1/../../../../arm-none-eabi/lib/thumb/v7e-m+fp/hard\libg_nano.a(libc_a-mallocr.o)
                0x20001074                __malloc_free_list
 *(COMMON)
                0x20001078                        . = ALIGN (0x4)
                0x20001078                        _ebss = .
                0x20001078                        __bss_end__ = _ebss
                [!provide]                        PROVIDE (__bss_end = .)
                [!provide]                        PROVIDE (__non_tls_bss_start = ADDR (.bss))
                [!provide]                        PROVIDE (__bss_start = __tbss_start)
                [!provide]                        PROVIDE (__bss_size = (__bss_end - __bss_start))

._user_heap_stack
                0x20001078      0x800 load address 0x08006d84
                0x20001078                        . = ALIGN (0x8)
                [!provide]                        PROVIDE (end = .)
                0x20001078                        PROVIDE (_end = .)
                0x20001478                        . = (. + _Min_Heap_Size)
 *fill*         0x20001078      0x400 
                0x20001878                        . = (. + _Min_Stack_Size)
 *fill*         0x20001478      0x400 
                0x20001878                        . = ALIGN (0x8)

/DISCARD/
 libc.a:*(*)
 libm.a:*(*)
 libgcc.a:*(*)
OUTPUT(bootloader.elf elf32-littlearm)
LOAD linker stubs

.ARM.attributes
                0x00000000       0x30
 .ARM.attributes
                0x00000000       0x22 E:/ST/STM32/STM32CubeIDE/plugins/com.st.stm32cube.ide.mcu.externaltools.gnu-tools-for-stm32.14.3.rel1.win32_1.0.100.202602081740/tools/bin/../lib/gcc/arm-none-eabi/14.3.1/thumb/v7e-m+fp/hard/crti.o
 .ARM.attributes
                0x00000022       0x34 E:/ST/STM32/STM32CubeIDE/plugins/com.st.stm32cube.ide.mcu.externaltools.gnu-tools-for-stm32.14.3.rel1.win32_1.0.100.202602081740/tools/bin/../lib/gcc/arm-none-eabi/14.3.1/thumb/v7e-m+fp/hard/crtbegin.o
 .ARM.attributes
                0x00000056       0x34 cmake/stm32cubemx/CMakeFiles/STM32_Drivers.dir/__/__/Core/Src/system_stm32f4xx.c.obj
 .ARM.attributes
                0x0000008a       0x34 cmake/stm32cubemx/CMakeFiles/STM32_Drivers.dir/__/__/Drivers/STM32F4xx_HAL_Driver/Src/stm32f4xx_hal_tim.c.obj
 .ARM.attributes
                0x000000be       0x34 cmake/stm32cubemx/CMakeFiles/STM32_Drivers.dir/__/__/Drivers/STM32F4xx_HAL_Driver/Src/stm32f4xx_hal_tim_ex.c.obj
 .ARM.attributes
                0x000000f2       0x34 cmake/stm32cubemx/CMakeFiles/STM32_Drivers.dir/__/__/Drivers/STM32F4xx_HAL_Driver/Src/stm32f4xx_hal_can.c.obj
 .ARM.attributes
                0x00000126       0x34 cmake/stm32cubemx/CMakeFiles/STM32_Drivers.dir/__/__/Drivers/STM32F4xx_HAL_Driver/Src/stm32f4xx_hal_rcc.c.obj
 .ARM.attributes
                0x0000015a       0x34 cmake/stm32cubemx/CMakeFiles/STM32_Drivers.dir/__/__/Drivers/STM32F4xx_HAL_Driver/Src/stm32f4xx_hal_flash.c.obj
 .ARM.attributes
                0x0000018e       0x34 cmake/stm32cubemx/CMakeFiles/STM32_Drivers.dir/__/__/Drivers/STM32F4xx_HAL_Driver/Src/stm32f4xx_hal_flash_ex.c.obj
 .ARM.attributes
                0x000001c2       0x34 cmake/stm32cubemx/CMakeFiles/STM32_Drivers.dir/__/__/Drivers/STM32F4xx_HAL_Driver/Src/stm32f4xx_hal_gpio.c.obj
 .ARM.attributes
                0x000001f6       0x34 cmake/stm32cubemx/CMakeFiles/STM32_Drivers.dir/__/__/Drivers/STM32F4xx_HAL_Driver/Src/stm32f4xx_hal_dma.c.obj
 .ARM.attributes
                0x0000022a       0x34 cmake/stm32cubemx/CMakeFiles/STM32_Drivers.dir/__/__/Drivers/STM32F4xx_HAL_Driver/Src/stm32f4xx_hal_cortex.c.obj
 .ARM.attributes
                0x0000025e       0x34 cmake/stm32cubemx/CMakeFiles/STM32_Drivers.dir/__/__/Drivers/STM32F4xx_HAL_Driver/Src/stm32f4xx_hal.c.obj
 .ARM.attributes
                0x00000292       0x34 cmake/stm32cubemx/CMakeFiles/STM32_Drivers.dir/__/__/Drivers/STM32F4xx_HAL_Driver/Src/stm32f4xx_hal_uart.c.obj
 .ARM.attributes
                0x000002c6       0x34 CMakeFiles/bootloader.dir/Bootloader/Src/main.c.obj
 .ARM.attributes
                0x000002fa       0x34 CMakeFiles/bootloader.dir/Core/Src/boot_manager.c.obj
 .ARM.attributes
                0x0000032e       0x34 CMakeFiles/bootloader.dir/Core/Src/syscalls.c.obj
 .ARM.attributes
                0x00000362       0x34 CMakeFiles/bootloader.dir/Core/Src/sysmem.c.obj
 .ARM.attributes
                0x00000396       0x21 CMakeFiles/bootloader.dir/startup_stm32f407xx.s.obj
 .ARM.attributes
                0x000003b7       0x34 CMakeFiles/bootloader.dir/Core/Src/gpio.c.obj
 .ARM.attributes
                0x000003eb       0x34 CMakeFiles/bootloader.dir/Core/Src/can.c.obj
 .ARM.attributes
                0x0000041f       0x34 CMakeFiles/bootloader.dir/Core/Src/usart.c.obj
 .ARM.attributes
                0x00000453       0x34 CMakeFiles/bootloader.dir/Core/Src/stm32f4xx_it.c.obj
 .ARM.attributes
                0x00000487       0x34 CMakeFiles/bootloader.dir/Core/Src/stm32f4xx_hal_msp.c.obj
 .ARM.attributes
                0x000004bb       0x34 CMakeFiles/bootloader.dir/Core/Src/stm32f4xx_hal_timebase_tim.c.obj
 .ARM.attributes
                0x000004ef       0x34 CMakeFiles/bootloader.dir/Core/Src/inter_flash_cfg.c.obj
 .ARM.attributes
                0x00000523       0x34 CMakeFiles/bootloader.dir/Core/Src/inter_flashif.c.obj
 .ARM.attributes
                0x00000557       0x34 CMakeFiles/bootloader.dir/Bootloader/Src/ymodem.c.obj
 .ARM.attributes
                0x0000058b       0x34 CMakeFiles/bootloader.dir/Bootloader/Src/ymodem_porting.c.obj
 .ARM.attributes
                0x000005bf       0x22 E:/ST/STM32/STM32CubeIDE/plugins/com.st.stm32cube.ide.mcu.externaltools.gnu-tools-for-stm32.14.3.rel1.win32_1.0.100.202602081740/tools/bin/../lib/gcc/arm-none-eabi/14.3.1/thumb/v7e-m+fp/hard\libgcc.a(_aeabi_uldivmod.o)
 .ARM.attributes
                0x000005e1       0x34 E:/ST/STM32/STM32CubeIDE/plugins/com.st.stm32cube.ide.mcu.externaltools.gnu-tools-for-stm32.14.3.rel1.win32_1.0.100.202602081740/tools/bin/../lib/gcc/arm-none-eabi/14.3.1/thumb/v7e-m+fp/hard\libgcc.a(_udivmoddi4.o)
 .ARM.attributes
                0x00000615       0x22 E:/ST/STM32/STM32CubeIDE/plugins/com.st.stm32cube.ide.mcu.externaltools.gnu-tools-for-stm32.14.3.rel1.win32_1.0.100.202602081740/tools/bin/../lib/gcc/arm-none-eabi/14.3.1/thumb/v7e-m+fp/hard\libgcc.a(_dvmd_tls.o)
 .ARM.attributes
                0x00000637       0x34 E:/ST/STM32/STM32CubeIDE/plugins/com.st.stm32cube.ide.mcu.externaltools.gnu-tools-for-stm32.14.3.rel1.win32_1.0.100.202602081740/tools/bin/../lib/gcc/arm-none-eabi/14.3.1/../../../../arm-none-eabi/lib/thumb/v7e-m+fp/hard\libg_nano.a(libc_a-nano-vfprintf_float.o)
 .ARM.attributes
                0x0000066b       0x34 E:/ST/STM32/STM32CubeIDE/plugins/com.st.stm32cube.ide.mcu.externaltools.gnu-tools-for-stm32.14.3.rel1.win32_1.0.100.202602081740/tools/bin/../lib/gcc/arm-none-eabi/14.3.1/../../../../arm-none-eabi/lib/thumb/v7e-m+fp/hard\libg_nano.a(libc_a-nano-vfprintf_i.o)
 .ARM.attributes
                0x0000069f       0x34 E:/ST/STM32/STM32CubeIDE/plugins/com.st.stm32cube.ide.mcu.externaltools.gnu-tools-for-stm32.14.3.rel1.win32_1.0.100.202602081740/tools/bin/../lib/gcc/arm-none-eabi/14.3.1/../../../../arm-none-eabi/lib/thumb/v7e-m+fp/hard\libg_nano.a(libc_a-findfp.o)
 .ARM.attributes