E:/ST/STM32/MY_workspace/Projects_F407/MY_OTA_GUI/lvgl-8.3.0/src/core/lv_obj_class.c:175:13:lv_obj_construct	16	static
E:/ST/STM32/MY_workspace/Projects_F407/MY_OTA_GUI/lvgl-8.3.0/src/core/lv_obj_class.c:193:17:get_instance_size	0	static
E:/ST/STM32/MY_workspace/Projects_F407/MY_OTA_GUI/lvgl-8.3.0/src/core/lv_obj_class.c:43:12:lv_obj_class_create_obj	32	static
E:/ST/STM32/MY_workspace/Projects_F407/MY_OTA_GUI/lvgl-8.3.0/src/core/lv_obj_class.c:134:6:_lv_obj_destruct	8	static
E:/ST/STM32/MY_workspace/Projects_F407/MY_OTA_GUI/lvgl-8.3.0/src/core/lv_obj_class.c:147:6:lv_obj_is_editable	0	static
E:/ST/STM32/MY_workspace/Projects_F407/MY_OTA_GUI/lvgl-8.3.0/src/core/lv_obj_class.c:159:6:lv_obj_is_group_def	0	static
E:/ST/STM32/MY_workspace/Projects_F407/MY_OTA_GUI/lvgl-8.3.0/src/core/lv_obj_class.c:104:6:lv_obj_class_init_obj	16	static
