E:/ST/STM32/MY_workspace/Projects_F407/MY_OTA_GUI/lvgl-9.3.0/src/font/lv_binfont_loader.c:177:23:init_bit_iterator	0	static
E:/ST/STM32/MY_workspace/Projects_F407/MY_OTA_GUI/lvgl-9.3.0/src/font/lv_binfont_loader.c:715:13:binfont_font_free_src_cb	8	static
E:/ST/STM32/MY_workspace/Projects_F407/MY_OTA_GUI/lvgl-9.3.0/src/font/lv_binfont_loader.c:700:15:binfont_font_dup_src_cb	16	static
E:/ST/STM32/MY_workspace/Projects_F407/MY_OTA_GUI/lvgl-9.3.0/src/font/lv_binfont_loader.c:186:21:read_bits	24	static
E:/ST/STM32/MY_workspace/Projects_F407/MY_OTA_GUI/lvgl-9.3.0/src/font/lv_binfont_loader.c:208:12:read_bits_signed	8	static
E:/ST/STM32/MY_workspace/Projects_F407/MY_OTA_GUI/lvgl-9.3.0/src/font/lv_binfont_loader.c:234:13:load_cmaps_tables	40	static
E:/ST/STM32/MY_workspace/Projects_F407/MY_OTA_GUI/lvgl-9.3.0/src/font/lv_binfont_loader.c:217:12:read_label	24	static
E:/ST/STM32/MY_workspace/Projects_F407/MY_OTA_GUI/lvgl-9.3.0/src/font/lv_binfont_loader.c:301:16:load_cmaps	32	static
E:/ST/STM32/MY_workspace/Projects_F407/MY_OTA_GUI/lvgl-9.3.0/src/font/lv_binfont_loader.c:330:16:load_glyph	80	static
E:/ST/STM32/MY_workspace/Projects_F407/MY_OTA_GUI/lvgl-9.3.0/src/font/lv_binfont_loader.c:133:6:lv_binfont_destroy	24	static
E:/ST/STM32/MY_workspace/Projects_F407/MY_OTA_GUI/lvgl-9.3.0/src/font/lv_binfont_loader.c:695:13:binfont_font_delete_cb	8	static
E:/ST/STM32/MY_workspace/Projects_F407/MY_OTA_GUI/lvgl-9.3.0/src/font/lv_binfont_loader.c:580:9:load_kern	48	static
E:/ST/STM32/MY_workspace/Projects_F407/MY_OTA_GUI/lvgl-9.3.0/src/font/lv_binfont_loader.c:475:13:lvgl_load_font	88	static
E:/ST/STM32/MY_workspace/Projects_F407/MY_OTA_GUI/lvgl-9.3.0/src/font/lv_binfont_loader.c:96:13:lv_binfont_create	24	static
E:/ST/STM32/MY_workspace/Projects_F407/MY_OTA_GUI/lvgl-9.3.0/src/font/lv_binfont_loader.c:676:20:binfont_font_create_cb	8	static
