E:/ST/STM32/MY_workspace/Projects_F407/MY_OTA_GUI/Core/Src/en25q128.c:39:16:spi1_xfer	0	static
E:/ST/STM32/MY_workspace/Projects_F407/MY_OTA_GUI/Core/Src/en25q128.c:50:6:EN25Q128_WriteEnable	8	static
E:/ST/STM32/MY_workspace/Projects_F407/MY_OTA_GUI/Core/Src/en25q128.c:58:6:EN25Q128_WaitBusy	8	static
E:/ST/STM32/MY_workspace/Projects_F407/MY_OTA_GUI/Core/Src/en25q128.c:115:13:page_write	16	static
E:/ST/STM32/MY_workspace/Projects_F407/MY_OTA_GUI/Core/Src/en25q128.c:67:9:EN25Q128_ReadSR1	8	static
E:/ST/STM32/MY_workspace/Projects_F407/MY_OTA_GUI/Core/Src/en25q128.c:78:9:EN25Q128_ReadSR2	8	static
E:/ST/STM32/MY_workspace/Projects_F407/MY_OTA_GUI/Core/Src/en25q128.c:89:10:EN25Q128_ReadID	16	static
E:/ST/STM32/MY_workspace/Projects_F407/MY_OTA_GUI/Core/Src/en25q128.c:102:6:EN25Q128_EraseSector	16	static
E:/ST/STM32/MY_workspace/Projects_F407/MY_OTA_GUI/Core/Src/en25q128.c:131:6:EN25Q128_Write	24	static
E:/ST/STM32/MY_workspace/Projects_F407/MY_OTA_GUI/Core/Src/en25q128.c:145:6:EN25Q128_Read	16	static
E:/ST/STM32/MY_workspace/Projects_F407/MY_OTA_GUI/Core/Src/en25q128.c:159:6:EN25Q128_EraseWrite	24	static,ignoring_inline_asm
E:/ST/STM32/MY_workspace/Projects_F407/MY_OTA_GUI/Core/Src/en25q128.c:174:6:EN25Q128_SetSpeed	0	static
E:/ST/STM32/MY_workspace/Projects_F407/MY_OTA_GUI/Core/Src/en25q128.c:181:6:EN25Q128_Init	8	static
E:/ST/STM32/MY_workspace/Projects_F407/MY_OTA_GUI/Core/Src/en25q128.c:222:6:EN25Q128_SetBackupProgressCb	0	static
E:/ST/STM32/MY_workspace/Projects_F407/MY_OTA_GUI/Core/Src/en25q128.c:227:9:EN25Q128_BackupFirmware	296	static
E:/ST/STM32/MY_workspace/Projects_F407/MY_OTA_GUI/Core/Src/en25q128.c:278:9:EN25Q128_RestoreFirmware	48	static
E:/ST/STM32/MY_workspace/Projects_F407/MY_OTA_GUI/Core/Src/en25q128.c:364:9:EN25Q128_RestoreFirmwareLFS	2160	static
