E:/ST/STM32/MY_workspace/Projects_F407/MY_OTA_GUI/Core/Src/en25q128.c:20:16:spi1_xfer	0	static
E:/ST/STM32/MY_workspace/Projects_F407/MY_OTA_GUI/Core/Src/en25q128.c:31:6:EN25Q128_WriteEnable	8	static
E:/ST/STM32/MY_workspace/Projects_F407/MY_OTA_GUI/Core/Src/en25q128.c:39:6:EN25Q128_WaitBusy	8	static
E:/ST/STM32/MY_workspace/Projects_F407/MY_OTA_GUI/Core/Src/en25q128.c:96:13:page_write	16	static
E:/ST/STM32/MY_workspace/Projects_F407/MY_OTA_GUI/Core/Src/en25q128.c:48:9:EN25Q128_ReadSR1	8	static
E:/ST/STM32/MY_workspace/Projects_F407/MY_OTA_GUI/Core/Src/en25q128.c:59:9:EN25Q128_ReadSR2	8	static
E:/ST/STM32/MY_workspace/Projects_F407/MY_OTA_GUI/Core/Src/en25q128.c:70:10:EN25Q128_ReadID	16	static
E:/ST/STM32/MY_workspace/Projects_F407/MY_OTA_GUI/Core/Src/en25q128.c:83:6:EN25Q128_EraseSector	16	static
E:/ST/STM32/MY_workspace/Projects_F407/MY_OTA_GUI/Core/Src/en25q128.c:112:6:EN25Q128_Write	24	static
E:/ST/STM32/MY_workspace/Projects_F407/MY_OTA_GUI/Core/Src/en25q128.c:126:6:EN25Q128_Read	16	static
E:/ST/STM32/MY_workspace/Projects_F407/MY_OTA_GUI/Core/Src/en25q128.c:140:6:EN25Q128_EraseWrite	24	static,ignoring_inline_asm
E:/ST/STM32/MY_workspace/Projects_F407/MY_OTA_GUI/Core/Src/en25q128.c:155:6:EN25Q128_SetSpeed	0	static
E:/ST/STM32/MY_workspace/Projects_F407/MY_OTA_GUI/Core/Src/en25q128.c:162:6:EN25Q128_Init	8	static
E:/ST/STM32/MY_workspace/Projects_F407/MY_OTA_GUI/Core/Src/en25q128.c:203:6:EN25Q128_SetBackupProgressCb	0	static
E:/ST/STM32/MY_workspace/Projects_F407/MY_OTA_GUI/Core/Src/en25q128.c:208:9:EN25Q128_BackupFirmware	296	static
E:/ST/STM32/MY_workspace/Projects_F407/MY_OTA_GUI/Core/Src/en25q128.c:259:9:EN25Q128_RestoreFirmware	48	static
E:/ST/STM32/MY_workspace/Projects_F407/MY_OTA_GUI/Core/Src/en25q128.c:345:9:EN25Q128_RestoreFirmwareLFS	2160	static
