E:/ST/STM32/MY_workspace/Projects_F407/MY_OTA_GUI/Core/Src/stm32f4xx_it.c:59:6:HAL_UART_RxCpltCallback	0	static
E:/ST/STM32/MY_workspace/Projects_F407/MY_OTA_GUI/Core/Src/stm32f4xx_it.c:82:6:NMI_Handler	0	static
E:/ST/STM32/MY_workspace/Projects_F407/MY_OTA_GUI/Core/Src/stm32f4xx_it.c:97:6:HardFault_Handler	0	static
E:/ST/STM32/MY_workspace/Projects_F407/MY_OTA_GUI/Core/Src/stm32f4xx_it.c:112:6:MemManage_Handler	0	static
E:/ST/STM32/MY_workspace/Projects_F407/MY_OTA_GUI/Core/Src/stm32f4xx_it.c:127:6:BusFault_Handler	0	static
E:/ST/STM32/MY_workspace/Projects_F407/MY_OTA_GUI/Core/Src/stm32f4xx_it.c:142:6:UsageFault_Handler	0	static
E:/ST/STM32/MY_workspace/Projects_F407/MY_OTA_GUI/Core/Src/stm32f4xx_it.c:157:6:DebugMon_Handler	0	static
E:/ST/STM32/MY_workspace/Projects_F407/MY_OTA_GUI/Core/Src/stm32f4xx_it.c:177:6:EXTI9_5_IRQHandler	0	static
E:/ST/STM32/MY_workspace/Projects_F407/MY_OTA_GUI/Core/Src/stm32f4xx_it.c:202:6:TIM3_IRQHandler	8	static
E:/ST/STM32/MY_workspace/Projects_F407/MY_OTA_GUI/Core/Src/stm32f4xx_it.c:216:6:USART1_IRQHandler	8	static
E:/ST/STM32/MY_workspace/Projects_F407/MY_OTA_GUI/Core/Src/stm32f4xx_it.c:230:6:USART3_IRQHandler	0	static
