E:/ST/STM32/MY_workspace/Projects_F407/MY_OTA_GUI/lvgl-8.3.0/src/extra/themes/default/../../../../src/hal/../draw/../misc/lv_color.h:438:48:lv_color_mix	0	static
E:/ST/STM32/MY_workspace/Projects_F407/MY_OTA_GUI/lvgl-8.3.0/src/extra/themes/default/lv_theme_default.c:694:13:theme_apply	16	static
E:/ST/STM32/MY_workspace/Projects_F407/MY_OTA_GUI/lvgl-8.3.0/src/extra/themes/default/lv_theme_default.c:196:19:grey_filter_cb	16	static
E:/ST/STM32/MY_workspace/Projects_F407/MY_OTA_GUI/lvgl-8.3.0/src/extra/themes/default/../../../../src/hal/../draw/../misc/lv_style.h:549:20:lv_style_set_pad_gap	16	static
E:/ST/STM32/MY_workspace/Projects_F407/MY_OTA_GUI/lvgl-8.3.0/src/extra/themes/default/../../../../src/core/lv_disp.h:255:26:lv_disp_dpx	16	static
E:/ST/STM32/MY_workspace/Projects_F407/MY_OTA_GUI/lvgl-8.3.0/src/extra/themes/default/../../../../src/hal/../draw/../misc/lv_style.h:543:20:lv_style_set_pad_ver	16	static
E:/ST/STM32/MY_workspace/Projects_F407/MY_OTA_GUI/lvgl-8.3.0/src/extra/themes/default/lv_theme_default.c:190:19:dark_color_filter_cb	8	static
E:/ST/STM32/MY_workspace/Projects_F407/MY_OTA_GUI/lvgl-8.3.0/src/extra/themes/default/../../../../src/hal/../draw/../misc/lv_style.h:523:20:lv_style_set_size	16	static
E:/ST/STM32/MY_workspace/Projects_F407/MY_OTA_GUI/lvgl-8.3.0/src/extra/themes/default/../../../../src/hal/../draw/../misc/lv_style.h:537:20:lv_style_set_pad_hor	16	static
E:/ST/STM32/MY_workspace/Projects_F407/MY_OTA_GUI/lvgl-8.3.0/src/extra/themes/default/../../../../src/hal/../draw/../misc/lv_style.h:529:20:lv_style_set_pad_all	16	static
E:/ST/STM32/MY_workspace/Projects_F407/MY_OTA_GUI/lvgl-8.3.0/src/extra/themes/default/lv_theme_default.c:1165:13:style_init_reset	8	static
E:/ST/STM32/MY_workspace/Projects_F407/MY_OTA_GUI/lvgl-8.3.0/src/extra/themes/default/lv_theme_default.c:203:13:style_init	40	static
E:/ST/STM32/MY_workspace/Projects_F407/MY_OTA_GUI/lvgl-8.3.0/src/extra/themes/default/lv_theme_default.c:689:6:lv_theme_default_is_inited	0	static
E:/ST/STM32/MY_workspace/Projects_F407/MY_OTA_GUI/lvgl-8.3.0/src/extra/themes/default/lv_theme_default.c:645:14:lv_theme_default_init	32	static
E:/ST/STM32/MY_workspace/Projects_F407/MY_OTA_GUI/lvgl-8.3.0/src/extra/themes/default/lv_theme_default.c:680:14:lv_theme_default_get	8	static
