E:/ST/STM32/MY_workspace/Projects_F407/MY_OTA_GUI/lvgl-9.3.0/src/widgets/chart/lv_chart.c:1348:13:invalidate_point	48	static
E:/ST/STM32/MY_workspace/Projects_F407/MY_OTA_GUI/lvgl-9.3.0/src/widgets/chart/lv_chart.c:765:13:draw_div_lines	168	static
E:/ST/STM32/MY_workspace/Projects_F407/MY_OTA_GUI/lvgl-9.3.0/src/widgets/chart/lv_chart.c:842:13:draw_series_line	328	static
E:/ST/STM32/MY_workspace/Projects_F407/MY_OTA_GUI/lvgl-9.3.0/src/widgets/chart/lv_chart.c:1002:13:draw_series_scatter	304	static
E:/ST/STM32/MY_workspace/Projects_F407/MY_OTA_GUI/lvgl-9.3.0/src/widgets/chart/lv_chart.c:1124:13:draw_series_bar	232	static
E:/ST/STM32/MY_workspace/Projects_F407/MY_OTA_GUI/lvgl-9.3.0/src/widgets/chart/lv_chart.c:689:13:lv_chart_destructor	16	static
E:/ST/STM32/MY_workspace/Projects_F407/MY_OTA_GUI/lvgl-9.3.0/src/widgets/chart/lv_chart.c:660:13:lv_chart_constructor	8	static
E:/ST/STM32/MY_workspace/Projects_F407/MY_OTA_GUI/lvgl-9.3.0/src/widgets/chart/lv_chart.c:1410:13:new_points_alloc	24	static
E:/ST/STM32/MY_workspace/Projects_F407/MY_OTA_GUI/lvgl-9.3.0/src/widgets/chart/lv_chart.c:71:12:lv_chart_create	8	static
E:/ST/STM32/MY_workspace/Projects_F407/MY_OTA_GUI/lvgl-9.3.0/src/widgets/chart/lv_chart.c:164:6:lv_chart_set_update_mode	8	static
E:/ST/STM32/MY_workspace/Projects_F407/MY_OTA_GUI/lvgl-9.3.0/src/widgets/chart/lv_chart.c:175:6:lv_chart_set_div_line_count	8	static
E:/ST/STM32/MY_workspace/Projects_F407/MY_OTA_GUI/lvgl-9.3.0/src/widgets/chart/lv_chart.c:188:17:lv_chart_get_type	0	static
E:/ST/STM32/MY_workspace/Projects_F407/MY_OTA_GUI/lvgl-9.3.0/src/widgets/chart/lv_chart.c:196:10:lv_chart_get_point_count	0	static
E:/ST/STM32/MY_workspace/Projects_F407/MY_OTA_GUI/lvgl-9.3.0/src/widgets/chart/lv_chart.c:204:10:lv_chart_get_x_start_point	0	static
E:/ST/STM32/MY_workspace/Projects_F407/MY_OTA_GUI/lvgl-9.3.0/src/widgets/chart/lv_chart.c:212:6:lv_chart_get_point_pos_by_id	72	static
E:/ST/STM32/MY_workspace/Projects_F407/MY_OTA_GUI/lvgl-9.3.0/src/widgets/chart/lv_chart.c:1211:13:draw_cursors	448	static
E:/ST/STM32/MY_workspace/Projects_F407/MY_OTA_GUI/lvgl-9.3.0/src/widgets/chart/lv_chart.c:292:6:lv_chart_refresh	8	static
E:/ST/STM32/MY_workspace/Projects_F407/MY_OTA_GUI/lvgl-9.3.0/src/widgets/chart/lv_chart.c:79:6:lv_chart_set_type	24	static
E:/ST/STM32/MY_workspace/Projects_F407/MY_OTA_GUI/lvgl-9.3.0/src/widgets/chart/lv_chart.c:108:6:lv_chart_set_point_count	24	static
E:/ST/STM32/MY_workspace/Projects_F407/MY_OTA_GUI/lvgl-9.3.0/src/widgets/chart/lv_chart.c:132:6:lv_chart_set_axis_range	8	static
E:/ST/STM32/MY_workspace/Projects_F407/MY_OTA_GUI/lvgl-9.3.0/src/widgets/chart/lv_chart.c:303:21:lv_chart_add_series	32	static
E:/ST/STM32/MY_workspace/Projects_F407/MY_OTA_GUI/lvgl-9.3.0/src/widgets/chart/lv_chart.c:365:6:lv_chart_remove_series	16	static
E:/ST/STM32/MY_workspace/Projects_F407/MY_OTA_GUI/lvgl-9.3.0/src/widgets/chart/lv_chart.c:380:6:lv_chart_hide_series	8	static
E:/ST/STM32/MY_workspace/Projects_F407/MY_OTA_GUI/lvgl-9.3.0/src/widgets/chart/lv_chart.c:389:6:lv_chart_set_series_color	16	static
E:/ST/STM32/MY_workspace/Projects_F407/MY_OTA_GUI/lvgl-9.3.0/src/widgets/chart/lv_chart.c:398:12:lv_chart_get_series_color	8	static
E:/ST/STM32/MY_workspace/Projects_F407/MY_OTA_GUI/lvgl-9.3.0/src/widgets/chart/lv_chart.c:407:6:lv_chart_set_x_start_point	0	static
E:/ST/STM32/MY_workspace/Projects_F407/MY_OTA_GUI/lvgl-9.3.0/src/widgets/chart/lv_chart.c:417:21:lv_chart_get_series_next	8	static
E:/ST/STM32/MY_workspace/Projects_F407/MY_OTA_GUI/lvgl-9.3.0/src/widgets/chart/lv_chart.c:1317:17:get_index_from_x	48	static
E:/ST/STM32/MY_workspace/Projects_F407/MY_OTA_GUI/lvgl-9.3.0/src/widgets/chart/lv_chart.c:719:13:lv_chart_event	24	static
E:/ST/STM32/MY_workspace/Projects_F407/MY_OTA_GUI/lvgl-9.3.0/src/widgets/chart/lv_chart.c:430:22:lv_chart_add_cursor	24	static
E:/ST/STM32/MY_workspace/Projects_F407/MY_OTA_GUI/lvgl-9.3.0/src/widgets/chart/lv_chart.c:448:6:lv_chart_set_cursor_pos	8	static
E:/ST/STM32/MY_workspace/Projects_F407/MY_OTA_GUI/lvgl-9.3.0/src/widgets/chart/lv_chart.c:458:6:lv_chart_set_cursor_pos_x	8	static
E:/ST/STM32/MY_workspace/Projects_F407/MY_OTA_GUI/lvgl-9.3.0/src/widgets/chart/lv_chart.c:468:6:lv_chart_set_cursor_pos_y	8	static
E:/ST/STM32/MY_workspace/Projects_F407/MY_OTA_GUI/lvgl-9.3.0/src/widgets/chart/lv_chart.c:478:6:lv_chart_set_cursor_point	16	static
E:/ST/STM32/MY_workspace/Projects_F407/MY_OTA_GUI/lvgl-9.3.0/src/widgets/chart/lv_chart.c:490:12:lv_chart_get_cursor_point	0	static
E:/ST/STM32/MY_workspace/Projects_F407/MY_OTA_GUI/lvgl-9.3.0/src/widgets/chart/lv_chart.c:502:6:lv_chart_set_all_values	8	static
E:/ST/STM32/MY_workspace/Projects_F407/MY_OTA_GUI/lvgl-9.3.0/src/widgets/chart/lv_chart.c:517:6:lv_chart_set_next_value	16	static
E:/ST/STM32/MY_workspace/Projects_F407/MY_OTA_GUI/lvgl-9.3.0/src/widgets/chart/lv_chart.c:529:6:lv_chart_set_next_value2	8	static
E:/ST/STM32/MY_workspace/Projects_F407/MY_OTA_GUI/lvgl-9.3.0/src/widgets/chart/lv_chart.c:547:6:lv_chart_set_series_values	24	static
E:/ST/STM32/MY_workspace/Projects_F407/MY_OTA_GUI/lvgl-9.3.0/src/widgets/chart/lv_chart.c:555:6:lv_chart_set_series_values2	32	static
E:/ST/STM32/MY_workspace/Projects_F407/MY_OTA_GUI/lvgl-9.3.0/src/widgets/chart/lv_chart.c:565:6:lv_chart_set_series_value_by_id	8	static
E:/ST/STM32/MY_workspace/Projects_F407/MY_OTA_GUI/lvgl-9.3.0/src/widgets/chart/lv_chart.c:576:6:lv_chart_set_series_value_by_id2	8	static
E:/ST/STM32/MY_workspace/Projects_F407/MY_OTA_GUI/lvgl-9.3.0/src/widgets/chart/lv_chart.c:594:6:lv_chart_set_series_ext_y_array	16	static
E:/ST/STM32/MY_workspace/Projects_F407/MY_OTA_GUI/lvgl-9.3.0/src/widgets/chart/lv_chart.c:605:6:lv_chart_set_series_ext_x_array	16	static
E:/ST/STM32/MY_workspace/Projects_F407/MY_OTA_GUI/lvgl-9.3.0/src/widgets/chart/lv_chart.c:616:11:lv_chart_get_series_y_array	0	static
E:/ST/STM32/MY_workspace/Projects_F407/MY_OTA_GUI/lvgl-9.3.0/src/widgets/chart/lv_chart.c:624:11:lv_chart_get_series_x_array	0	static
E:/ST/STM32/MY_workspace/Projects_F407/MY_OTA_GUI/lvgl-9.3.0/src/widgets/chart/lv_chart.c:632:10:lv_chart_get_pressed_point	0	static
E:/ST/STM32/MY_workspace/Projects_F407/MY_OTA_GUI/lvgl-9.3.0/src/widgets/chart/lv_chart.c:638:9:lv_chart_get_first_point_center_offset	24	static
