E:/ST/STM32/MY_workspace/Projects_F407/MY_OTA_GUI/lvgl-9.5.0源码/src/layouts/../core/../debugging/sysmon/../../core/lv_obj_style_gen.h:1573:24:lv_obj_get_style_layout	24	static
E:/ST/STM32/MY_workspace/Projects_F407/MY_OTA_GUI/lvgl-9.5.0源码/src/layouts/lv_layout.c:39:6:lv_layout_init	8	static
E:/ST/STM32/MY_workspace/Projects_F407/MY_OTA_GUI/lvgl-9.5.0源码/src/layouts/lv_layout.c:53:6:lv_layout_deinit	8	static
E:/ST/STM32/MY_workspace/Projects_F407/MY_OTA_GUI/lvgl-9.5.0源码/src/layouts/lv_layout.c:58:10:lv_layout_create	24	static
E:/ST/STM32/MY_workspace/Projects_F407/MY_OTA_GUI/lvgl-9.5.0源码/src/layouts/lv_layout.c:69:10:lv_layout_register	24	static
E:/ST/STM32/MY_workspace/Projects_F407/MY_OTA_GUI/lvgl-9.5.0源码/src/layouts/lv_layout.c:80:6:lv_layout_get_min_size	40	static
E:/ST/STM32/MY_workspace/Projects_F407/MY_OTA_GUI/lvgl-9.5.0源码/src/layouts/lv_layout.c:92:6:lv_layout_apply	24	static
