E:/ST/STM32/MY_workspace/Projects_F407/MY_OTA_GUI/lvgl-8.3.0/src/extra/layouts/grid/lv_grid.c:696:19:grid_align	24	static
E:/ST/STM32/MY_workspace/Projects_F407/MY_OTA_GUI/lvgl-8.3.0/src/extra/layouts/grid/lv_grid.c:763:17:count_tracks	0	static
E:/ST/STM32/MY_workspace/Projects_F407/MY_OTA_GUI/lvgl-8.3.0/src/extra/layouts/grid/lv_grid.c:60:34:get_col_dsc	8	static
E:/ST/STM32/MY_workspace/Projects_F407/MY_OTA_GUI/lvgl-8.3.0/src/extra/layouts/grid/lv_grid.c:64:34:get_row_dsc	8	static
E:/ST/STM32/MY_workspace/Projects_F407/MY_OTA_GUI/lvgl-8.3.0/src/extra/layouts/grid/lv_grid.c:80:23:get_row_span	8	static
E:/ST/STM32/MY_workspace/Projects_F407/MY_OTA_GUI/lvgl-8.3.0/src/extra/layouts/grid/lv_grid.c:72:23:get_row_pos	8	static
E:/ST/STM32/MY_workspace/Projects_F407/MY_OTA_GUI/lvgl-8.3.0/src/extra/layouts/grid/lv_grid.c:76:23:get_col_span	8	static
E:/ST/STM32/MY_workspace/Projects_F407/MY_OTA_GUI/lvgl-8.3.0/src/extra/layouts/grid/lv_grid.c:68:23:get_col_pos	8	static
E:/ST/STM32/MY_workspace/Projects_F407/MY_OTA_GUI/lvgl-8.3.0/src/extra/layouts/grid/lv_grid.c:92:23:get_grid_col_align	8	static
E:/ST/STM32/MY_workspace/Projects_F407/MY_OTA_GUI/lvgl-8.3.0/src/extra/layouts/grid/lv_grid.c:96:23:get_grid_row_align	8	static
E:/ST/STM32/MY_workspace/Projects_F407/MY_OTA_GUI/lvgl-8.3.0/src/extra/layouts/grid/lv_grid.c:84:23:get_cell_col_align	8	static
E:/ST/STM32/MY_workspace/Projects_F407/MY_OTA_GUI/lvgl-8.3.0/src/extra/layouts/grid/lv_grid.c:88:23:get_cell_row_align	8	static
E:/ST/STM32/MY_workspace/Projects_F407/MY_OTA_GUI/lvgl-8.3.0/src/extra/layouts/grid/lv_grid.c:498:13:calc_rows	40	static
E:/ST/STM32/MY_workspace/Projects_F407/MY_OTA_GUI/lvgl-8.3.0/src/extra/layouts/grid/lv_grid.c:426:13:calc_cols	48	static
E:/ST/STM32/MY_workspace/Projects_F407/MY_OTA_GUI/lvgl-8.3.0/src/extra/layouts/grid/lv_grid.c:384:13:calc	56	static
E:/ST/STM32/MY_workspace/Projects_F407/MY_OTA_GUI/lvgl-8.3.0/src/extra/layouts/grid/lv_grid.c:574:13:item_repos	72	static
E:/ST/STM32/MY_workspace/Projects_F407/MY_OTA_GUI/lvgl-8.3.0/src/extra/layouts/grid/lv_grid.c:418:13:calc_free	8	static
E:/ST/STM32/MY_workspace/Projects_F407/MY_OTA_GUI/lvgl-8.3.0/src/extra/layouts/grid/lv_grid.c:337:13:grid_update	56	static
E:/ST/STM32/MY_workspace/Projects_F407/MY_OTA_GUI/lvgl-8.3.0/src/extra/layouts/grid/lv_grid.c:128:6:lv_grid_init	8	static
E:/ST/STM32/MY_workspace/Projects_F407/MY_OTA_GUI/lvgl-8.3.0/src/extra/layouts/grid/lv_grid.c:173:6:lv_style_set_grid_row_dsc_array	8	static
E:/ST/STM32/MY_workspace/Projects_F407/MY_OTA_GUI/lvgl-8.3.0/src/extra/layouts/grid/lv_grid.c:181:6:lv_style_set_grid_column_dsc_array	8	static
E:/ST/STM32/MY_workspace/Projects_F407/MY_OTA_GUI/lvgl-8.3.0/src/extra/layouts/grid/lv_grid.c:189:6:lv_style_set_grid_row_align	8	static
E:/ST/STM32/MY_workspace/Projects_F407/MY_OTA_GUI/lvgl-8.3.0/src/extra/layouts/grid/lv_grid.c:197:6:lv_style_set_grid_column_align	8	static
E:/ST/STM32/MY_workspace/Projects_F407/MY_OTA_GUI/lvgl-8.3.0/src/extra/layouts/grid/lv_grid.c:205:6:lv_style_set_grid_cell_column_pos	8	static
E:/ST/STM32/MY_workspace/Projects_F407/MY_OTA_GUI/lvgl-8.3.0/src/extra/layouts/grid/lv_grid.c:213:6:lv_style_set_grid_cell_column_span	8	static
E:/ST/STM32/MY_workspace/Projects_F407/MY_OTA_GUI/lvgl-8.3.0/src/extra/layouts/grid/lv_grid.c:221:6:lv_style_set_grid_cell_row_pos	8	static
E:/ST/STM32/MY_workspace/Projects_F407/MY_OTA_GUI/lvgl-8.3.0/src/extra/layouts/grid/lv_grid.c:229:6:lv_style_set_grid_cell_row_span	8	static
E:/ST/STM32/MY_workspace/Projects_F407/MY_OTA_GUI/lvgl-8.3.0/src/extra/layouts/grid/lv_grid.c:237:6:lv_style_set_grid_cell_x_align	8	static
E:/ST/STM32/MY_workspace/Projects_F407/MY_OTA_GUI/lvgl-8.3.0/src/extra/layouts/grid/lv_grid.c:245:6:lv_style_set_grid_cell_y_align	8	static
E:/ST/STM32/MY_workspace/Projects_F407/MY_OTA_GUI/lvgl-8.3.0/src/extra/layouts/grid/lv_grid.c:253:6:lv_obj_set_style_grid_row_dsc_array	8	static
E:/ST/STM32/MY_workspace/Projects_F407/MY_OTA_GUI/lvgl-8.3.0/src/extra/layouts/grid/lv_grid.c:261:6:lv_obj_set_style_grid_column_dsc_array	8	static
E:/ST/STM32/MY_workspace/Projects_F407/MY_OTA_GUI/lvgl-8.3.0/src/extra/layouts/grid/lv_grid.c:145:6:lv_obj_set_grid_dsc_array	16	static
E:/ST/STM32/MY_workspace/Projects_F407/MY_OTA_GUI/lvgl-8.3.0/src/extra/layouts/grid/lv_grid.c:269:6:lv_obj_set_style_grid_row_align	8	static
E:/ST/STM32/MY_workspace/Projects_F407/MY_OTA_GUI/lvgl-8.3.0/src/extra/layouts/grid/lv_grid.c:277:6:lv_obj_set_style_grid_column_align	8	static
E:/ST/STM32/MY_workspace/Projects_F407/MY_OTA_GUI/lvgl-8.3.0/src/extra/layouts/grid/lv_grid.c:152:6:lv_obj_set_grid_align	16	static
E:/ST/STM32/MY_workspace/Projects_F407/MY_OTA_GUI/lvgl-8.3.0/src/extra/layouts/grid/lv_grid.c:285:6:lv_obj_set_style_grid_cell_column_pos	8	static
E:/ST/STM32/MY_workspace/Projects_F407/MY_OTA_GUI/lvgl-8.3.0/src/extra/layouts/grid/lv_grid.c:293:6:lv_obj_set_style_grid_cell_column_span	8	static
E:/ST/STM32/MY_workspace/Projects_F407/MY_OTA_GUI/lvgl-8.3.0/src/extra/layouts/grid/lv_grid.c:301:6:lv_obj_set_style_grid_cell_row_pos	8	static
E:/ST/STM32/MY_workspace/Projects_F407/MY_OTA_GUI/lvgl-8.3.0/src/extra/layouts/grid/lv_grid.c:309:6:lv_obj_set_style_grid_cell_row_span	8	static
E:/ST/STM32/MY_workspace/Projects_F407/MY_OTA_GUI/lvgl-8.3.0/src/extra/layouts/grid/lv_grid.c:317:6:lv_obj_set_style_grid_cell_x_align	8	static
E:/ST/STM32/MY_workspace/Projects_F407/MY_OTA_GUI/lvgl-8.3.0/src/extra/layouts/grid/lv_grid.c:325:6:lv_obj_set_style_grid_cell_y_align	8	static
E:/ST/STM32/MY_workspace/Projects_F407/MY_OTA_GUI/lvgl-8.3.0/src/extra/layouts/grid/lv_grid.c:159:6:lv_obj_set_grid_cell	16	static
