E:/ST/STM32/MY_workspace/Projects_F407/MY_OTA_GUI/lvgl-9.3.0/src/layouts/grid/lv_grid.c:588:16:grid_align	20	static
E:/ST/STM32/MY_workspace/Projects_F407/MY_OTA_GUI/lvgl-9.3.0/src/layouts/grid/lv_grid.c:657:17:count_tracks	0	static
E:/ST/STM32/MY_workspace/Projects_F407/MY_OTA_GUI/lvgl-9.3.0/src/layouts/grid/lv_grid.c:267:13:calc_free	8	static
E:/ST/STM32/MY_workspace/Projects_F407/MY_OTA_GUI/lvgl-9.3.0/src/layouts/grid/lv_grid.c:368:13:calc_rows	56	static
E:/ST/STM32/MY_workspace/Projects_F407/MY_OTA_GUI/lvgl-9.3.0/src/layouts/grid/../../core/lv_obj_style.h:256:23:lv_obj_get_style_space_left	32	static
E:/ST/STM32/MY_workspace/Projects_F407/MY_OTA_GUI/lvgl-9.3.0/src/layouts/grid/../../core/lv_obj_style.h:272:23:lv_obj_get_style_space_top	32	static
E:/ST/STM32/MY_workspace/Projects_F407/MY_OTA_GUI/lvgl-9.3.0/src/layouts/grid/lv_grid.c:107:23:get_margin_hor	24	static
E:/ST/STM32/MY_workspace/Projects_F407/MY_OTA_GUI/lvgl-9.3.0/src/layouts/grid/lv_grid.c:112:23:get_margin_ver	24	static
E:/ST/STM32/MY_workspace/Projects_F407/MY_OTA_GUI/lvgl-9.3.0/src/layouts/grid/lv_grid.c:275:13:calc_cols	56	static
E:/ST/STM32/MY_workspace/Projects_F407/MY_OTA_GUI/lvgl-9.3.0/src/layouts/grid/lv_grid.c:233:13:calc	64	static
E:/ST/STM32/MY_workspace/Projects_F407/MY_OTA_GUI/lvgl-9.3.0/src/layouts/grid/lv_grid.c:464:13:item_repos	72	static
E:/ST/STM32/MY_workspace/Projects_F407/MY_OTA_GUI/lvgl-9.3.0/src/layouts/grid/lv_grid.c:187:13:grid_update	80	static
E:/ST/STM32/MY_workspace/Projects_F407/MY_OTA_GUI/lvgl-9.3.0/src/layouts/grid/lv_grid.c:144:6:lv_grid_init	0	static
E:/ST/STM32/MY_workspace/Projects_F407/MY_OTA_GUI/lvgl-9.3.0/src/layouts/grid/lv_grid.c:150:6:lv_obj_set_grid_dsc_array	16	static
E:/ST/STM32/MY_workspace/Projects_F407/MY_OTA_GUI/lvgl-9.3.0/src/layouts/grid/lv_grid.c:157:6:lv_obj_set_grid_align	16	static
E:/ST/STM32/MY_workspace/Projects_F407/MY_OTA_GUI/lvgl-9.3.0/src/layouts/grid/lv_grid.c:164:6:lv_obj_set_grid_cell	16	static
E:/ST/STM32/MY_workspace/Projects_F407/MY_OTA_GUI/lvgl-9.3.0/src/layouts/grid/lv_grid.c:178:9:lv_grid_fr	0	static
