E:/ST/STM32/MY_workspace/Projects_F407/MY_OTA_GUI/lvgl-8.3.0/src/misc/lv_color.h:374:24:lv_color_to32	0	static
E:/ST/STM32/MY_workspace/Projects_F407/MY_OTA_GUI/lvgl-8.3.0/src/misc/lv_color.h:438:48:lv_color_mix	0	static
E:/ST/STM32/MY_workspace/Projects_F407/MY_OTA_GUI/lvgl-8.3.0/src/misc/lv_color.c:36:28:lv_color_fill	0	static
E:/ST/STM32/MY_workspace/Projects_F407/MY_OTA_GUI/lvgl-8.3.0/src/misc/lv_color.c:126:12:lv_color_lighten	8	static
E:/ST/STM32/MY_workspace/Projects_F407/MY_OTA_GUI/lvgl-8.3.0/src/misc/lv_color.c:131:12:lv_color_darken	8	static
E:/ST/STM32/MY_workspace/Projects_F407/MY_OTA_GUI/lvgl-8.3.0/src/misc/lv_color.c:136:12:lv_color_change_lightness	8	static
E:/ST/STM32/MY_workspace/Projects_F407/MY_OTA_GUI/lvgl-8.3.0/src/misc/lv_color.c:151:12:lv_color_hsv_to_rgb	4	static
E:/ST/STM32/MY_workspace/Projects_F407/MY_OTA_GUI/lvgl-8.3.0/src/misc/lv_color.c:216:16:lv_color_rgb_to_hsv	32	static
E:/ST/STM32/MY_workspace/Projects_F407/MY_OTA_GUI/lvgl-8.3.0/src/misc/lv_color.c:267:16:lv_color_to_hsv	16	static
E:/ST/STM32/MY_workspace/Projects_F407/MY_OTA_GUI/lvgl-8.3.0/src/misc/lv_color.c:274:12:lv_palette_main	16	static
E:/ST/STM32/MY_workspace/Projects_F407/MY_OTA_GUI/lvgl-8.3.0/src/misc/lv_color.c:293:12:lv_palette_lighten	16	static
E:/ST/STM32/MY_workspace/Projects_F407/MY_OTA_GUI/lvgl-8.3.0/src/misc/lv_color.c:332:12:lv_palette_darken	16	static
