E:/ST/STM32/MY_workspace/Projects_F407/MY_OTA_GUI/lvgl-8.3.0/src/misc/lv_lru.c:266:17:lv_lru_hash	4	static
E:/ST/STM32/MY_workspace/Projects_F407/MY_OTA_GUI/lvgl-8.3.0/src/misc/lv_lru.c:331:24:lv_lru_pop_or_create_item	8	static
E:/ST/STM32/MY_workspace/Projects_F407/MY_OTA_GUI/lvgl-8.3.0/src/misc/lv_lru.c:311:13:lv_lru_remove_item	16	static
E:/ST/STM32/MY_workspace/Projects_F407/MY_OTA_GUI/lvgl-8.3.0/src/misc/lv_lru.c:301:12:lv_lru_cmp_keys	8	static
E:/ST/STM32/MY_workspace/Projects_F407/MY_OTA_GUI/lvgl-8.3.0/src/misc/lv_lru.c:73:12:lv_lru_create	32	static
E:/ST/STM32/MY_workspace/Projects_F407/MY_OTA_GUI/lvgl-8.3.0/src/misc/lv_lru.c:102:6:lv_lru_del	24	static
E:/ST/STM32/MY_workspace/Projects_F407/MY_OTA_GUI/lvgl-8.3.0/src/misc/lv_lru.c:189:14:lv_lru_get	24	static
E:/ST/STM32/MY_workspace/Projects_F407/MY_OTA_GUI/lvgl-8.3.0/src/misc/lv_lru.c:212:14:lv_lru_remove	32	static
E:/ST/STM32/MY_workspace/Projects_F407/MY_OTA_GUI/lvgl-8.3.0/src/misc/lv_lru.c:234:6:lv_lru_remove_lru_item	32	static
E:/ST/STM32/MY_workspace/Projects_F407/MY_OTA_GUI/lvgl-8.3.0/src/misc/lv_lru.c:137:14:lv_lru_set	40	static
