E:/ST/STM32/MY_workspace/Projects_F407/MY_OTA_GUI/lvgl-8.3.0/src/misc/lv_mem.c:550:13:lv_mem_walker	0	static
E:/ST/STM32/MY_workspace/Projects_F407/MY_OTA_GUI/lvgl-8.3.0/src/misc/lv_mem.c:86:6:lv_mem_init	8	static
E:/ST/STM32/MY_workspace/Projects_F407/MY_OTA_GUI/lvgl-8.3.0/src/misc/lv_mem.c:112:6:lv_mem_deinit	8	static
E:/ST/STM32/MY_workspace/Projects_F407/MY_OTA_GUI/lvgl-8.3.0/src/misc/lv_mem.c:125:8:lv_mem_alloc	8	static
E:/ST/STM32/MY_workspace/Projects_F407/MY_OTA_GUI/lvgl-8.3.0/src/misc/lv_mem.c:169:6:lv_mem_free	8	static
E:/ST/STM32/MY_workspace/Projects_F407/MY_OTA_GUI/lvgl-8.3.0/src/misc/lv_mem.c:194:8:lv_mem_realloc	16	static
E:/ST/STM32/MY_workspace/Projects_F407/MY_OTA_GUI/lvgl-8.3.0/src/misc/lv_mem.c:219:10:lv_mem_test	16	static
E:/ST/STM32/MY_workspace/Projects_F407/MY_OTA_GUI/lvgl-8.3.0/src/misc/lv_mem.c:275:8:lv_mem_buf_get	32	static
E:/ST/STM32/MY_workspace/Projects_F407/MY_OTA_GUI/lvgl-8.3.0/src/misc/lv_mem.c:331:6:lv_mem_buf_release	16	static
E:/ST/STM32/MY_workspace/Projects_F407/MY_OTA_GUI/lvgl-8.3.0/src/misc/lv_mem.c:348:6:lv_mem_buf_free_all	8	static
E:/ST/STM32/MY_workspace/Projects_F407/MY_OTA_GUI/lvgl-8.3.0/src/misc/lv_mem.c:367:30:lv_memcpy	4	static
E:/ST/STM32/MY_workspace/Projects_F407/MY_OTA_GUI/lvgl-8.3.0/src/misc/lv_mem.c:429:28:lv_memset	0	static
E:/ST/STM32/MY_workspace/Projects_F407/MY_OTA_GUI/lvgl-8.3.0/src/misc/lv_mem.c:246:6:lv_mem_monitor	8	static
E:/ST/STM32/MY_workspace/Projects_F407/MY_OTA_GUI/lvgl-8.3.0/src/misc/lv_mem.c:472:28:lv_memset_00	0	static
E:/ST/STM32/MY_workspace/Projects_F407/MY_OTA_GUI/lvgl-8.3.0/src/misc/lv_mem.c:510:28:lv_memset_ff	0	static
