E:/ST/STM32/MY_workspace/Projects_F407/MY_OTA_GUI/lvgl-8.3.0/src/extra/libs/qrcode/qrcodegen.c:397:18:finiteFieldMultiply	4	static
E:/ST/STM32/MY_workspace/Projects_F407/MY_OTA_GUI/lvgl-8.3.0/src/extra/libs/qrcode/qrcodegen.c:545:14:getAlignmentPatternPositions	4	static
E:/ST/STM32/MY_workspace/Projects_F407/MY_OTA_GUI/lvgl-8.3.0/src/extra/libs/qrcode/qrcodegen.c:726:13:hasFinderLikePattern	0	static
E:/ST/STM32/MY_workspace/Projects_F407/MY_OTA_GUI/lvgl-8.3.0/src/extra/libs/qrcode/qrcodegen.c:788:13:getBit	0	static
E:/ST/STM32/MY_workspace/Projects_F407/MY_OTA_GUI/lvgl-8.3.0/src/extra/libs/qrcode/qrcodegen.c:836:14:calcSegmentBitLength	16	static
E:/ST/STM32/MY_workspace/Projects_F407/MY_OTA_GUI/lvgl-8.3.0/src/extra/libs/qrcode/qrcodegen.c:999:12:numCharCountBits	16	static
E:/ST/STM32/MY_workspace/Projects_F407/MY_OTA_GUI/lvgl-8.3.0/src/extra/libs/qrcode/qrcodegen.c:976:14:getTotalBits	40	static
E:/ST/STM32/MY_workspace/Projects_F407/MY_OTA_GUI/lvgl-8.3.0/src/extra/libs/qrcode/qrcodegen.c:184:15:appendBitsToBuffer	24	static
E:/ST/STM32/MY_workspace/Projects_F407/MY_OTA_GUI/lvgl-8.3.0/src/extra/libs/qrcode/qrcodegen.c:336:14:getNumRawDataModules	16	static
E:/ST/STM32/MY_workspace/Projects_F407/MY_OTA_GUI/lvgl-8.3.0/src/extra/libs/qrcode/qrcodegen.c:324:14:getNumDataCodewords	24	static
E:/ST/STM32/MY_workspace/Projects_F407/MY_OTA_GUI/lvgl-8.3.0/src/extra/libs/qrcode/qrcodegen.c:757:15:getModule	16	static
E:/ST/STM32/MY_workspace/Projects_F407/MY_OTA_GUI/lvgl-8.3.0/src/extra/libs/qrcode/qrcodegen.c:766:15:setModule	16	static
E:/ST/STM32/MY_workspace/Projects_F407/MY_OTA_GUI/lvgl-8.3.0/src/extra/libs/qrcode/qrcodegen.c:780:15:setModuleBounded	8	static
E:/ST/STM32/MY_workspace/Projects_F407/MY_OTA_GUI/lvgl-8.3.0/src/extra/libs/qrcode/qrcodegen.c:559:13:fillRectangle	32	static
E:/ST/STM32/MY_workspace/Projects_F407/MY_OTA_GUI/lvgl-8.3.0/src/extra/libs/qrcode/qrcodegen.c:353:15:calcReedSolomonGenerator	40	static
E:/ST/STM32/MY_workspace/Projects_F407/MY_OTA_GUI/lvgl-8.3.0/src/extra/libs/qrcode/qrcodegen.c:413:15:initializeFunctionModules	48	static
E:/ST/STM32/MY_workspace/Projects_F407/MY_OTA_GUI/lvgl-8.3.0/src/extra/libs/qrcode/qrcodegen.c:377:15:calcReedSolomonRemainder	56	static
E:/ST/STM32/MY_workspace/Projects_F407/MY_OTA_GUI/lvgl-8.3.0/src/extra/libs/qrcode/qrcodegen.c:291:15:addEccAndInterleave	96	static
E:/ST/STM32/MY_workspace/Projects_F407/MY_OTA_GUI/lvgl-8.3.0/src/extra/libs/qrcode/qrcodegen.c:717:13:addRunToHistory	16	static
E:/ST/STM32/MY_workspace/Projects_F407/MY_OTA_GUI/lvgl-8.3.0/src/extra/libs/qrcode/qrcodegen.c:739:5:qrcodegen_getSize	16	static
E:/ST/STM32/MY_workspace/Projects_F407/MY_OTA_GUI/lvgl-8.3.0/src/extra/libs/qrcode/qrcodegen.c:572:13:drawCodewords	64	static
E:/ST/STM32/MY_workspace/Projects_F407/MY_OTA_GUI/lvgl-8.3.0/src/extra/libs/qrcode/qrcodegen.c:450:13:drawWhiteFunctionModules	56	static
E:/ST/STM32/MY_workspace/Projects_F407/MY_OTA_GUI/lvgl-8.3.0/src/extra/libs/qrcode/qrcodegen.c:631:13:getPenaltyScore	56	static
E:/ST/STM32/MY_workspace/Projects_F407/MY_OTA_GUI/lvgl-8.3.0/src/extra/libs/qrcode/qrcodegen.c:603:13:applyMask	40	static
E:/ST/STM32/MY_workspace/Projects_F407/MY_OTA_GUI/lvgl-8.3.0/src/extra/libs/qrcode/qrcodegen.c:511:13:drawFormatBits	32	static
E:/ST/STM32/MY_workspace/Projects_F407/MY_OTA_GUI/lvgl-8.3.0/src/extra/libs/qrcode/qrcodegen.c:203:6:qrcodegen_encodeSegmentsAdvanced	72	static
E:/ST/STM32/MY_workspace/Projects_F407/MY_OTA_GUI/lvgl-8.3.0/src/extra/libs/qrcode/qrcodegen.c:166:6:qrcodegen_encodeBinary	64	static
E:/ST/STM32/MY_workspace/Projects_F407/MY_OTA_GUI/lvgl-8.3.0/src/extra/libs/qrcode/qrcodegen.c:195:6:qrcodegen_encodeSegments	32	static
E:/ST/STM32/MY_workspace/Projects_F407/MY_OTA_GUI/lvgl-8.3.0/src/extra/libs/qrcode/qrcodegen.c:749:6:qrcodegen_getModule	16	static
E:/ST/STM32/MY_workspace/Projects_F407/MY_OTA_GUI/lvgl-8.3.0/src/extra/libs/qrcode/qrcodegen.c:797:6:qrcodegen_isAlphanumeric	16	static
E:/ST/STM32/MY_workspace/Projects_F407/MY_OTA_GUI/lvgl-8.3.0/src/extra/libs/qrcode/qrcodegen.c:808:6:qrcodegen_isNumeric	16	static
E:/ST/STM32/MY_workspace/Projects_F407/MY_OTA_GUI/lvgl-8.3.0/src/extra/libs/qrcode/qrcodegen.c:819:8:qrcodegen_calcSegmentBufferSize	16	static
E:/ST/STM32/MY_workspace/Projects_F407/MY_OTA_GUI/lvgl-8.3.0/src/extra/libs/qrcode/qrcodegen.c:863:26:qrcodegen_makeBytes	32	static
E:/ST/STM32/MY_workspace/Projects_F407/MY_OTA_GUI/lvgl-8.3.0/src/extra/libs/qrcode/qrcodegen.c:878:26:qrcodegen_makeNumeric	48	static
E:/ST/STM32/MY_workspace/Projects_F407/MY_OTA_GUI/lvgl-8.3.0/src/extra/libs/qrcode/qrcodegen.c:912:26:qrcodegen_makeAlphanumeric	56	static
E:/ST/STM32/MY_workspace/Projects_F407/MY_OTA_GUI/lvgl-8.3.0/src/extra/libs/qrcode/qrcodegen.c:128:6:qrcodegen_encodeText	96	static
E:/ST/STM32/MY_workspace/Projects_F407/MY_OTA_GUI/lvgl-8.3.0/src/extra/libs/qrcode/qrcodegen.c:946:26:qrcodegen_makeEci	48	static
E:/ST/STM32/MY_workspace/Projects_F407/MY_OTA_GUI/lvgl-8.3.0/src/extra/libs/qrcode/qrcodegen.c:1012:5:qrcodegen_getMinFitVersion	32	static
E:/ST/STM32/MY_workspace/Projects_F407/MY_OTA_GUI/lvgl-8.3.0/src/extra/libs/qrcode/qrcodegen.c:1028:5:qrcodegen_version2size	0	static
