E:/ST/STM32/MY_workspace/Projects_F407/MY_OTA_GUI/lvgl-9.3.0/src/misc/lv_anim_timeline.c:297:16:anim_timeline_path_cb	16	static
E:/ST/STM32/MY_workspace/Projects_F407/MY_OTA_GUI/lvgl-9.3.0/src/misc/lv_anim_timeline.c:201:13:anim_timeline_set_act_time	48	static
E:/ST/STM32/MY_workspace/Projects_F407/MY_OTA_GUI/lvgl-9.3.0/src/misc/lv_anim_timeline.c:303:13:anim_timeline_exec_cb	8	static
E:/ST/STM32/MY_workspace/Projects_F407/MY_OTA_GUI/lvgl-9.3.0/src/misc/lv_anim_timeline.c:59:22:lv_anim_timeline_create	8	static
E:/ST/STM32/MY_workspace/Projects_F407/MY_OTA_GUI/lvgl-9.3.0/src/misc/lv_anim_timeline.c:76:6:lv_anim_timeline_add	24	static
E:/ST/STM32/MY_workspace/Projects_F407/MY_OTA_GUI/lvgl-9.3.0/src/misc/lv_anim_timeline.c:120:6:lv_anim_timeline_pause	8	static
E:/ST/STM32/MY_workspace/Projects_F407/MY_OTA_GUI/lvgl-9.3.0/src/misc/lv_anim_timeline.c:66:6:lv_anim_timeline_delete	8	static
E:/ST/STM32/MY_workspace/Projects_F407/MY_OTA_GUI/lvgl-9.3.0/src/misc/lv_anim_timeline.c:127:6:lv_anim_timeline_set_reverse	0	static
E:/ST/STM32/MY_workspace/Projects_F407/MY_OTA_GUI/lvgl-9.3.0/src/misc/lv_anim_timeline.c:133:6:lv_anim_timeline_set_repeat_count	0	static
E:/ST/STM32/MY_workspace/Projects_F407/MY_OTA_GUI/lvgl-9.3.0/src/misc/lv_anim_timeline.c:139:6:lv_anim_timeline_set_repeat_delay	0	static
E:/ST/STM32/MY_workspace/Projects_F407/MY_OTA_GUI/lvgl-9.3.0/src/misc/lv_anim_timeline.c:154:10:lv_anim_timeline_get_playtime	24	static
E:/ST/STM32/MY_workspace/Projects_F407/MY_OTA_GUI/lvgl-9.3.0/src/misc/lv_anim_timeline.c:89:10:lv_anim_timeline_start	136	static
E:/ST/STM32/MY_workspace/Projects_F407/MY_OTA_GUI/lvgl-9.3.0/src/misc/lv_anim_timeline.c:145:6:lv_anim_timeline_set_progress	24	static
E:/ST/STM32/MY_workspace/Projects_F407/MY_OTA_GUI/lvgl-9.3.0/src/misc/lv_anim_timeline.c:172:6:lv_anim_timeline_get_reverse	0	static
E:/ST/STM32/MY_workspace/Projects_F407/MY_OTA_GUI/lvgl-9.3.0/src/misc/lv_anim_timeline.c:178:10:lv_anim_timeline_get_progress	16	static
E:/ST/STM32/MY_workspace/Projects_F407/MY_OTA_GUI/lvgl-9.3.0/src/misc/lv_anim_timeline.c:185:10:lv_anim_timeline_get_repeat_count	0	static
E:/ST/STM32/MY_workspace/Projects_F407/MY_OTA_GUI/lvgl-9.3.0/src/misc/lv_anim_timeline.c:191:10:lv_anim_timeline_get_repeat_delay	0	static
