E:/ST/STM32/MY_workspace/Projects_F407/MY_OTA_GUI/lvgl-9.3.0/src/misc/lv_color_op.c:36:34:lv_color_mix	16	static
E:/ST/STM32/MY_workspace/Projects_F407/MY_OTA_GUI/lvgl-9.3.0/src/misc/lv_color_op.c:46:14:lv_color_mix32	16	static
E:/ST/STM32/MY_workspace/Projects_F407/MY_OTA_GUI/lvgl-9.3.0/src/misc/lv_color_op.c:61:14:lv_color_mix32_premultiplied	16	static
E:/ST/STM32/MY_workspace/Projects_F407/MY_OTA_GUI/lvgl-9.3.0/src/misc/lv_color_op.c:80:9:lv_color_brightness	8	static
E:/ST/STM32/MY_workspace/Projects_F407/MY_OTA_GUI/lvgl-9.3.0/src/misc/lv_color_op.c:86:6:lv_color_filter_dsc_init	0	static
E:/ST/STM32/MY_workspace/Projects_F407/MY_OTA_GUI/lvgl-9.3.0/src/misc/lv_color_op.c:91:14:lv_color_over32	24	static
