E:/ST/STM32/MY_workspace/Projects_F407/MY_OTA_GUI/lvgl-9.3.0/src/misc/lv_style.h:467:30:lv_style_get_prop_inlined	8	static
E:/ST/STM32/MY_workspace/Projects_F407/MY_OTA_GUI/lvgl-9.3.0/src/misc/lv_style.c:178:6:lv_style_init	8	static
E:/ST/STM32/MY_workspace/Projects_F407/MY_OTA_GUI/lvgl-9.3.0/src/misc/lv_style.c:192:6:lv_style_reset	8	static
E:/ST/STM32/MY_workspace/Projects_F407/MY_OTA_GUI/lvgl-9.3.0/src/misc/lv_style.c:233:17:lv_style_register_prop	16	static
E:/ST/STM32/MY_workspace/Projects_F407/MY_OTA_GUI/lvgl-9.3.0/src/misc/lv_style.c:269:17:lv_style_get_num_custom_props	0	static
E:/ST/STM32/MY_workspace/Projects_F407/MY_OTA_GUI/lvgl-9.3.0/src/misc/lv_style.c:274:6:lv_style_remove_prop	24	static
E:/ST/STM32/MY_workspace/Projects_F407/MY_OTA_GUI/lvgl-9.3.0/src/misc/lv_style.c:327:6:lv_style_set_prop	24	static
E:/ST/STM32/MY_workspace/Projects_F407/MY_OTA_GUI/lvgl-9.3.0/src/misc/lv_style.c:204:6:lv_style_copy	24	static
E:/ST/STM32/MY_workspace/Projects_F407/MY_OTA_GUI/lvgl-9.3.0/src/misc/lv_style.c:382:16:lv_style_get_prop	8	static
E:/ST/STM32/MY_workspace/Projects_F407/MY_OTA_GUI/lvgl-9.3.0/src/misc/lv_style.c:387:6:lv_style_transition_dsc_init	24	static
E:/ST/STM32/MY_workspace/Projects_F407/MY_OTA_GUI/lvgl-9.3.0/src/misc/lv_style.c:398:18:lv_style_prop_get_default	8	static
E:/ST/STM32/MY_workspace/Projects_F407/MY_OTA_GUI/lvgl-9.3.0/src/misc/lv_style.c:467:6:lv_style_is_empty	0	static
E:/ST/STM32/MY_workspace/Projects_F407/MY_OTA_GUI/lvgl-9.3.0/src/misc/lv_style.c:474:9:lv_style_prop_lookup_flags	0	static
