E:/ST/STM32/MY_workspace/Projects_F407/MY_OTA_GUI/lvgl-9.3.0/src/draw/sw/blend/lv_draw_sw_blend_to_rgb565.c:1279:46:lv_color_24_16_mix_premult	4	static
E:/ST/STM32/MY_workspace/Projects_F407/MY_OTA_GUI/lvgl-9.3.0/src/draw/sw/blend/lv_draw_sw_blend_to_rgb565.c:1451:46:lv_color_8_16_mix	8	static
E:/ST/STM32/MY_workspace/Projects_F407/MY_OTA_GUI/lvgl-9.3.0/src/draw/sw/blend/lv_draw_sw_blend_to_rgb565.c:1469:46:lv_color_24_16_mix	8	static
E:/ST/STM32/MY_workspace/Projects_F407/MY_OTA_GUI/lvgl-9.3.0/src/draw/sw/blend/lv_draw_sw_blend_to_rgb565.c:1040:35:rgb888_image_blend	64	static
E:/ST/STM32/MY_workspace/Projects_F407/MY_OTA_GUI/lvgl-9.3.0/src/draw/sw/blend/lv_draw_sw_blend_to_rgb565.c:1157:35:argb8888_image_blend	64	static
E:/ST/STM32/MY_workspace/Projects_F407/MY_OTA_GUI/lvgl-9.3.0/src/draw/sw/blend/lv_draw_sw_blend_to_rgb565.c:1298:35:argb8888_premultiplied_image_blend	72	static
E:/ST/STM32/MY_workspace/Projects_F407/MY_OTA_GUI/lvgl-9.3.0/src/draw/sw/blend/lv_draw_sw_blend_to_rgb565.c:685:35:l8_image_blend	64	static
E:/ST/STM32/MY_workspace/Projects_F407/MY_OTA_GUI/lvgl-9.3.0/src/draw/sw/blend/lv_draw_sw_blend_to_rgb565.c:562:35:al88_image_blend	64	static
E:/ST/STM32/MY_workspace/Projects_F407/MY_OTA_GUI/lvgl-9.3.0/src/draw/sw/blend/lv_draw_sw_blend_to_rgb565.c:442:35:i1_image_blend	64	static
E:/ST/STM32/MY_workspace/Projects_F407/MY_OTA_GUI/lvgl-9.3.0/src/draw/sw/blend/lv_draw_sw_blend_to_rgb565.c:803:35:rgb565_image_blend	56	static
E:/ST/STM32/MY_workspace/Projects_F407/MY_OTA_GUI/lvgl-9.3.0/src/draw/sw/blend/lv_draw_sw_blend_to_rgb565.c:917:35:rgb565_swapped_image_blend	72	static
E:/ST/STM32/MY_workspace/Projects_F407/MY_OTA_GUI/lvgl-9.3.0/src/draw/sw/blend/lv_draw_sw_blend_to_rgb565.c:237:28:lv_draw_sw_blend_color_to_rgb565	64	static
E:/ST/STM32/MY_workspace/Projects_F407/MY_OTA_GUI/lvgl-9.3.0/src/draw/sw/blend/lv_draw_sw_blend_to_rgb565.c:385:28:lv_draw_sw_blend_image_to_rgb565	8	static
