E:/ST/STM32/MY_workspace/Projects_F407/MY_OTA_GUI/lvgl-9.3.0/src/draw/sw/blend/lv_draw_sw_blend_to_l8.c:956:42:lv_color_8_8_mix	0	static
E:/ST/STM32/MY_workspace/Projects_F407/MY_OTA_GUI/lvgl-9.3.0/src/draw/sw/blend/lv_draw_sw_blend_to_l8.c:979:42:blend_non_normal_pixel	24	static
E:/ST/STM32/MY_workspace/Projects_F407/MY_OTA_GUI/lvgl-9.3.0/src/draw/sw/blend/lv_draw_sw_blend_to_l8.c:598:35:rgb565_image_blend	72	static
E:/ST/STM32/MY_workspace/Projects_F407/MY_OTA_GUI/lvgl-9.3.0/src/draw/sw/blend/lv_draw_sw_blend_to_l8.c:684:35:rgb565_image_blend_swapped	72	static
E:/ST/STM32/MY_workspace/Projects_F407/MY_OTA_GUI/lvgl-9.3.0/src/draw/sw/blend/lv_draw_sw_blend_to_l8.c:510:35:al88_image_blend	72	static
E:/ST/STM32/MY_workspace/Projects_F407/MY_OTA_GUI/lvgl-9.3.0/src/draw/sw/blend/lv_draw_sw_blend_to_l8.c:341:35:i1_image_blend	72	static
E:/ST/STM32/MY_workspace/Projects_F407/MY_OTA_GUI/lvgl-9.3.0/src/draw/sw/blend/lv_draw_sw_blend_to_l8.c:875:35:argb8888_image_blend	64	static
E:/ST/STM32/MY_workspace/Projects_F407/MY_OTA_GUI/lvgl-9.3.0/src/draw/sw/blend/lv_draw_sw_blend_to_l8.c:783:35:rgb888_image_blend	72	static
E:/ST/STM32/MY_workspace/Projects_F407/MY_OTA_GUI/lvgl-9.3.0/src/draw/sw/blend/lv_draw_sw_blend_to_l8.c:428:35:l8_image_blend	72	static
E:/ST/STM32/MY_workspace/Projects_F407/MY_OTA_GUI/lvgl-9.3.0/src/draw/sw/blend/lv_draw_sw_blend_to_l8.c:187:28:lv_draw_sw_blend_color_to_l8	48	static
E:/ST/STM32/MY_workspace/Projects_F407/MY_OTA_GUI/lvgl-9.3.0/src/draw/sw/blend/lv_draw_sw_blend_to_l8.c:289:28:lv_draw_sw_blend_image_to_l8	8	static
