E:/ST/STM32/MY_workspace/Projects_F407/MY_OTA_GUI/lvgl-9.3.0/src/draw/sw/blend/lv_draw_sw_blend_to_i1.c:1240:42:lv_color_8_8_mix	0	static
E:/ST/STM32/MY_workspace/Projects_F407/MY_OTA_GUI/lvgl-9.3.0/src/draw/sw/blend/lv_draw_sw_blend_to_i1.c:1207:42:blend_non_normal_pixel	40	static
E:/ST/STM32/MY_workspace/Projects_F407/MY_OTA_GUI/lvgl-9.3.0/src/draw/sw/blend/lv_draw_sw_blend_to_i1.c:963:35:rgb565_image_blend	80	static
E:/ST/STM32/MY_workspace/Projects_F407/MY_OTA_GUI/lvgl-9.3.0/src/draw/sw/blend/lv_draw_sw_blend_to_i1.c:1082:35:rgb565_swapped_image_blend	88	static
E:/ST/STM32/MY_workspace/Projects_F407/MY_OTA_GUI/lvgl-9.3.0/src/draw/sw/blend/lv_draw_sw_blend_to_i1.c:500:35:l8_image_blend	80	static
E:/ST/STM32/MY_workspace/Projects_F407/MY_OTA_GUI/lvgl-9.3.0/src/draw/sw/blend/lv_draw_sw_blend_to_i1.c:613:35:al88_image_blend	80	static
E:/ST/STM32/MY_workspace/Projects_F407/MY_OTA_GUI/lvgl-9.3.0/src/draw/sw/blend/lv_draw_sw_blend_to_i1.c:382:35:i1_image_blend	80	static
E:/ST/STM32/MY_workspace/Projects_F407/MY_OTA_GUI/lvgl-9.3.0/src/draw/sw/blend/lv_draw_sw_blend_to_i1.c:727:35:argb8888_image_blend	80	static
E:/ST/STM32/MY_workspace/Projects_F407/MY_OTA_GUI/lvgl-9.3.0/src/draw/sw/blend/lv_draw_sw_blend_to_i1.c:841:35:rgb888_image_blend	88	static
E:/ST/STM32/MY_workspace/Projects_F407/MY_OTA_GUI/lvgl-9.3.0/src/draw/sw/blend/lv_draw_sw_blend_to_i1.c:225:28:lv_draw_sw_blend_color_to_i1	64	static
E:/ST/STM32/MY_workspace/Projects_F407/MY_OTA_GUI/lvgl-9.3.0/src/draw/sw/blend/lv_draw_sw_blend_to_i1.c:331:28:lv_draw_sw_blend_image_to_i1	8	static
