E:/ST/STM32/MY_workspace/Projects_F407/MY_OTA_GUI/lvgl-9.3.0/src/draw/sw/blend/lv_draw_sw_blend_to_argb8888.c:1238:42:lv_color_8_32_mix	0	static
E:/ST/STM32/MY_workspace/Projects_F407/MY_OTA_GUI/lvgl-9.3.0/src/draw/sw/blend/lv_draw_sw_blend_to_argb8888.c:1297:6:lv_color_mix_with_alpha_cache_init	8	static
E:/ST/STM32/MY_workspace/Projects_F407/MY_OTA_GUI/lvgl-9.3.0/src/draw/sw/blend/lv_draw_sw_blend_to_argb8888.c:1257:50:lv_color_32_32_mix	24	static
E:/ST/STM32/MY_workspace/Projects_F407/MY_OTA_GUI/lvgl-9.3.0/src/draw/sw/blend/lv_draw_sw_blend_to_argb8888.c:1315:42:blend_non_normal_pixel	24	static
E:/ST/STM32/MY_workspace/Projects_F407/MY_OTA_GUI/lvgl-9.3.0/src/draw/sw/blend/lv_draw_sw_blend_to_argb8888.c:589:35:l8_image_blend	88	static
E:/ST/STM32/MY_workspace/Projects_F407/MY_OTA_GUI/lvgl-9.3.0/src/draw/sw/blend/lv_draw_sw_blend_to_argb8888.c:493:35:al88_image_blend	88	static
E:/ST/STM32/MY_workspace/Projects_F407/MY_OTA_GUI/lvgl-9.3.0/src/draw/sw/blend/lv_draw_sw_blend_to_argb8888.c:400:35:i1_image_blend	88	static
E:/ST/STM32/MY_workspace/Projects_F407/MY_OTA_GUI/lvgl-9.3.0/src/draw/sw/blend/lv_draw_sw_blend_to_argb8888.c:680:35:rgb565_image_blend	80	static
E:/ST/STM32/MY_workspace/Projects_F407/MY_OTA_GUI/lvgl-9.3.0/src/draw/sw/blend/lv_draw_sw_blend_to_argb8888.c:780:35:rgb565_swapped_image_blend	88	static
E:/ST/STM32/MY_workspace/Projects_F407/MY_OTA_GUI/lvgl-9.3.0/src/draw/sw/blend/lv_draw_sw_blend_to_argb8888.c:1097:35:argb8888_premultiplied_image_blend	88	static
E:/ST/STM32/MY_workspace/Projects_F407/MY_OTA_GUI/lvgl-9.3.0/src/draw/sw/blend/lv_draw_sw_blend_to_argb8888.c:1007:35:argb8888_image_blend	80	static
E:/ST/STM32/MY_workspace/Projects_F407/MY_OTA_GUI/lvgl-9.3.0/src/draw/sw/blend/lv_draw_sw_blend_to_argb8888.c:890:35:rgb888_image_blend	96	static
E:/ST/STM32/MY_workspace/Projects_F407/MY_OTA_GUI/lvgl-9.3.0/src/draw/sw/blend/lv_draw_sw_blend_to_argb8888.c:236:28:lv_draw_sw_blend_color_to_argb8888	72	static
E:/ST/STM32/MY_workspace/Projects_F407/MY_OTA_GUI/lvgl-9.3.0/src/draw/sw/blend/lv_draw_sw_blend_to_argb8888.c:343:28:lv_draw_sw_blend_image_to_argb8888	8	static
