E:/ST/STM32/MY_workspace/Projects_F407/MY_OTA_GUI/lvgl-8.3.0/src/hal/../draw/../misc/lv_color.h:599:26:lv_color_hex	0	static
E:/ST/STM32/MY_workspace/Projects_F407/MY_OTA_GUI/lvgl-8.3.0/src/core/lv_obj_style.h:205:20:lv_obj_set_style_pad_all	16	static
E:/ST/STM32/MY_workspace/Projects_F407/MY_OTA_GUI/Core/Src/app_ui.c:92:13:create_status_bar	24	static
E:/ST/STM32/MY_workspace/Projects_F407/MY_OTA_GUI/Core/Src/app_ui.c:140:13:create_gauge_section	16	static
E:/ST/STM32/MY_workspace/Projects_F407/MY_OTA_GUI/Core/Src/app_ui.c:190:13:create_data_panel	96	static
E:/ST/STM32/MY_workspace/Projects_F407/MY_OTA_GUI/Core/Src/app_ui.c:299:13:create_button_bar	24	static
E:/ST/STM32/MY_workspace/Projects_F407/MY_OTA_GUI/Core/Src/app_ui.c:518:13:btn_ota_cb	8	static
E:/ST/STM32/MY_workspace/Projects_F407/MY_OTA_GUI/Core/Src/app_ui.c:528:13:btn_info_cb	8	static
E:/ST/STM32/MY_workspace/Projects_F407/MY_OTA_GUI/Core/Src/app_ui.c:418:13:set_indicator_color	8	static
E:/ST/STM32/MY_workspace/Projects_F407/MY_OTA_GUI/Core/Src/app_ui.c:69:6:app_ui_create	16	static
E:/ST/STM32/MY_workspace/Projects_F407/MY_OTA_GUI/Core/Src/app_ui.c:344:6:app_ui_update_sensor	104	static
E:/ST/STM32/MY_workspace/Projects_F407/MY_OTA_GUI/Core/Src/app_ui.c:389:6:app_ui_update_time	72	static
E:/ST/STM32/MY_workspace/Projects_F407/MY_OTA_GUI/Core/Src/app_ui.c:398:6:app_ui_set_can_status	16	static
E:/ST/STM32/MY_workspace/Projects_F407/MY_OTA_GUI/Core/Src/app_ui.c:406:6:app_ui_set_ota_status	16	static
E:/ST/STM32/MY_workspace/Projects_F407/MY_OTA_GUI/Core/Src/app_ui.c:431:6:app_ui_set_indicator_light	16	static
E:/ST/STM32/MY_workspace/Projects_F407/MY_OTA_GUI/Core/Src/app_ui.c:440:6:app_ui_set_indicator_watertemp	16	static
E:/ST/STM32/MY_workspace/Projects_F407/MY_OTA_GUI/Core/Src/app_ui.c:449:6:app_ui_set_indicator_turnlight	16	static
E:/ST/STM32/MY_workspace/Projects_F407/MY_OTA_GUI/Core/Src/app_ui.c:470:13:sysmon_timer_cb	88	static
E:/ST/STM32/MY_workspace/Projects_F407/MY_OTA_GUI/Core/Src/app_ui.c:458:6:app_ui_set_indicator_safetybelt	16	static
