E:/ST/STM32/MY_workspace/Projects_F407/MY_OTA_GUI/lvgl-8.3.0/src/hal/../draw/../misc/lv_color.h:599:26:lv_color_hex	0	static
E:/ST/STM32/MY_workspace/Projects_F407/MY_OTA_GUI/Core/Src/app_ui.c:206:13:create_data_panel	24	static
E:/ST/STM32/MY_workspace/Projects_F407/MY_OTA_GUI/lvgl-8.3.0/src/core/lv_obj_style.h:205:20:lv_obj_set_style_pad_all	16	static
E:/ST/STM32/MY_workspace/Projects_F407/MY_OTA_GUI/Core/Src/app_ui.c:106:13:create_status_bar	24	static
E:/ST/STM32/MY_workspace/Projects_F407/MY_OTA_GUI/Core/Src/app_ui.c:156:13:create_gauge_section	16	static
E:/ST/STM32/MY_workspace/Projects_F407/MY_OTA_GUI/Core/Src/app_ui.c:251:13:create_button_bar	24	static
E:/ST/STM32/MY_workspace/Projects_F407/MY_OTA_GUI/Core/Src/app_ui.c:544:13:btn_clock_cb	8	static
E:/ST/STM32/MY_workspace/Projects_F407/MY_OTA_GUI/Core/Src/app_ui.c:538:13:btn_settings_cb	8	static
E:/ST/STM32/MY_workspace/Projects_F407/MY_OTA_GUI/Core/Src/app_ui.c:532:13:btn_mode_cb	8	static
E:/ST/STM32/MY_workspace/Projects_F407/MY_OTA_GUI/Core/Src/app_ui.c:553:13:btn_ota_cb	8	static
E:/ST/STM32/MY_workspace/Projects_F407/MY_OTA_GUI/Core/Src/app_ui.c:404:13:set_indicator_color	8	static
E:/ST/STM32/MY_workspace/Projects_F407/MY_OTA_GUI/Core/Src/app_ui.c:83:6:app_ui_create	24	static
E:/ST/STM32/MY_workspace/Projects_F407/MY_OTA_GUI/Core/Src/app_ui.c:321:6:app_ui_update_sensor	104	static
E:/ST/STM32/MY_workspace/Projects_F407/MY_OTA_GUI/Core/Src/app_ui.c:374:6:app_ui_update_time	88	static
E:/ST/STM32/MY_workspace/Projects_F407/MY_OTA_GUI/Core/Src/app_ui.c:384:6:app_ui_set_can_status	16	static
E:/ST/STM32/MY_workspace/Projects_F407/MY_OTA_GUI/Core/Src/app_ui.c:392:6:app_ui_set_ota_status	16	static
E:/ST/STM32/MY_workspace/Projects_F407/MY_OTA_GUI/Core/Src/app_ui.c:417:6:app_ui_set_indicator_light	16	static
E:/ST/STM32/MY_workspace/Projects_F407/MY_OTA_GUI/Core/Src/app_ui.c:426:6:app_ui_set_indicator_watertemp	16	static
E:/ST/STM32/MY_workspace/Projects_F407/MY_OTA_GUI/Core/Src/app_ui.c:435:6:app_ui_set_indicator_turnlight	16	static
E:/ST/STM32/MY_workspace/Projects_F407/MY_OTA_GUI/Core/Src/app_ui.c:456:13:sysmon_timer_cb	24	static
E:/ST/STM32/MY_workspace/Projects_F407/MY_OTA_GUI/Core/Src/app_ui.c:444:6:app_ui_set_indicator_safetybelt	16	static
E:/ST/STM32/MY_workspace/Projects_F407/MY_OTA_GUI/Core/Src/app_ui.c:504:9:ui_get_theme	0	static
E:/ST/STM32/MY_workspace/Projects_F407/MY_OTA_GUI/Core/Src/app_ui.c:509:6:ui_apply_theme	8	static
