E:/ST/STM32/MY_workspace/Projects_F407/MY_OTA_GUI/cmake/stm32cubemx/../../Drivers/CMSIS/Include/core_cm4.h:1938:34:__NVIC_SystemReset	0	static,ignoring_inline_asm
E:/ST/STM32/MY_workspace/Projects_F407/MY_OTA_GUI/Core/Src/freertos.c:163:6:StartDefaultTask	24	static
E:/ST/STM32/MY_workspace/Projects_F407/MY_OTA_GUI/lvgl-8.3.0/src/core/lv_disp.h:182:26:lv_scr_act	8	static
E:/ST/STM32/MY_workspace/Projects_F407/MY_OTA_GUI/Core/Src/freertos.c:45:13:backup_progress_cb	72	static
E:/ST/STM32/MY_workspace/Projects_F407/MY_OTA_GUI/Core/Src/freertos.c:205:6:StartGUITask	16	static
E:/ST/STM32/MY_workspace/Projects_F407/MY_OTA_GUI/Core/Src/freertos.c:297:6:StartTouchTask	8	static
E:/ST/STM32/MY_workspace/Projects_F407/MY_OTA_GUI/Core/Src/freertos.c:313:6:StartCanRxTask	32	static
E:/ST/STM32/MY_workspace/Projects_F407/MY_OTA_GUI/Core/Src/freertos.c:120:6:MX_FREERTOS_Init	8	static
