E:/ST/STM32/MY_workspace/Projects_F407/MY_OTA_GUI/Core/Src/main.c:67:5:_write	24	static
E:/ST/STM32/MY_workspace/Projects_F407/MY_OTA_GUI/Core/Src/main.c:78:5:main	8	static
E:/ST/STM32/MY_workspace/Projects_F407/MY_OTA_GUI/Core/Src/main.c:147:6:SystemClock_Config	88	static
E:/ST/STM32/MY_workspace/Projects_F407/MY_OTA_GUI/Core/Src/main.c:191:13:PrintSystemInfo	24	static
E:/ST/STM32/MY_workspace/Projects_F407/MY_OTA_GUI/Core/Src/main.c:220:6:HAL_TIM_PeriodElapsedCallback	16	static
E:/ST/STM32/MY_workspace/Projects_F407/MY_OTA_GUI/Core/Src/main.c:238:6:Error_Handler	4	static,ignoring_inline_asm
