E:/ST/STM32/MY_workspace/Projects_F407/MY_OTA_GUI/Core/Src/main.c:196:13:PrintSystemInfo	32	static
E:/ST/STM32/MY_workspace/Projects_F407/MY_OTA_GUI/Core/Src/main.c:72:5:_write	8	static
E:/ST/STM32/MY_workspace/Projects_F407/MY_OTA_GUI/Core/Src/main.c:225:6:HAL_TIM_PeriodElapsedCallback	8	static
E:/ST/STM32/MY_workspace/Projects_F407/MY_OTA_GUI/Core/Src/main.c:243:6:Error_Handler	0	static,ignoring_inline_asm
E:/ST/STM32/MY_workspace/Projects_F407/MY_OTA_GUI/Core/Src/main.c:152:6:SystemClock_Config	88	static
E:/ST/STM32/MY_workspace/Projects_F407/MY_OTA_GUI/Core/Src/main.c:83:5:main	8	static
