E:/ST/STM32/MY_workspace/Projects_F407/MY_OTA_GUI/Core/Src/nt35510.c:37:13:nt35510_delay_us	8	static,ignoring_inline_asm
E:/ST/STM32/MY_workspace/Projects_F407/MY_OTA_GUI/Core/Src/nt35510.c:330:6:NT35510_SetDir	0	static
E:/ST/STM32/MY_workspace/Projects_F407/MY_OTA_GUI/Core/Src/nt35510.c:294:6:NT35510_Init	8	static
E:/ST/STM32/MY_workspace/Projects_F407/MY_OTA_GUI/Core/Src/nt35510.c:354:6:NT35510_SetWindow	4	static
E:/ST/STM32/MY_workspace/Projects_F407/MY_OTA_GUI/Core/Src/nt35510.c:376:6:NT35510_WritePixel	0	static
E:/ST/STM32/MY_workspace/Projects_F407/MY_OTA_GUI/Core/Src/nt35510.c:386:6:NT35510_DrawPixel	8	static
E:/ST/STM32/MY_workspace/Projects_F407/MY_OTA_GUI/Core/Src/nt35510.c:397:10:NT35510_ReadPixel	8	static
E:/ST/STM32/MY_workspace/Projects_F407/MY_OTA_GUI/Core/Src/nt35510.c:429:6:NT35510_Clear	16	static
E:/ST/STM32/MY_workspace/Projects_F407/MY_OTA_GUI/Core/Src/nt35510.c:446:6:NT35510_Fill	16	static
E:/ST/STM32/MY_workspace/Projects_F407/MY_OTA_GUI/Core/Src/nt35510.c:462:10:NT35510_GetWidth	0	static
E:/ST/STM32/MY_workspace/Projects_F407/MY_OTA_GUI/Core/Src/nt35510.c:470:10:NT35510_GetHeight	0	static
