E:/ST/STM32/MY_workspace/Projects_F407/MY_OTA_GUI/Core/Src/stm32f4xx_it.c:58:6:HAL_UART_RxCpltCallback	0	static
E:/ST/STM32/MY_workspace/Projects_F407/MY_OTA_GUI/Core/Src/stm32f4xx_it.c:80:6:NMI_Handler	0	static
E:/ST/STM32/MY_workspace/Projects_F407/MY_OTA_GUI/Core/Src/stm32f4xx_it.c:95:6:HardFault_Handler	0	static
E:/ST/STM32/MY_workspace/Projects_F407/MY_OTA_GUI/Core/Src/stm32f4xx_it.c:110:6:MemManage_Handler	0	static
E:/ST/STM32/MY_workspace/Projects_F407/MY_OTA_GUI/Core/Src/stm32f4xx_it.c:125:6:BusFault_Handler	0	static
E:/ST/STM32/MY_workspace/Projects_F407/MY_OTA_GUI/Core/Src/stm32f4xx_it.c:140:6:UsageFault_Handler	0	static
E:/ST/STM32/MY_workspace/Projects_F407/MY_OTA_GUI/Core/Src/stm32f4xx_it.c:155:6:DebugMon_Handler	0	static
E:/ST/STM32/MY_workspace/Projects_F407/MY_OTA_GUI/Core/Src/stm32f4xx_it.c:179:6:EXTI9_5_IRQHandler	0	static
E:/ST/STM32/MY_workspace/Projects_F407/MY_OTA_GUI/Core/Src/stm32f4xx_it.c:210:6:TIM3_IRQHandler	8	static
E:/ST/STM32/MY_workspace/Projects_F407/MY_OTA_GUI/Core/Src/stm32f4xx_it.c:224:6:USART1_IRQHandler	8	static
