E:/ST/STM32/MY_workspace/Projects_F407/MY_OTA_GUI/Core/Src/stm32f4xx_it.c:55:6:HAL_UART_RxCpltCallback	0	static
E:/ST/STM32/MY_workspace/Projects_F407/MY_OTA_GUI/Core/Src/stm32f4xx_it.c:78:6:NMI_Handler	0	static
E:/ST/STM32/MY_workspace/Projects_F407/MY_OTA_GUI/Core/Src/stm32f4xx_it.c:93:6:HardFault_Handler	0	static
E:/ST/STM32/MY_workspace/Projects_F407/MY_OTA_GUI/Core/Src/stm32f4xx_it.c:108:6:MemManage_Handler	0	static
E:/ST/STM32/MY_workspace/Projects_F407/MY_OTA_GUI/Core/Src/stm32f4xx_it.c:123:6:BusFault_Handler	0	static
E:/ST/STM32/MY_workspace/Projects_F407/MY_OTA_GUI/Core/Src/stm32f4xx_it.c:138:6:UsageFault_Handler	0	static
E:/ST/STM32/MY_workspace/Projects_F407/MY_OTA_GUI/Core/Src/stm32f4xx_it.c:153:6:DebugMon_Handler	0	static
E:/ST/STM32/MY_workspace/Projects_F407/MY_OTA_GUI/Core/Src/stm32f4xx_it.c:173:6:TIM3_IRQHandler	8	static
E:/ST/STM32/MY_workspace/Projects_F407/MY_OTA_GUI/Core/Src/stm32f4xx_it.c:187:6:USART1_IRQHandler	8	static
