E:/ST/STM32/MY_workspace/Projects_F407/MY_OTA_GUI/lvgl-8.3.0/src/draw/sw/../../misc/lv_color.h:374:24:lv_color_to32	0	static
E:/ST/STM32/MY_workspace/Projects_F407/MY_OTA_GUI/lvgl-8.3.0/src/draw/sw/lv_draw_sw_gradient.c:64:17:compute_key	0	static
E:/ST/STM32/MY_workspace/Projects_F407/MY_OTA_GUI/lvgl-8.3.0/src/draw/sw/lv_draw_sw_gradient.c:71:15:get_cache_item_size	0	static
E:/ST/STM32/MY_workspace/Projects_F407/MY_OTA_GUI/lvgl-8.3.0/src/draw/sw/lv_draw_sw_gradient.c:83:20:next_in_cache	8	static
E:/ST/STM32/MY_workspace/Projects_F407/MY_OTA_GUI/lvgl-8.3.0/src/draw/sw/lv_draw_sw_gradient.c:96:17:iterate_cache	24	static
E:/ST/STM32/MY_workspace/Projects_F407/MY_OTA_GUI/lvgl-8.3.0/src/draw/sw/lv_draw_sw_gradient.c:109:17:find_oldest_item_life	0	static
E:/ST/STM32/MY_workspace/Projects_F407/MY_OTA_GUI/lvgl-8.3.0/src/draw/sw/lv_draw_sw_gradient.c:150:17:find_item	0	static
E:/ST/STM32/MY_workspace/Projects_F407/MY_OTA_GUI/lvgl-8.3.0/src/draw/sw/lv_draw_sw_gradient.c:157:20:allocate_item	40	static
E:/ST/STM32/MY_workspace/Projects_F407/MY_OTA_GUI/lvgl-8.3.0/src/draw/sw/lv_draw_sw_gradient.c:116:13:free_item	24	static
E:/ST/STM32/MY_workspace/Projects_F407/MY_OTA_GUI/lvgl-8.3.0/src/draw/sw/lv_draw_sw_gradient.c:139:17:kill_oldest_item	8	static
E:/ST/STM32/MY_workspace/Projects_F407/MY_OTA_GUI/lvgl-8.3.0/src/draw/sw/lv_draw_sw_gradient.c:233:6:lv_gradient_free_cache	8	static
E:/ST/STM32/MY_workspace/Projects_F407/MY_OTA_GUI/lvgl-8.3.0/src/draw/sw/lv_draw_sw_gradient.c:240:6:lv_gradient_set_cache_size	16	static
E:/ST/STM32/MY_workspace/Projects_F407/MY_OTA_GUI/lvgl-8.3.0/src/draw/sw/lv_draw_sw_gradient.c:294:39:lv_gradient_calculate	40	static
E:/ST/STM32/MY_workspace/Projects_F407/MY_OTA_GUI/lvgl-8.3.0/src/draw/sw/lv_draw_sw_gradient.c:249:13:lv_gradient_get	32	static
E:/ST/STM32/MY_workspace/Projects_F407/MY_OTA_GUI/lvgl-8.3.0/src/draw/sw/lv_draw_sw_gradient.c:339:6:lv_gradient_cleanup	8	static
