E:/ST/STM32/MY_workspace/Projects_F407/MY_OTA_GUI/lvgl-8.3.0/src/draw/sw/../../misc/lv_color.h:438:48:lv_color_mix	0	static
E:/ST/STM32/MY_workspace/Projects_F407/MY_OTA_GUI/lvgl-8.3.0/src/draw/sw/lv_draw_sw_transform.c:203:13:argb_no_aa	48	static
E:/ST/STM32/MY_workspace/Projects_F407/MY_OTA_GUI/lvgl-8.3.0/src/draw/sw/lv_draw_sw_transform.c:237:13:rgb565a8_no_aa	36	static
E:/ST/STM32/MY_workspace/Projects_F407/MY_OTA_GUI/lvgl-8.3.0/src/draw/sw/lv_draw_sw_transform.c:467:13:transform_point_upscaled	8	static
E:/ST/STM32/MY_workspace/Projects_F407/MY_OTA_GUI/lvgl-8.3.0/src/draw/sw/lv_draw_sw_transform.c:267:13:argb_and_rgb_aa	96	static
E:/ST/STM32/MY_workspace/Projects_F407/MY_OTA_GUI/lvgl-8.3.0/src/draw/sw/lv_draw_sw_transform.c:160:13:rgb_no_aa	56	static
E:/ST/STM32/MY_workspace/Projects_F407/MY_OTA_GUI/lvgl-8.3.0/src/draw/sw/lv_draw_sw_transform.c:80:6:lv_draw_sw_transform	168	static
