E:/ST/STM32/MY_workspace/Projects_F407/MY_OTA_GUI/lvgl-8.3.0/src/draw/sw/../../misc/lv_color.h:438:48:lv_color_mix	0	static
E:/ST/STM32/MY_workspace/Projects_F407/MY_OTA_GUI/lvgl-8.3.0/src/draw/sw/../../misc/lv_color.h:499:48:lv_color_mix_premult	8	static
E:/ST/STM32/MY_workspace/Projects_F407/MY_OTA_GUI/lvgl-8.3.0/src/draw/sw/lv_draw_sw_blend.c:950:26:color_blend_true_color_additive	8	static
E:/ST/STM32/MY_workspace/Projects_F407/MY_OTA_GUI/lvgl-8.3.0/src/draw/sw/lv_draw_sw_blend.c:1003:26:color_blend_true_color_subtractive	8	static
E:/ST/STM32/MY_workspace/Projects_F407/MY_OTA_GUI/lvgl-8.3.0/src/draw/sw/lv_draw_sw_blend.c:1029:26:color_blend_true_color_multiply	8	static
E:/ST/STM32/MY_workspace/Projects_F407/MY_OTA_GUI/lvgl-8.3.0/src/draw/sw/lv_draw_sw_blend.c:210:13:fill_set_px	80	static
E:/ST/STM32/MY_workspace/Projects_F407/MY_OTA_GUI/lvgl-8.3.0/src/draw/sw/lv_draw_sw_blend.c:605:13:map_set_px	80	static
E:/ST/STM32/MY_workspace/Projects_F407/MY_OTA_GUI/lvgl-8.3.0/src/draw/sw/lv_draw_sw_blend.c:242:35:fill_normal	64	static
E:/ST/STM32/MY_workspace/Projects_F407/MY_OTA_GUI/lvgl-8.3.0/src/draw/sw/lv_draw_sw_blend.c:641:35:map_normal	64	static
E:/ST/STM32/MY_workspace/Projects_F407/MY_OTA_GUI/lvgl-8.3.0/src/draw/sw/lv_draw_sw_blend.c:534:13:fill_blended	72	static
E:/ST/STM32/MY_workspace/Projects_F407/MY_OTA_GUI/lvgl-8.3.0/src/draw/sw/lv_draw_sw_blend.c:878:13:map_blended	80	static
E:/ST/STM32/MY_workspace/Projects_F407/MY_OTA_GUI/lvgl-8.3.0/src/draw/sw/lv_draw_sw_blend.c:95:6:lv_draw_sw_blend	24	static
E:/ST/STM32/MY_workspace/Projects_F407/MY_OTA_GUI/lvgl-8.3.0/src/draw/sw/lv_draw_sw_blend.c:108:28:lv_draw_sw_blend_basic	80	static
