E:/ST/STM32/MY_workspace/Projects_F407/MY_OTA_GUI/lvgl-9.3.0/src/indev/lv_indev_scroll.c:618:13:scroll_limit_diff	8	static
E:/ST/STM32/MY_workspace/Projects_F407/MY_OTA_GUI/lvgl-9.3.0/src/indev/lv_indev_scroll.c:572:16:find_snap_point_y	64	static
E:/ST/STM32/MY_workspace/Projects_F407/MY_OTA_GUI/lvgl-9.3.0/src/indev/lv_indev_scroll.c:516:16:find_snap_point_x	64	static
E:/ST/STM32/MY_workspace/Projects_F407/MY_OTA_GUI/lvgl-9.3.0/src/indev/lv_indev_scroll.c:442:13:init_scroll_limits	24	static
E:/ST/STM32/MY_workspace/Projects_F407/MY_OTA_GUI/lvgl-9.3.0/src/indev/lv_indev_scroll.c:709:13:has_more_snap_points	40	static
E:/ST/STM32/MY_workspace/Projects_F407/MY_OTA_GUI/lvgl-9.3.0/src/indev/lv_indev_scroll.c:641:16:elastic_diff	32	static
E:/ST/STM32/MY_workspace/Projects_F407/MY_OTA_GUI/lvgl-9.3.0/src/indev/lv_indev_scroll.c:236:9:lv_indev_scroll_throw_predict	0	static
E:/ST/STM32/MY_workspace/Projects_F407/MY_OTA_GUI/lvgl-9.3.0/src/indev/lv_indev_scroll.c:124:6:lv_indev_scroll_throw_handler	40	static
E:/ST/STM32/MY_workspace/Projects_F407/MY_OTA_GUI/lvgl-9.3.0/src/indev/lv_indev_scroll.c:261:6:lv_indev_scroll_get_snap_dist	16	static
E:/ST/STM32/MY_workspace/Projects_F407/MY_OTA_GUI/lvgl-9.3.0/src/indev/lv_indev_scroll.c:267:12:lv_indev_find_scroll_obj	96	static
E:/ST/STM32/MY_workspace/Projects_F407/MY_OTA_GUI/lvgl-9.3.0/src/indev/lv_indev_scroll.c:47:6:lv_indev_scroll_handler	56	static
