E:/ST/STM32/MY_workspace/Projects_F407/MY_OTA_GUI/lvgl-9.3.0/src/indev/lv_indev.c:1604:13:indev_proc_reset_query_handler	0	static
E:/ST/STM32/MY_workspace/Projects_F407/MY_OTA_GUI/lvgl-9.3.0/src/indev/lv_indev.c:1755:13:indev_reset_check	0	static
E:/ST/STM32/MY_workspace/Projects_F407/MY_OTA_GUI/lvgl-9.3.0/src/indev/lv_indev.c:1769:13:indev_stop_processing_check	0	static
E:/ST/STM32/MY_workspace/Projects_F407/MY_OTA_GUI/lvgl-9.3.0/src/indev/lv_indev.c:1862:13:indev_scroll_throw_anim_completed_cb	0	static
E:/ST/STM32/MY_workspace/Projects_F407/MY_OTA_GUI/lvgl-9.3.0/src/indev/lv_indev.c:175:6:indev_read_core	16	static
E:/ST/STM32/MY_workspace/Projects_F407/MY_OTA_GUI/lvgl-9.3.0/src/indev/lv_indev.c:1846:13:indev_scroll_throw_anim_cb	8	static
E:/ST/STM32/MY_workspace/Projects_F407/MY_OTA_GUI/lvgl-9.3.0/src/indev/lv_indev.c:1632:13:indev_click_focus	16	static
E:/ST/STM32/MY_workspace/Projects_F407/MY_OTA_GUI/lvgl-9.3.0/src/indev/lv_indev.c:1869:13:indev_scroll_throw_anim_start	112	static
E:/ST/STM32/MY_workspace/Projects_F407/MY_OTA_GUI/lvgl-9.3.0/src/indev/lv_indev.c:116:14:lv_indev_create	8	static
E:/ST/STM32/MY_workspace/Projects_F407/MY_OTA_GUI/lvgl-9.3.0/src/indev/lv_indev.c:167:14:lv_indev_get_next	8	static
E:/ST/STM32/MY_workspace/Projects_F407/MY_OTA_GUI/lvgl-9.3.0/src/indev/lv_indev.c:279:6:lv_indev_enable	8	static
E:/ST/STM32/MY_workspace/Projects_F407/MY_OTA_GUI/lvgl-9.3.0/src/indev/lv_indev.c:293:14:lv_indev_active	0	static
E:/ST/STM32/MY_workspace/Projects_F407/MY_OTA_GUI/lvgl-9.3.0/src/indev/lv_indev.c:298:6:lv_indev_set_type	0	static
E:/ST/STM32/MY_workspace/Projects_F407/MY_OTA_GUI/lvgl-9.3.0/src/indev/lv_indev.c:306:6:lv_indev_set_read_cb	0	static
E:/ST/STM32/MY_workspace/Projects_F407/MY_OTA_GUI/lvgl-9.3.0/src/indev/lv_indev.c:313:6:lv_indev_set_user_data	0	static
E:/ST/STM32/MY_workspace/Projects_F407/MY_OTA_GUI/lvgl-9.3.0/src/indev/lv_indev.c:319:6:lv_indev_set_driver_data	0	static
E:/ST/STM32/MY_workspace/Projects_F407/MY_OTA_GUI/lvgl-9.3.0/src/indev/lv_indev.c:325:20:lv_indev_get_read_cb	0	static
E:/ST/STM32/MY_workspace/Projects_F407/MY_OTA_GUI/lvgl-9.3.0/src/indev/lv_indev.c:335:17:lv_indev_get_type	0	static
E:/ST/STM32/MY_workspace/Projects_F407/MY_OTA_GUI/lvgl-9.3.0/src/indev/lv_indev.c:342:18:lv_indev_get_state	0	static
E:/ST/STM32/MY_workspace/Projects_F407/MY_OTA_GUI/lvgl-9.3.0/src/indev/lv_indev.c:349:14:lv_indev_get_group	0	static
E:/ST/STM32/MY_workspace/Projects_F407/MY_OTA_GUI/lvgl-9.3.0/src/indev/lv_indev.c:356:16:lv_indev_get_display	0	static
E:/ST/STM32/MY_workspace/Projects_F407/MY_OTA_GUI/lvgl-9.3.0/src/indev/lv_indev.c:363:6:lv_indev_set_display	0	static
E:/ST/STM32/MY_workspace/Projects_F407/MY_OTA_GUI/lvgl-9.3.0/src/indev/lv_indev.c:370:6:lv_indev_set_long_press_time	0	static
E:/ST/STM32/MY_workspace/Projects_F407/MY_OTA_GUI/lvgl-9.3.0/src/indev/lv_indev.c:377:6:lv_indev_set_long_press_repeat_time	0	static
E:/ST/STM32/MY_workspace/Projects_F407/MY_OTA_GUI/lvgl-9.3.0/src/indev/lv_indev.c:384:6:lv_indev_set_scroll_limit	0	static
E:/ST/STM32/MY_workspace/Projects_F407/MY_OTA_GUI/lvgl-9.3.0/src/indev/lv_indev.c:391:6:lv_indev_set_scroll_throw	0	static
E:/ST/STM32/MY_workspace/Projects_F407/MY_OTA_GUI/lvgl-9.3.0/src/indev/lv_indev.c:398:8:lv_indev_get_user_data	0	static
E:/ST/STM32/MY_workspace/Projects_F407/MY_OTA_GUI/lvgl-9.3.0/src/indev/lv_indev.c:404:8:lv_indev_get_driver_data	0	static
E:/ST/STM32/MY_workspace/Projects_F407/MY_OTA_GUI/lvgl-9.3.0/src/indev/lv_indev.c:411:6:lv_indev_get_press_moved	0	static
E:/ST/STM32/MY_workspace/Projects_F407/MY_OTA_GUI/lvgl-9.3.0/src/indev/lv_indev.c:433:6:lv_indev_stop_processing	0	static
E:/ST/STM32/MY_workspace/Projects_F407/MY_OTA_GUI/lvgl-9.3.0/src/indev/lv_indev.c:439:6:lv_indev_reset_long_press	8	static
E:/ST/STM32/MY_workspace/Projects_F407/MY_OTA_GUI/lvgl-9.3.0/src/indev/lv_indev.c:446:6:lv_indev_set_cursor	16	static
E:/ST/STM32/MY_workspace/Projects_F407/MY_OTA_GUI/lvgl-9.3.0/src/indev/lv_indev.c:457:6:lv_indev_set_group	0	static
E:/ST/STM32/MY_workspace/Projects_F407/MY_OTA_GUI/lvgl-9.3.0/src/indev/lv_indev.c:464:6:lv_indev_set_button_points	0	static
E:/ST/STM32/MY_workspace/Projects_F407/MY_OTA_GUI/lvgl-9.3.0/src/indev/lv_indev.c:471:6:lv_indev_get_point	0	static
E:/ST/STM32/MY_workspace/Projects_F407/MY_OTA_GUI/lvgl-9.3.0/src/indev/lv_indev.c:487:10:lv_indev_get_gesture_dir	0	static
E:/ST/STM32/MY_workspace/Projects_F407/MY_OTA_GUI/lvgl-9.3.0/src/indev/lv_indev.c:492:10:lv_indev_get_key	0	static
E:/ST/STM32/MY_workspace/Projects_F407/MY_OTA_GUI/lvgl-9.3.0/src/indev/lv_indev.c:502:9:lv_indev_get_short_click_streak	0	static
E:/ST/STM32/MY_workspace/Projects_F407/MY_OTA_GUI/lvgl-9.3.0/src/indev/lv_indev.c:507:10:lv_indev_get_scroll_dir	0	static
E:/ST/STM32/MY_workspace/Projects_F407/MY_OTA_GUI/lvgl-9.3.0/src/indev/lv_indev.c:514:12:lv_indev_get_scroll_obj	0	static
E:/ST/STM32/MY_workspace/Projects_F407/MY_OTA_GUI/lvgl-9.3.0/src/indev/lv_indev.c:521:6:lv_indev_get_vect	0	static
E:/ST/STM32/MY_workspace/Projects_F407/MY_OTA_GUI/lvgl-9.3.0/src/indev/lv_indev.c:534:12:lv_indev_get_cursor	0	static
E:/ST/STM32/MY_workspace/Projects_F407/MY_OTA_GUI/lvgl-9.3.0/src/indev/lv_indev.c:540:6:lv_indev_wait_release	0	static
E:/ST/STM32/MY_workspace/Projects_F407/MY_OTA_GUI/lvgl-9.3.0/src/indev/lv_indev.c:546:12:lv_indev_get_active_obj	0	static
E:/ST/STM32/MY_workspace/Projects_F407/MY_OTA_GUI/lvgl-9.3.0/src/indev/lv_indev.c:551:14:lv_indev_get_read_timer	0	static
E:/ST/STM32/MY_workspace/Projects_F407/MY_OTA_GUI/lvgl-9.3.0/src/indev/lv_indev.c:561:17:lv_indev_get_mode	0	static
E:/ST/STM32/MY_workspace/Projects_F407/MY_OTA_GUI/lvgl-9.3.0/src/indev/lv_indev.c:567:6:lv_indev_set_mode	8	static
E:/ST/STM32/MY_workspace/Projects_F407/MY_OTA_GUI/lvgl-9.3.0/src/indev/lv_indev.c:585:12:lv_indev_search_obj	40	static
E:/ST/STM32/MY_workspace/Projects_F407/MY_OTA_GUI/lvgl-9.3.0/src/indev/lv_indev.c:1581:19:pointer_search_obj	16	static
E:/ST/STM32/MY_workspace/Projects_F407/MY_OTA_GUI/lvgl-9.3.0/src/indev/lv_indev.c:621:6:lv_indev_add_event_cb	8	static
E:/ST/STM32/MY_workspace/Projects_F407/MY_OTA_GUI/lvgl-9.3.0/src/indev/lv_indev.c:628:10:lv_indev_get_event_count	8	static
E:/ST/STM32/MY_workspace/Projects_F407/MY_OTA_GUI/lvgl-9.3.0/src/indev/lv_indev.c:634:18:lv_indev_get_event_dsc	8	static
E:/ST/STM32/MY_workspace/Projects_F407/MY_OTA_GUI/lvgl-9.3.0/src/indev/lv_indev.c:641:6:lv_indev_remove_event	8	static
E:/ST/STM32/MY_workspace/Projects_F407/MY_OTA_GUI/lvgl-9.3.0/src/indev/lv_indev.c:648:10:lv_indev_remove_event_cb_with_user_data	24	static
E:/ST/STM32/MY_workspace/Projects_F407/MY_OTA_GUI/lvgl-9.3.0/src/indev/lv_indev.c:667:13:lv_indev_send_event	56	static
E:/ST/STM32/MY_workspace/Projects_F407/MY_OTA_GUI/lvgl-9.3.0/src/indev/lv_indev.c:151:6:lv_indev_delete	8	static
E:/ST/STM32/MY_workspace/Projects_F407/MY_OTA_GUI/lvgl-9.3.0/src/indev/lv_indev.c:1819:20:send_event	16	static
E:/ST/STM32/MY_workspace/Projects_F407/MY_OTA_GUI/lvgl-9.3.0/src/indev/lv_indev.c:1547:13:indev_proc_pointer_diff	24	static
E:/ST/STM32/MY_workspace/Projects_F407/MY_OTA_GUI/lvgl-9.3.0/src/indev/lv_indev.c:1513:20:indev_proc_short_click	8	static
E:/ST/STM32/MY_workspace/Projects_F407/MY_OTA_GUI/lvgl-9.3.0/src/indev/lv_indev.c:763:13:indev_keypad_proc	24	static
E:/ST/STM32/MY_workspace/Projects_F407/MY_OTA_GUI/lvgl-9.3.0/src/indev/lv_indev.c:1700:6:indev_gesture	16	static
E:/ST/STM32/MY_workspace/Projects_F407/MY_OTA_GUI/lvgl-9.3.0/src/indev/lv_indev.c:1189:13:indev_proc_press	16	static
E:/ST/STM32/MY_workspace/Projects_F407/MY_OTA_GUI/lvgl-9.3.0/src/indev/lv_indev.c:1381:13:indev_proc_release	56	static
E:/ST/STM32/MY_workspace/Projects_F407/MY_OTA_GUI/lvgl-9.3.0/src/indev/lv_indev.c:695:13:indev_pointer_proc	16	static
E:/ST/STM32/MY_workspace/Projects_F407/MY_OTA_GUI/lvgl-9.3.0/src/indev/lv_indev.c:1136:13:indev_button_proc	24	static
E:/ST/STM32/MY_workspace/Projects_F407/MY_OTA_GUI/lvgl-9.3.0/src/indev/lv_indev.c:907:13:indev_encoder_proc	24	static
E:/ST/STM32/MY_workspace/Projects_F407/MY_OTA_GUI/lvgl-9.3.0/src/indev/lv_indev.c:211:6:lv_indev_read	72	static
E:/ST/STM32/MY_workspace/Projects_F407/MY_OTA_GUI/lvgl-9.3.0/src/indev/lv_indev.c:206:6:lv_indev_read_timer_cb	8	static
E:/ST/STM32/MY_workspace/Projects_F407/MY_OTA_GUI/lvgl-9.3.0/src/indev/lv_indev.c:1779:13:indev_reset_core	16	static
E:/ST/STM32/MY_workspace/Projects_F407/MY_OTA_GUI/lvgl-9.3.0/src/indev/lv_indev.c:418:6:lv_indev_reset	16	static
