E:/ST/STM32/MY_workspace/Projects_F407/MY_OTA_GUI/Core/Src/touch/ctiic.c:15:13:delay_us	0	static
E:/ST/STM32/MY_workspace/Projects_F407/MY_OTA_GUI/Core/Src/touch/ctiic.c:23:13:CT_SDA_OUT	0	static
E:/ST/STM32/MY_workspace/Projects_F407/MY_OTA_GUI/Core/Src/touch/ctiic.c:28:13:CT_SDA_IN	0	static
E:/ST/STM32/MY_workspace/Projects_F407/MY_OTA_GUI/Core/Src/touch/ctiic.c:41:13:CT_PUPD_SDA	0	static
E:/ST/STM32/MY_workspace/Projects_F407/MY_OTA_GUI/Core/Src/touch/ctiic.c:45:13:CT_PUPD_SCL	0	static
E:/ST/STM32/MY_workspace/Projects_F407/MY_OTA_GUI/Core/Src/touch/ctiic.c:50:6:CT_Delay	8	static
E:/ST/STM32/MY_workspace/Projects_F407/MY_OTA_GUI/Core/Src/touch/ctiic.c:55:6:CT_IIC_Init	16	static
E:/ST/STM32/MY_workspace/Projects_F407/MY_OTA_GUI/Core/Src/touch/ctiic.c:76:6:CT_IIC_Start	16	static
E:/ST/STM32/MY_workspace/Projects_F407/MY_OTA_GUI/Core/Src/touch/ctiic.c:88:6:CT_IIC_Stop	8	static
E:/ST/STM32/MY_workspace/Projects_F407/MY_OTA_GUI/Core/Src/touch/ctiic.c:99:9:CT_IIC_Wait_Ack	8	static
E:/ST/STM32/MY_workspace/Projects_F407/MY_OTA_GUI/Core/Src/touch/ctiic.c:114:6:CT_IIC_Ack	16	static
E:/ST/STM32/MY_workspace/Projects_F407/MY_OTA_GUI/Core/Src/touch/ctiic.c:125:6:CT_IIC_NAck	16	static
E:/ST/STM32/MY_workspace/Projects_F407/MY_OTA_GUI/Core/Src/touch/ctiic.c:137:6:CT_IIC_Send_Byte	16	static
E:/ST/STM32/MY_workspace/Projects_F407/MY_OTA_GUI/Core/Src/touch/ctiic.c:153:9:CT_IIC_Read_Byte	24	static
