E:/ST/STM32/MY_workspace/Projects_F407/MY_OTA_GUI/lvgl-9.3.0/src/themes/default/lv_theme_default.c:710:13:theme_apply	16	static
E:/ST/STM32/MY_workspace/Projects_F407/MY_OTA_GUI/lvgl-9.3.0/src/themes/default/../../../src/core/../misc/lv_style.h:551:20:lv_style_set_pad_gap	16	static
E:/ST/STM32/MY_workspace/Projects_F407/MY_OTA_GUI/lvgl-9.3.0/src/themes/default/../../../src/core/../misc/lv_style.h:539:20:lv_style_set_pad_hor	16	static
E:/ST/STM32/MY_workspace/Projects_F407/MY_OTA_GUI/lvgl-9.3.0/src/themes/default/../../../src/core/../misc/lv_style.h:545:20:lv_style_set_pad_ver	16	static
E:/ST/STM32/MY_workspace/Projects_F407/MY_OTA_GUI/lvgl-9.3.0/src/themes/default/../../../src/core/../misc/lv_style.h:531:20:lv_style_set_pad_all	16	static
E:/ST/STM32/MY_workspace/Projects_F407/MY_OTA_GUI/lvgl-9.3.0/src/themes/default/lv_theme_default.c:1207:13:style_init_reset	8	static
E:/ST/STM32/MY_workspace/Projects_F407/MY_OTA_GUI/lvgl-9.3.0/src/themes/default/lv_theme_default.c:197:13:style_init	80	static
E:/ST/STM32/MY_workspace/Projects_F407/MY_OTA_GUI/lvgl-9.3.0/src/themes/default/lv_theme_default.c:677:6:lv_theme_default_deinit	16	static
E:/ST/STM32/MY_workspace/Projects_F407/MY_OTA_GUI/lvgl-9.3.0/src/themes/default/lv_theme_default.c:703:6:lv_theme_default_is_inited	0	static
E:/ST/STM32/MY_workspace/Projects_F407/MY_OTA_GUI/lvgl-9.3.0/src/themes/default/lv_theme_default.c:624:14:lv_theme_default_init	40	static
E:/ST/STM32/MY_workspace/Projects_F407/MY_OTA_GUI/lvgl-9.3.0/src/themes/default/lv_theme_default.c:694:14:lv_theme_default_get	8	static
